Archive member included to satisfy reference by file (symbol)

/afs/eos.ncsu.edu/dist/riscv/bin/../lib/gcc/riscv64-unknown-elf/4.9.2/32/libgcc.a(div.o)
                              myClib.o (__udivsi3)

Memory Configuration

Name             Origin             Length             Attributes
ram              0x0000000000000000 0x0000000000010000 xrw
*default*        0x0000000000000000 0xffffffffffffffff

Linker script and memory map

LOAD init.o
LOAD init1.o
LOAD main.o
LOAD myClib.o
                0x0000000000010004                __console_addr = 0x10004

.text           0x0000000000000000      0xb78
                0x0000000000000000                PROVIDE (_stext, .)
 *(.init)
 .init          0x0000000000000000       0x10 init.o
 *(.init.*)
 .init.text0    0x0000000000000010       0x24 init1.o
                0x0000000000000010                textinit
 *(.text)
 .text          0x0000000000000034        0x0 init.o
 .text          0x0000000000000034        0x0 init1.o
 .text          0x0000000000000034      0x780 main.o
                0x0000000000000034                sort(unsigned int, unsigned int*, unsigned int*)
                0x0000000000000610                verify(int, int*, int*)
                0x000000000000074c                main
 .text          0x00000000000007b4      0x310 myClib.o
                0x00000000000007b4                write_char(char)
                0x0000000000000818                itoa(int, unsigned int, unsigned int, unsigned int, char*, unsigned int)
                0x0000000000000a28                write_string(char*)
 .text          0x0000000000000ac4       0xb4 /afs/eos.ncsu.edu/dist/riscv/bin/../lib/gcc/riscv64-unknown-elf/4.9.2/32/libgcc.a(div.o)
                0x0000000000000ac4                __divsi3
                0x0000000000000acc                __udivsi3
                0x0000000000000b14                __umodsi3
                0x0000000000000b48                __modsi3
                0x0000000000000b78                PROVIDE (_etext, .)

.vector         0x0000000000000b78        0x8
                0x0000000000000b78                . = ALIGN (0x4)
                0x0000000000000b78                PROVIDE (_svector, .)
 *(.vector*)
 .vector_section
                0x0000000000000b78        0x8 init1.o
                0x0000000000000b78                vector
                0x0000000000000b80                . = ALIGN (0x4)
                0x0000000000000b80                PROVIDE (_evector, .)

.rodata         0x0000000000000b80       0x14
                0x0000000000000b80                . = ALIGN (0x4)
                0x0000000000000b80                PROVIDE (_srodata, .)
 *(.rodata)
 .rodata        0x0000000000000b80       0x14 main.o
 *(.rodata.*)
                0x0000000000000b94                . = ALIGN (0x4)
                0x0000000000000b94                PROVIDE (_erodata, .)

.eh_frame       0x0000000000000b94       0xf0
 .eh_frame      0x0000000000000b94       0x34 init1.o
 .eh_frame      0x0000000000000bc8       0x60 main.o
                                         0x74 (size before relaxing)
 .eh_frame      0x0000000000000c28       0x5c myClib.o
                                         0x70 (size before relaxing)

.rela.dyn       0x0000000000000c84        0x0
 .rela.init     0x0000000000000c84        0x0 init.o
 .rela.vector_section
                0x0000000000000c84        0x0 init.o
 .rela.init.text0
                0x0000000000000c84        0x0 init.o
 .rela.text     0x0000000000000c84        0x0 init.o

.data           0x0000000000000c84     0x4000
                0x0000000000000c84                . = ALIGN (0x4)
                0x0000000000000c84                PROVIDE (_sdata, .)
 *(.data*)
 .data          0x0000000000000c84        0x0 init.o
 .data          0x0000000000000c84        0x0 init1.o
 .data          0x0000000000000c84     0x4000 main.o
                0x0000000000000c84                input_data
                0x0000000000002c84                verify_data
 .data          0x0000000000004c84        0x0 myClib.o
 .data          0x0000000000004c84        0x0 /afs/eos.ncsu.edu/dist/riscv/bin/../lib/gcc/riscv64-unknown-elf/4.9.2/32/libgcc.a(div.o)
                0x0000000000004c84                . = ALIGN (0x4)
                0x0000000000004c84                PROVIDE (_edata, .)

.bss            0x0000000000004c84     0x2000
                0x0000000000004c84                . = ALIGN (0x4)
                0x0000000000004c84                PROVIDE (_sbss, .)
 *(.bss*)
 .bss           0x0000000000004c84        0x0 init.o
 .bss           0x0000000000004c84        0x0 init1.o
 .bss           0x0000000000004c84     0x2000 main.o
 .bss           0x0000000000006c84        0x0 myClib.o
 .bss           0x0000000000006c84        0x0 /afs/eos.ncsu.edu/dist/riscv/bin/../lib/gcc/riscv64-unknown-elf/4.9.2/32/libgcc.a(div.o)
                0x0000000000006c84                . = ALIGN (0x4)
                0x0000000000006c84                PROVIDE (_ebss, .)
                0x000000000000fffc                PROVIDE (__sp, ((ORIGIN (ram) + 0x10000) - 0x4))
LOAD /afs/eos.ncsu.edu/dist/riscv/bin/../lib/gcc/riscv64-unknown-elf/4.9.2/32/libgcc.a
OUTPUT(exe elf32-littleriscv)

.comment        0x0000000000000000       0x11
 .comment       0x0000000000000000       0x11 init1.o
                                         0x12 (size before relaxing)
 .comment       0x0000000000000011       0x12 main.o
 .comment       0x0000000000000011       0x12 myClib.o
