Archive member included to satisfy reference by file (symbol)

/afs/eos.ncsu.edu/dist/riscv/bin/../lib/gcc/riscv64-unknown-elf/4.9.2/32/libgcc.a(dp-bit.o)
                              main.o (__adddf3)
/afs/eos.ncsu.edu/dist/riscv/bin/../lib/gcc/riscv64-unknown-elf/4.9.2/32/libgcc.a(div.o)
                              myClib.o (__udivsi3)
/afs/eos.ncsu.edu/dist/riscv/bin/../lib/gcc/riscv64-unknown-elf/4.9.2/32/libgcc.a(_clzsi2.o)
                              /afs/eos.ncsu.edu/dist/riscv/bin/../lib/gcc/riscv64-unknown-elf/4.9.2/32/libgcc.a(dp-bit.o) (__clzsi2)
/afs/eos.ncsu.edu/dist/riscv/bin/../lib/gcc/riscv64-unknown-elf/4.9.2/32/libgcc.a(fp-bit.o)
                              /afs/eos.ncsu.edu/dist/riscv/bin/../lib/gcc/riscv64-unknown-elf/4.9.2/32/libgcc.a(dp-bit.o) (__make_fp)
/afs/eos.ncsu.edu/dist/riscv/bin/../lib/gcc/riscv64-unknown-elf/4.9.2/32/libgcc.a(_clz.o)
                              /afs/eos.ncsu.edu/dist/riscv/bin/../lib/gcc/riscv64-unknown-elf/4.9.2/32/libgcc.a(_clzsi2.o) (__clz_tab)

Memory Configuration

Name             Origin             Length             Attributes
ram              0x0000000000000000 0x0000000000010000 xrw
*default*        0x0000000000000000 0xffffffffffffffff

Linker script and memory map

LOAD init.o
LOAD init1.o
LOAD main.o
LOAD myClib.o
                0x0000000000010004                __console_addr = 0x10004

.text           0x0000000000000000     0x2960
                0x0000000000000000                PROVIDE (_stext, .)
 *(.init)
 .init          0x0000000000000000       0x10 init.o
 *(.init.*)
 .init.text0    0x0000000000000010       0x24 init1.o
                0x0000000000000010                textinit
 *(.text)
 .text          0x0000000000000034        0x0 init.o
 .text          0x0000000000000034        0x0 init1.o
 .text          0x0000000000000034      0x664 main.o
                0x0000000000000034                spmv(int, double const*, int const*, double const*, int const*, double*)
                0x000000000000044c                verifyDouble(int, double*, double*)
                0x00000000000005e8                main
 .text          0x0000000000000698      0x310 myClib.o
                0x0000000000000698                write_char(char)
                0x00000000000006fc                itoa(int, unsigned int, unsigned int, unsigned int, char*, unsigned int)
                0x000000000000090c                write_string(char*)
 .text          0x00000000000009a8     0x1170 /afs/eos.ncsu.edu/dist/riscv/bin/../lib/gcc/riscv64-unknown-elf/4.9.2/32/libgcc.a(dp-bit.o)
                0x0000000000000cf8                __pack_d
                0x0000000000000f40                __unpack_d
                0x000000000000105c                __adddf3
                0x00000000000010a4                __subdf3
                0x00000000000010f8                __muldf3
                0x0000000000001348                __divdf3
                0x00000000000014e4                __fpcmp_parts_d
                0x00000000000015cc                __cmpdf2
                0x000000000000160c                __eqdf2
                0x0000000000001660                __nedf2
                0x00000000000016b4                __gtdf2
                0x000000000000170c                __gedf2
                0x0000000000001764                __ltdf2
                0x00000000000017b8                __ledf2
                0x000000000000180c                __unorddf2
                0x0000000000001854                __floatsidf
                0x0000000000001914                __floatunsidf
                0x000000000000199c                __fixdfsi
                0x0000000000001a5c                __negdf2
                0x0000000000001a94                __make_dp
                0x0000000000001ac4                __truncdfsf2
 .text          0x0000000000001b18       0xb4 /afs/eos.ncsu.edu/dist/riscv/bin/../lib/gcc/riscv64-unknown-elf/4.9.2/32/libgcc.a(div.o)
                0x0000000000001b18                __divsi3
                0x0000000000001b20                __udivsi3
                0x0000000000001b68                __umodsi3
                0x0000000000001b9c                __modsi3
 .text          0x0000000000001bcc       0x70 /afs/eos.ncsu.edu/dist/riscv/bin/../lib/gcc/riscv64-unknown-elf/4.9.2/32/libgcc.a(_clzsi2.o)
                0x0000000000001bcc                __clzsi2
 .text          0x0000000000001c3c      0xd24 /afs/eos.ncsu.edu/dist/riscv/bin/../lib/gcc/riscv64-unknown-elf/4.9.2/32/libgcc.a(fp-bit.o)
                0x0000000000001e04                __pack_f
                0x0000000000001f64                __unpack_f
                0x0000000000002038                __addsf3
                0x0000000000002080                __subsf3
                0x00000000000020d4                __mulsf3
                0x0000000000002268                __divsf3
                0x0000000000002390                __fpcmp_parts_f
                0x0000000000002464                __cmpsf2
                0x00000000000024a4                __eqsf2
                0x00000000000024f8                __nesf2
                0x000000000000254c                __gtsf2
                0x00000000000025a4                __gesf2
                0x00000000000025fc                __ltsf2
                0x0000000000002650                __lesf2
                0x00000000000026a4                __unordsf2
                0x00000000000026ec                __floatsisf
                0x0000000000002794                __floatunsisf
                0x0000000000002828                __fixsfsi
                0x00000000000028bc                __negsf2
                0x00000000000028f4                __make_fp
                0x0000000000002920                __extendsfdf2
 .text          0x0000000000002960        0x0 /afs/eos.ncsu.edu/dist/riscv/bin/../lib/gcc/riscv64-unknown-elf/4.9.2/32/libgcc.a(_clz.o)
                0x0000000000002960                PROVIDE (_etext, .)

.vector         0x0000000000002960        0x8
                0x0000000000002960                . = ALIGN (0x4)
                0x0000000000002960                PROVIDE (_svector, .)
 *(.vector*)
 .vector_section
                0x0000000000002960        0x8 init1.o
                0x0000000000002960                vector
                0x0000000000002968                . = ALIGN (0x4)
                0x0000000000002968                PROVIDE (_evector, .)

.rodata         0x0000000000002968     0x98d0
                0x0000000000002968                . = ALIGN (0x4)
                0x0000000000002968                PROVIDE (_srodata, .)
 *(.rodata)
 .rodata        0x0000000000002968     0x97a8 main.o
 .rodata        0x000000000000c110       0x18 /afs/eos.ncsu.edu/dist/riscv/bin/../lib/gcc/riscv64-unknown-elf/4.9.2/32/libgcc.a(dp-bit.o)
                0x000000000000c110                __thenan_df
 .rodata        0x000000000000c128       0x10 /afs/eos.ncsu.edu/dist/riscv/bin/../lib/gcc/riscv64-unknown-elf/4.9.2/32/libgcc.a(fp-bit.o)
                0x000000000000c128                __thenan_sf
 .rodata        0x000000000000c138      0x100 /afs/eos.ncsu.edu/dist/riscv/bin/../lib/gcc/riscv64-unknown-elf/4.9.2/32/libgcc.a(_clz.o)
                0x000000000000c138                __clz_tab
 *(.rodata.*)
                0x000000000000c238                . = ALIGN (0x4)
                0x000000000000c238                PROVIDE (_erodata, .)

.eh_frame       0x000000000000c238      0x520
 .eh_frame      0x000000000000c238       0x34 init1.o
 .eh_frame      0x000000000000c26c       0x6c main.o
                                         0x80 (size before relaxing)
 .eh_frame      0x000000000000c2d8       0x5c myClib.o
                                         0x70 (size before relaxing)
 .eh_frame      0x000000000000c334      0x208 /afs/eos.ncsu.edu/dist/riscv/bin/../lib/gcc/riscv64-unknown-elf/4.9.2/32/libgcc.a(dp-bit.o)
                                        0x21c (size before relaxing)
 .eh_frame      0x000000000000c53c       0x14 /afs/eos.ncsu.edu/dist/riscv/bin/../lib/gcc/riscv64-unknown-elf/4.9.2/32/libgcc.a(_clzsi2.o)
                                         0x28 (size before relaxing)
 .eh_frame      0x000000000000c550      0x208 /afs/eos.ncsu.edu/dist/riscv/bin/../lib/gcc/riscv64-unknown-elf/4.9.2/32/libgcc.a(fp-bit.o)
                                        0x21c (size before relaxing)

.srodata.cst8   0x000000000000c758        0x8
 .srodata.cst8  0x000000000000c758        0x8 /afs/eos.ncsu.edu/dist/riscv/bin/../lib/gcc/riscv64-unknown-elf/4.9.2/32/libgcc.a(dp-bit.o)

.srodata.cst4   0x000000000000c760        0x4
 .srodata.cst4  0x000000000000c760        0x4 /afs/eos.ncsu.edu/dist/riscv/bin/../lib/gcc/riscv64-unknown-elf/4.9.2/32/libgcc.a(fp-bit.o)

.rela.dyn       0x000000000000c764        0x0
 .rela.init     0x000000000000c764        0x0 init.o
 .rela.vector_section
                0x000000000000c764        0x0 init.o
 .rela.init.text0
                0x000000000000c764        0x0 init.o
 .rela.text     0x000000000000c764        0x0 init.o

.data           0x000000000000c764        0x0
                0x000000000000c764                . = ALIGN (0x4)
                0x000000000000c764                PROVIDE (_sdata, .)
 *(.data*)
 .data          0x000000000000c764        0x0 init.o
 .data          0x000000000000c764        0x0 init1.o
 .data          0x000000000000c764        0x0 main.o
 .data          0x000000000000c764        0x0 myClib.o
 .data          0x000000000000c764        0x0 /afs/eos.ncsu.edu/dist/riscv/bin/../lib/gcc/riscv64-unknown-elf/4.9.2/32/libgcc.a(dp-bit.o)
 .data          0x000000000000c764        0x0 /afs/eos.ncsu.edu/dist/riscv/bin/../lib/gcc/riscv64-unknown-elf/4.9.2/32/libgcc.a(div.o)
 .data          0x000000000000c764        0x0 /afs/eos.ncsu.edu/dist/riscv/bin/../lib/gcc/riscv64-unknown-elf/4.9.2/32/libgcc.a(_clzsi2.o)
 .data          0x000000000000c764        0x0 /afs/eos.ncsu.edu/dist/riscv/bin/../lib/gcc/riscv64-unknown-elf/4.9.2/32/libgcc.a(fp-bit.o)
 .data          0x000000000000c764        0x0 /afs/eos.ncsu.edu/dist/riscv/bin/../lib/gcc/riscv64-unknown-elf/4.9.2/32/libgcc.a(_clz.o)
                0x000000000000c764                . = ALIGN (0x4)
                0x000000000000c764                PROVIDE (_edata, .)

.bss            0x000000000000c764        0x0
                0x000000000000c764                . = ALIGN (0x4)
                0x000000000000c764                PROVIDE (_sbss, .)
 *(.bss*)
 .bss           0x000000000000c764        0x0 init.o
 .bss           0x000000000000c764        0x0 init1.o
 .bss           0x000000000000c764        0x0 main.o
 .bss           0x000000000000c764        0x0 myClib.o
 .bss           0x000000000000c764        0x0 /afs/eos.ncsu.edu/dist/riscv/bin/../lib/gcc/riscv64-unknown-elf/4.9.2/32/libgcc.a(dp-bit.o)
 .bss           0x000000000000c764        0x0 /afs/eos.ncsu.edu/dist/riscv/bin/../lib/gcc/riscv64-unknown-elf/4.9.2/32/libgcc.a(div.o)
 .bss           0x000000000000c764        0x0 /afs/eos.ncsu.edu/dist/riscv/bin/../lib/gcc/riscv64-unknown-elf/4.9.2/32/libgcc.a(_clzsi2.o)
 .bss           0x000000000000c764        0x0 /afs/eos.ncsu.edu/dist/riscv/bin/../lib/gcc/riscv64-unknown-elf/4.9.2/32/libgcc.a(fp-bit.o)
 .bss           0x000000000000c764        0x0 /afs/eos.ncsu.edu/dist/riscv/bin/../lib/gcc/riscv64-unknown-elf/4.9.2/32/libgcc.a(_clz.o)
                0x000000000000c764                . = ALIGN (0x4)
                0x000000000000c764                PROVIDE (_ebss, .)
                0x000000000000fffc                PROVIDE (__sp, ((ORIGIN (ram) + 0x10000) - 0x4))
LOAD /afs/eos.ncsu.edu/dist/riscv/bin/../lib/gcc/riscv64-unknown-elf/4.9.2/32/libgcc.a
OUTPUT(exe elf32-littleriscv)

.comment        0x0000000000000000       0x11
 .comment       0x0000000000000000       0x11 init1.o
                                         0x12 (size before relaxing)
 .comment       0x0000000000000011       0x12 main.o
 .comment       0x0000000000000011       0x12 myClib.o
 .comment       0x0000000000000011       0x12 /afs/eos.ncsu.edu/dist/riscv/bin/../lib/gcc/riscv64-unknown-elf/4.9.2/32/libgcc.a(dp-bit.o)
 .comment       0x0000000000000011       0x12 /afs/eos.ncsu.edu/dist/riscv/bin/../lib/gcc/riscv64-unknown-elf/4.9.2/32/libgcc.a(_clzsi2.o)
 .comment       0x0000000000000011       0x12 /afs/eos.ncsu.edu/dist/riscv/bin/../lib/gcc/riscv64-unknown-elf/4.9.2/32/libgcc.a(fp-bit.o)
 .comment       0x0000000000000011       0x12 /afs/eos.ncsu.edu/dist/riscv/bin/../lib/gcc/riscv64-unknown-elf/4.9.2/32/libgcc.a(_clz.o)

.debug_info     0x0000000000000000     0x278d
 .debug_info    0x0000000000000000     0x1358 /afs/eos.ncsu.edu/dist/riscv/bin/../lib/gcc/riscv64-unknown-elf/4.9.2/32/libgcc.a(dp-bit.o)
 .debug_info    0x0000000000001358      0x11d /afs/eos.ncsu.edu/dist/riscv/bin/../lib/gcc/riscv64-unknown-elf/4.9.2/32/libgcc.a(_clzsi2.o)
 .debug_info    0x0000000000001475     0x126d /afs/eos.ncsu.edu/dist/riscv/bin/../lib/gcc/riscv64-unknown-elf/4.9.2/32/libgcc.a(fp-bit.o)
 .debug_info    0x00000000000026e2       0xab /afs/eos.ncsu.edu/dist/riscv/bin/../lib/gcc/riscv64-unknown-elf/4.9.2/32/libgcc.a(_clz.o)

.debug_abbrev   0x0000000000000000      0x7fb
 .debug_abbrev  0x0000000000000000      0x36f /afs/eos.ncsu.edu/dist/riscv/bin/../lib/gcc/riscv64-unknown-elf/4.9.2/32/libgcc.a(dp-bit.o)
 .debug_abbrev  0x000000000000036f       0xbe /afs/eos.ncsu.edu/dist/riscv/bin/../lib/gcc/riscv64-unknown-elf/4.9.2/32/libgcc.a(_clzsi2.o)
 .debug_abbrev  0x000000000000042d      0x371 /afs/eos.ncsu.edu/dist/riscv/bin/../lib/gcc/riscv64-unknown-elf/4.9.2/32/libgcc.a(fp-bit.o)
 .debug_abbrev  0x000000000000079e       0x5d /afs/eos.ncsu.edu/dist/riscv/bin/../lib/gcc/riscv64-unknown-elf/4.9.2/32/libgcc.a(_clz.o)

.debug_loc      0x0000000000000000     0x2a50
 .debug_loc     0x0000000000000000     0x1994 /afs/eos.ncsu.edu/dist/riscv/bin/../lib/gcc/riscv64-unknown-elf/4.9.2/32/libgcc.a(dp-bit.o)
 .debug_loc     0x0000000000001994       0x57 /afs/eos.ncsu.edu/dist/riscv/bin/../lib/gcc/riscv64-unknown-elf/4.9.2/32/libgcc.a(_clzsi2.o)
 .debug_loc     0x00000000000019eb     0x1065 /afs/eos.ncsu.edu/dist/riscv/bin/../lib/gcc/riscv64-unknown-elf/4.9.2/32/libgcc.a(fp-bit.o)

.debug_aranges  0x0000000000000000       0x78
 .debug_aranges
                0x0000000000000000       0x20 /afs/eos.ncsu.edu/dist/riscv/bin/../lib/gcc/riscv64-unknown-elf/4.9.2/32/libgcc.a(dp-bit.o)
 .debug_aranges
                0x0000000000000020       0x20 /afs/eos.ncsu.edu/dist/riscv/bin/../lib/gcc/riscv64-unknown-elf/4.9.2/32/libgcc.a(_clzsi2.o)
 .debug_aranges
                0x0000000000000040       0x20 /afs/eos.ncsu.edu/dist/riscv/bin/../lib/gcc/riscv64-unknown-elf/4.9.2/32/libgcc.a(fp-bit.o)
 .debug_aranges
                0x0000000000000060       0x18 /afs/eos.ncsu.edu/dist/riscv/bin/../lib/gcc/riscv64-unknown-elf/4.9.2/32/libgcc.a(_clz.o)

.debug_ranges   0x0000000000000000      0x1e0
 .debug_ranges  0x0000000000000000       0xf8 /afs/eos.ncsu.edu/dist/riscv/bin/../lib/gcc/riscv64-unknown-elf/4.9.2/32/libgcc.a(dp-bit.o)
 .debug_ranges  0x00000000000000f8       0x18 /afs/eos.ncsu.edu/dist/riscv/bin/../lib/gcc/riscv64-unknown-elf/4.9.2/32/libgcc.a(_clzsi2.o)
 .debug_ranges  0x0000000000000110       0xd0 /afs/eos.ncsu.edu/dist/riscv/bin/../lib/gcc/riscv64-unknown-elf/4.9.2/32/libgcc.a(fp-bit.o)

.debug_line     0x0000000000000000     0x23f6
 .debug_line    0x0000000000000000     0x11b5 /afs/eos.ncsu.edu/dist/riscv/bin/../lib/gcc/riscv64-unknown-elf/4.9.2/32/libgcc.a(dp-bit.o)
 .debug_line    0x00000000000011b5      0x15d /afs/eos.ncsu.edu/dist/riscv/bin/../lib/gcc/riscv64-unknown-elf/4.9.2/32/libgcc.a(_clzsi2.o)
 .debug_line    0x0000000000001312     0x1058 /afs/eos.ncsu.edu/dist/riscv/bin/../lib/gcc/riscv64-unknown-elf/4.9.2/32/libgcc.a(fp-bit.o)
 .debug_line    0x000000000000236a       0x8c /afs/eos.ncsu.edu/dist/riscv/bin/../lib/gcc/riscv64-unknown-elf/4.9.2/32/libgcc.a(_clz.o)

.debug_str      0x0000000000000000      0x568
 .debug_str     0x0000000000000000      0x3ef /afs/eos.ncsu.edu/dist/riscv/bin/../lib/gcc/riscv64-unknown-elf/4.9.2/32/libgcc.a(dp-bit.o)
                                        0x443 (size before relaxing)
 .debug_str     0x00000000000003ef       0x88 /afs/eos.ncsu.edu/dist/riscv/bin/../lib/gcc/riscv64-unknown-elf/4.9.2/32/libgcc.a(_clzsi2.o)
                                        0x1e9 (size before relaxing)
 .debug_str     0x0000000000000477       0xf1 /afs/eos.ncsu.edu/dist/riscv/bin/../lib/gcc/riscv64-unknown-elf/4.9.2/32/libgcc.a(fp-bit.o)
                                        0x41b (size before relaxing)
 .debug_str     0x0000000000000568      0x1cc /afs/eos.ncsu.edu/dist/riscv/bin/../lib/gcc/riscv64-unknown-elf/4.9.2/32/libgcc.a(_clz.o)
