Archive member included to satisfy reference by file (symbol)

/opt/riscv/lib/gcc/riscv64-unknown-elf/10.1.0/rv32i/ilp32/libgcc.a(div.o)
                              myClib.o (__udivsi3)

Memory Configuration

Name             Origin             Length             Attributes
ram              0x0000000000000000 0x0000000000010000 xrw
*default*        0x0000000000000000 0xffffffffffffffff

Linker script and memory map

LOAD init.o
LOAD init1.o
LOAD main.o
LOAD myClib.o
                0x0000000000010004                __console_addr = 0x10004

.text           0x0000000000000000      0xf2c
                [!provide]                        PROVIDE (_stext = .)
 *(.init)
 .init          0x0000000000000000       0x10 init.o
 *(.init.*)
 .init.text0    0x0000000000000010       0x28 init1.o
                0x0000000000000010                textinit
 *(.text)
 .text          0x0000000000000038        0x0 init.o
 .text          0x0000000000000038        0x0 init1.o
 .text          0x0000000000000038      0x6ec main.o
                0x00000000000001d0                sort(unsigned int, int*)
                0x0000000000000590                verify(int, int*, int*)
                0x00000000000006c4                main
 .text          0x0000000000000724      0x754 myClib.o
                0x0000000000000724                write_char(char)
                0x0000000000000788                write_string(char*)
                0x0000000000000824                _putc(int, int volatile*)
                0x0000000000000858                _puts(char*, unsigned int, int volatile*)
                0x00000000000008c8                _strlen(char const*)
                0x0000000000000914                itoa(int, unsigned int, unsigned int, unsigned int, char*, unsigned int)
                0x0000000000000b28                printf_impl(int volatile*, char const*, void*)
                0x0000000000000d8c                addr_printf(int volatile*, char const*, ...)
                0x0000000000000e00                _printf(char const*, ...)
 .text          0x0000000000000e78       0xb4 /opt/riscv/lib/gcc/riscv64-unknown-elf/10.1.0/rv32i/ilp32/libgcc.a(div.o)
                0x0000000000000e78                __divsi3
                0x0000000000000e80                __udivsi3
                0x0000000000000ec8                __umodsi3
                0x0000000000000efc                __modsi3
                [!provide]                        PROVIDE (_etext = .)

.vector         0x0000000000000f2c        0x8
                0x0000000000000f2c                . = ALIGN (0x4)
                [!provide]                        PROVIDE (_svector = .)
 *(.vector*)
 .vector_section
                0x0000000000000f2c        0x8 init1.o
                0x0000000000000f2c                vector
                0x0000000000000f34                . = ALIGN (0x4)
                [!provide]                        PROVIDE (_evector = .)

.rodata         0x0000000000000f34       0x98
                0x0000000000000f34                . = ALIGN (0x4)
                [!provide]                        PROVIDE (_srodata = .)
 *(.rodata)
 .rodata        0x0000000000000f34       0x14 main.o
 .rodata        0x0000000000000f48       0x84 myClib.o
 *(.rodata.*)
                0x0000000000000fcc                . = ALIGN (0x4)
                [!provide]                        PROVIDE (_erodata = .)

.eh_frame       0x0000000000000fcc      0x264
 .eh_frame      0x0000000000000fcc       0x3c init1.o
 .eh_frame      0x0000000000001008       0xc8 main.o
                                         0xdc (size before relaxing)
 .eh_frame      0x00000000000010d0      0x160 myClib.o
                                        0x174 (size before relaxing)

.rela.dyn       0x0000000000001230        0x0
 .rela.init     0x0000000000001230        0x0 init.o
 .rela.vector_section
                0x0000000000001230        0x0 init.o
 .rela.text     0x0000000000001230        0x0 init.o

.data           0x0000000000001230     0x4000
                0x0000000000001230                . = ALIGN (0x4)
                [!provide]                        PROVIDE (_sdata = .)
 *(.data*)
 .data          0x0000000000001230        0x0 init.o
 .data          0x0000000000001230        0x0 init1.o
 .data          0x0000000000001230     0x4000 main.o
                0x0000000000001230                input_data
                0x0000000000003230                verify_data
 .data          0x0000000000005230        0x0 myClib.o
 .data          0x0000000000005230        0x0 /opt/riscv/lib/gcc/riscv64-unknown-elf/10.1.0/rv32i/ilp32/libgcc.a(div.o)
                0x0000000000005230                . = ALIGN (0x4)
                [!provide]                        PROVIDE (_edata = .)

.bss            0x0000000000005230        0x0
                0x0000000000005230                . = ALIGN (0x4)
                [!provide]                        PROVIDE (_sbss = .)
 *(.bss*)
 .bss           0x0000000000005230        0x0 init.o
 .bss           0x0000000000005230        0x0 init1.o
 .bss           0x0000000000005230        0x0 main.o
 .bss           0x0000000000005230        0x0 myClib.o
 .bss           0x0000000000005230        0x0 /opt/riscv/lib/gcc/riscv64-unknown-elf/10.1.0/rv32i/ilp32/libgcc.a(div.o)
                0x0000000000005230                . = ALIGN (0x4)
                [!provide]                        PROVIDE (_ebss = .)
                0x000000000000fffc                PROVIDE (__sp = ((ORIGIN (ram) + LENGTH (ram)) - 0x4))
LOAD /opt/riscv/lib/gcc/riscv64-unknown-elf/10.1.0/rv32i/ilp32/libgcc.a
OUTPUT(exe elf32-littleriscv)

.riscv.attributes
                0x0000000000000000       0x1c
 .riscv.attributes
                0x0000000000000000       0x1a init.o
 .riscv.attributes
                0x000000000000001a       0x1c init1.o
 .riscv.attributes
                0x0000000000000036       0x1c main.o
 .riscv.attributes
                0x0000000000000052       0x1c myClib.o
 .riscv.attributes
                0x000000000000006e       0x1a /opt/riscv/lib/gcc/riscv64-unknown-elf/10.1.0/rv32i/ilp32/libgcc.a(div.o)

.comment        0x0000000000000000       0x12
 .comment       0x0000000000000000       0x12 init1.o
                                         0x13 (size before relaxing)
 .comment       0x0000000000000012       0x13 main.o
 .comment       0x0000000000000012       0x13 myClib.o

.debug_line     0x0000000000000000      0x16e
 .debug_line    0x0000000000000000      0x16e /opt/riscv/lib/gcc/riscv64-unknown-elf/10.1.0/rv32i/ilp32/libgcc.a(div.o)

.debug_info     0x0000000000000000       0x26
 .debug_info    0x0000000000000000       0x26 /opt/riscv/lib/gcc/riscv64-unknown-elf/10.1.0/rv32i/ilp32/libgcc.a(div.o)

.debug_abbrev   0x0000000000000000       0x14
 .debug_abbrev  0x0000000000000000       0x14 /opt/riscv/lib/gcc/riscv64-unknown-elf/10.1.0/rv32i/ilp32/libgcc.a(div.o)

.debug_aranges  0x0000000000000000       0x20
 .debug_aranges
                0x0000000000000000       0x20 /opt/riscv/lib/gcc/riscv64-unknown-elf/10.1.0/rv32i/ilp32/libgcc.a(div.o)

.debug_str      0x0000000000000000       0x9a
 .debug_str     0x0000000000000000       0x9a /opt/riscv/lib/gcc/riscv64-unknown-elf/10.1.0/rv32i/ilp32/libgcc.a(div.o)
