Archive member included to satisfy reference by file (symbol)

/opt/riscv/lib/gcc/riscv64-unknown-elf/10.1.0/rv32i/ilp32/libgcc.a(div.o)
                              myClib.o (__udivsi3)

Memory Configuration

Name             Origin             Length             Attributes
ram              0x0000000000000000 0x0000000000010000 xrw
*default*        0x0000000000000000 0xffffffffffffffff

Linker script and memory map

LOAD init.o
LOAD init1.o
LOAD main.o
LOAD myClib.o
                0x0000000000010004                __console_addr = 0x10004

.text           0x0000000000000000      0xaec
                [!provide]                        PROVIDE (_stext = .)
 *(.init)
 .init          0x0000000000000000       0x10 init.o
 *(.init.*)
 .init.text0    0x0000000000000010       0x28 init1.o
                0x0000000000000010                textinit
 *(.text)
 .text          0x0000000000000038        0x0 init.o
 .text          0x0000000000000038        0x0 init1.o
 .text          0x0000000000000038      0x6ec main.o
                0x00000000000001d0                sort(unsigned int, int*)
                0x0000000000000590                verify(int, int*, int*)
                0x00000000000006c4                main
 .text          0x0000000000000724      0x314 myClib.o
                0x0000000000000724                write_char(char)
                0x0000000000000788                itoa(int, unsigned int, unsigned int, unsigned int, char*, unsigned int)
                0x000000000000099c                write_string(char*)
 .text          0x0000000000000a38       0xb4 /opt/riscv/lib/gcc/riscv64-unknown-elf/10.1.0/rv32i/ilp32/libgcc.a(div.o)
                0x0000000000000a38                __divsi3
                0x0000000000000a40                __udivsi3
                0x0000000000000a88                __umodsi3
                0x0000000000000abc                __modsi3
                [!provide]                        PROVIDE (_etext = .)

.vector         0x0000000000000aec        0x8
                0x0000000000000aec                . = ALIGN (0x4)
                [!provide]                        PROVIDE (_svector = .)
 *(.vector*)
 .vector_section
                0x0000000000000aec        0x8 init1.o
                0x0000000000000aec                vector
                0x0000000000000af4                . = ALIGN (0x4)
                [!provide]                        PROVIDE (_evector = .)

.rodata         0x0000000000000af4       0x14
                0x0000000000000af4                . = ALIGN (0x4)
                [!provide]                        PROVIDE (_srodata = .)
 *(.rodata)
 .rodata        0x0000000000000af4       0x14 main.o
 *(.rodata.*)
                0x0000000000000b08                . = ALIGN (0x4)
                [!provide]                        PROVIDE (_erodata = .)

.eh_frame       0x0000000000000b08      0x17c
 .eh_frame      0x0000000000000b08       0x3c init1.o
 .eh_frame      0x0000000000000b44       0xc8 main.o
                                         0xdc (size before relaxing)
 .eh_frame      0x0000000000000c0c       0x78 myClib.o
                                         0x8c (size before relaxing)

.rela.dyn       0x0000000000000c84        0x0
 .rela.init     0x0000000000000c84        0x0 init.o
 .rela.vector_section
                0x0000000000000c84        0x0 init.o
 .rela.text     0x0000000000000c84        0x0 init.o

.data           0x0000000000000c84     0x4000
                0x0000000000000c84                . = ALIGN (0x4)
                [!provide]                        PROVIDE (_sdata = .)
 *(.data*)
 .data          0x0000000000000c84        0x0 init.o
 .data          0x0000000000000c84        0x0 init1.o
 .data          0x0000000000000c84     0x4000 main.o
                0x0000000000000c84                input_data
                0x0000000000002c84                verify_data
 .data          0x0000000000004c84        0x0 myClib.o
 .data          0x0000000000004c84        0x0 /opt/riscv/lib/gcc/riscv64-unknown-elf/10.1.0/rv32i/ilp32/libgcc.a(div.o)
                0x0000000000004c84                . = ALIGN (0x4)
                [!provide]                        PROVIDE (_edata = .)

.bss            0x0000000000004c84        0x0
                0x0000000000004c84                . = ALIGN (0x4)
                [!provide]                        PROVIDE (_sbss = .)
 *(.bss*)
 .bss           0x0000000000004c84        0x0 init.o
 .bss           0x0000000000004c84        0x0 init1.o
 .bss           0x0000000000004c84        0x0 main.o
 .bss           0x0000000000004c84        0x0 myClib.o
 .bss           0x0000000000004c84        0x0 /opt/riscv/lib/gcc/riscv64-unknown-elf/10.1.0/rv32i/ilp32/libgcc.a(div.o)
                0x0000000000004c84                . = ALIGN (0x4)
                [!provide]                        PROVIDE (_ebss = .)
                0x000000000000fffc                PROVIDE (__sp = ((ORIGIN (ram) + LENGTH (ram)) - 0x4))
LOAD /opt/riscv/lib/gcc/riscv64-unknown-elf/10.1.0/rv32i/ilp32/libgcc.a
OUTPUT(exe elf32-littleriscv)

.riscv.attributes
                0x0000000000000000       0x1c
 .riscv.attributes
                0x0000000000000000       0x1a init.o
 .riscv.attributes
                0x000000000000001a       0x1c init1.o
 .riscv.attributes
                0x0000000000000036       0x1c main.o
 .riscv.attributes
                0x0000000000000052       0x1c myClib.o
 .riscv.attributes
                0x000000000000006e       0x1a /opt/riscv/lib/gcc/riscv64-unknown-elf/10.1.0/rv32i/ilp32/libgcc.a(div.o)

.comment        0x0000000000000000       0x12
 .comment       0x0000000000000000       0x12 init1.o
                                         0x13 (size before relaxing)
 .comment       0x0000000000000012       0x13 main.o
 .comment       0x0000000000000012       0x13 myClib.o

.debug_line     0x0000000000000000      0x16e
 .debug_line    0x0000000000000000      0x16e /opt/riscv/lib/gcc/riscv64-unknown-elf/10.1.0/rv32i/ilp32/libgcc.a(div.o)

.debug_info     0x0000000000000000       0x26
 .debug_info    0x0000000000000000       0x26 /opt/riscv/lib/gcc/riscv64-unknown-elf/10.1.0/rv32i/ilp32/libgcc.a(div.o)

.debug_abbrev   0x0000000000000000       0x14
 .debug_abbrev  0x0000000000000000       0x14 /opt/riscv/lib/gcc/riscv64-unknown-elf/10.1.0/rv32i/ilp32/libgcc.a(div.o)

.debug_aranges  0x0000000000000000       0x20
 .debug_aranges
                0x0000000000000000       0x20 /opt/riscv/lib/gcc/riscv64-unknown-elf/10.1.0/rv32i/ilp32/libgcc.a(div.o)

.debug_str      0x0000000000000000       0x9a
 .debug_str     0x0000000000000000       0x9a /opt/riscv/lib/gcc/riscv64-unknown-elf/10.1.0/rv32i/ilp32/libgcc.a(div.o)
