Archive member included to satisfy reference by file (symbol)

/opt/xpack-riscv-none-embed-gcc-8.3.0-1.2/bin/../lib/gcc/riscv-none-embed/8.3.0/../../../../riscv-none-embed/lib/rv32i/ilp32/libc.a(lib_a-exit.o)
                              /opt/xpack-riscv-none-embed-gcc-8.3.0-1.2/bin/../lib/gcc/riscv-none-embed/8.3.0/../../../../riscv-none-embed/lib/rv32i/ilp32/crt0.o (exit)
/opt/xpack-riscv-none-embed-gcc-8.3.0-1.2/bin/../lib/gcc/riscv-none-embed/8.3.0/../../../../riscv-none-embed/lib/rv32i/ilp32/libc.a(lib_a-impure.o)
                              /opt/xpack-riscv-none-embed-gcc-8.3.0-1.2/bin/../lib/gcc/riscv-none-embed/8.3.0/../../../../riscv-none-embed/lib/rv32i/ilp32/libc.a(lib_a-exit.o) (_global_impure_ptr)
/opt/xpack-riscv-none-embed-gcc-8.3.0-1.2/bin/../lib/gcc/riscv-none-embed/8.3.0/../../../../riscv-none-embed/lib/rv32i/ilp32/libc.a(lib_a-init.o)
                              /opt/xpack-riscv-none-embed-gcc-8.3.0-1.2/bin/../lib/gcc/riscv-none-embed/8.3.0/../../../../riscv-none-embed/lib/rv32i/ilp32/crt0.o (__libc_init_array)
/opt/xpack-riscv-none-embed-gcc-8.3.0-1.2/bin/../lib/gcc/riscv-none-embed/8.3.0/../../../../riscv-none-embed/lib/rv32i/ilp32/libc.a(lib_a-memset.o)
                              /opt/xpack-riscv-none-embed-gcc-8.3.0-1.2/bin/../lib/gcc/riscv-none-embed/8.3.0/../../../../riscv-none-embed/lib/rv32i/ilp32/crt0.o (memset)
/opt/xpack-riscv-none-embed-gcc-8.3.0-1.2/bin/../lib/gcc/riscv-none-embed/8.3.0/../../../../riscv-none-embed/lib/rv32i/ilp32/libc.a(lib_a-puts.o)
                              main.o (puts)
/opt/xpack-riscv-none-embed-gcc-8.3.0-1.2/bin/../lib/gcc/riscv-none-embed/8.3.0/../../../../riscv-none-embed/lib/rv32i/ilp32/libc.a(lib_a-strlen.o)
                              /opt/xpack-riscv-none-embed-gcc-8.3.0-1.2/bin/../lib/gcc/riscv-none-embed/8.3.0/../../../../riscv-none-embed/lib/rv32i/ilp32/libc.a(lib_a-puts.o) (strlen)
/opt/xpack-riscv-none-embed-gcc-8.3.0-1.2/bin/../lib/gcc/riscv-none-embed/8.3.0/../../../../riscv-none-embed/lib/rv32i/ilp32/libc.a(lib_a-__call_atexit.o)
                              /opt/xpack-riscv-none-embed-gcc-8.3.0-1.2/bin/../lib/gcc/riscv-none-embed/8.3.0/../../../../riscv-none-embed/lib/rv32i/ilp32/libc.a(lib_a-exit.o) (__call_exitprocs)
/opt/xpack-riscv-none-embed-gcc-8.3.0-1.2/bin/../lib/gcc/riscv-none-embed/8.3.0/../../../../riscv-none-embed/lib/rv32i/ilp32/libc.a(lib_a-findfp.o)
                              /opt/xpack-riscv-none-embed-gcc-8.3.0-1.2/bin/../lib/gcc/riscv-none-embed/8.3.0/../../../../riscv-none-embed/lib/rv32i/ilp32/libc.a(lib_a-puts.o) (__sinit)
/opt/xpack-riscv-none-embed-gcc-8.3.0-1.2/bin/../lib/gcc/riscv-none-embed/8.3.0/../../../../riscv-none-embed/lib/rv32i/ilp32/libc.a(lib_a-fini.o)
                              /opt/xpack-riscv-none-embed-gcc-8.3.0-1.2/bin/../lib/gcc/riscv-none-embed/8.3.0/../../../../riscv-none-embed/lib/rv32i/ilp32/libc.a(lib_a-__call_atexit.o) (__libc_fini_array)
/opt/xpack-riscv-none-embed-gcc-8.3.0-1.2/bin/../lib/gcc/riscv-none-embed/8.3.0/../../../../riscv-none-embed/lib/rv32i/ilp32/libc.a(lib_a-fvwrite.o)
                              /opt/xpack-riscv-none-embed-gcc-8.3.0-1.2/bin/../lib/gcc/riscv-none-embed/8.3.0/../../../../riscv-none-embed/lib/rv32i/ilp32/libc.a(lib_a-puts.o) (__sfvwrite_r)
/opt/xpack-riscv-none-embed-gcc-8.3.0-1.2/bin/../lib/gcc/riscv-none-embed/8.3.0/../../../../riscv-none-embed/lib/rv32i/ilp32/libc.a(lib_a-fwalk.o)
                              /opt/xpack-riscv-none-embed-gcc-8.3.0-1.2/bin/../lib/gcc/riscv-none-embed/8.3.0/../../../../riscv-none-embed/lib/rv32i/ilp32/libc.a(lib_a-findfp.o) (_fwalk)
/opt/xpack-riscv-none-embed-gcc-8.3.0-1.2/bin/../lib/gcc/riscv-none-embed/8.3.0/../../../../riscv-none-embed/lib/rv32i/ilp32/libc.a(lib_a-lock.o)
                              /opt/xpack-riscv-none-embed-gcc-8.3.0-1.2/bin/../lib/gcc/riscv-none-embed/8.3.0/../../../../riscv-none-embed/lib/rv32i/ilp32/libc.a(lib_a-findfp.o) (__retarget_lock_init_recursive)
/opt/xpack-riscv-none-embed-gcc-8.3.0-1.2/bin/../lib/gcc/riscv-none-embed/8.3.0/../../../../riscv-none-embed/lib/rv32i/ilp32/libc.a(lib_a-mallocr.o)
                              /opt/xpack-riscv-none-embed-gcc-8.3.0-1.2/bin/../lib/gcc/riscv-none-embed/8.3.0/../../../../riscv-none-embed/lib/rv32i/ilp32/libc.a(lib_a-findfp.o) (_malloc_r)
/opt/xpack-riscv-none-embed-gcc-8.3.0-1.2/bin/../lib/gcc/riscv-none-embed/8.3.0/../../../../riscv-none-embed/lib/rv32i/ilp32/libc.a(lib_a-memchr.o)
                              /opt/xpack-riscv-none-embed-gcc-8.3.0-1.2/bin/../lib/gcc/riscv-none-embed/8.3.0/../../../../riscv-none-embed/lib/rv32i/ilp32/libc.a(lib_a-fvwrite.o) (memchr)
/opt/xpack-riscv-none-embed-gcc-8.3.0-1.2/bin/../lib/gcc/riscv-none-embed/8.3.0/../../../../riscv-none-embed/lib/rv32i/ilp32/libc.a(lib_a-memcpy.o)
                              /opt/xpack-riscv-none-embed-gcc-8.3.0-1.2/bin/../lib/gcc/riscv-none-embed/8.3.0/../../../../riscv-none-embed/lib/rv32i/ilp32/libc.a(lib_a-fvwrite.o) (memcpy)
/opt/xpack-riscv-none-embed-gcc-8.3.0-1.2/bin/../lib/gcc/riscv-none-embed/8.3.0/../../../../riscv-none-embed/lib/rv32i/ilp32/libc.a(lib_a-memmove-stub.o)
                              /opt/xpack-riscv-none-embed-gcc-8.3.0-1.2/bin/../lib/gcc/riscv-none-embed/8.3.0/../../../../riscv-none-embed/lib/rv32i/ilp32/libc.a(lib_a-fvwrite.o) (memmove)
/opt/xpack-riscv-none-embed-gcc-8.3.0-1.2/bin/../lib/gcc/riscv-none-embed/8.3.0/../../../../riscv-none-embed/lib/rv32i/ilp32/libc.a(lib_a-mlock.o)
                              /opt/xpack-riscv-none-embed-gcc-8.3.0-1.2/bin/../lib/gcc/riscv-none-embed/8.3.0/../../../../riscv-none-embed/lib/rv32i/ilp32/libc.a(lib_a-mallocr.o) (__malloc_lock)
/opt/xpack-riscv-none-embed-gcc-8.3.0-1.2/bin/../lib/gcc/riscv-none-embed/8.3.0/../../../../riscv-none-embed/lib/rv32i/ilp32/libc.a(lib_a-reallocr.o)
                              /opt/xpack-riscv-none-embed-gcc-8.3.0-1.2/bin/../lib/gcc/riscv-none-embed/8.3.0/../../../../riscv-none-embed/lib/rv32i/ilp32/libc.a(lib_a-fvwrite.o) (_realloc_r)
/opt/xpack-riscv-none-embed-gcc-8.3.0-1.2/bin/../lib/gcc/riscv-none-embed/8.3.0/../../../../riscv-none-embed/lib/rv32i/ilp32/libc.a(lib_a-sbrkr.o)
                              /opt/xpack-riscv-none-embed-gcc-8.3.0-1.2/bin/../lib/gcc/riscv-none-embed/8.3.0/../../../../riscv-none-embed/lib/rv32i/ilp32/libc.a(lib_a-mallocr.o) (_sbrk_r)
/opt/xpack-riscv-none-embed-gcc-8.3.0-1.2/bin/../lib/gcc/riscv-none-embed/8.3.0/../../../../riscv-none-embed/lib/rv32i/ilp32/libc.a(lib_a-stdio.o)
                              /opt/xpack-riscv-none-embed-gcc-8.3.0-1.2/bin/../lib/gcc/riscv-none-embed/8.3.0/../../../../riscv-none-embed/lib/rv32i/ilp32/libc.a(lib_a-findfp.o) (__sread)
/opt/xpack-riscv-none-embed-gcc-8.3.0-1.2/bin/../lib/gcc/riscv-none-embed/8.3.0/../../../../riscv-none-embed/lib/rv32i/ilp32/libc.a(lib_a-writer.o)
                              /opt/xpack-riscv-none-embed-gcc-8.3.0-1.2/bin/../lib/gcc/riscv-none-embed/8.3.0/../../../../riscv-none-embed/lib/rv32i/ilp32/libc.a(lib_a-stdio.o) (_write_r)
/opt/xpack-riscv-none-embed-gcc-8.3.0-1.2/bin/../lib/gcc/riscv-none-embed/8.3.0/../../../../riscv-none-embed/lib/rv32i/ilp32/libc.a(lib_a-wsetup.o)
                              /opt/xpack-riscv-none-embed-gcc-8.3.0-1.2/bin/../lib/gcc/riscv-none-embed/8.3.0/../../../../riscv-none-embed/lib/rv32i/ilp32/libc.a(lib_a-fvwrite.o) (__swsetup_r)
/opt/xpack-riscv-none-embed-gcc-8.3.0-1.2/bin/../lib/gcc/riscv-none-embed/8.3.0/../../../../riscv-none-embed/lib/rv32i/ilp32/libc.a(lib_a-atexit.o)
                              /opt/xpack-riscv-none-embed-gcc-8.3.0-1.2/bin/../lib/gcc/riscv-none-embed/8.3.0/../../../../riscv-none-embed/lib/rv32i/ilp32/libc.a(lib_a-__call_atexit.o) (atexit)
/opt/xpack-riscv-none-embed-gcc-8.3.0-1.2/bin/../lib/gcc/riscv-none-embed/8.3.0/../../../../riscv-none-embed/lib/rv32i/ilp32/libc.a(lib_a-closer.o)
                              /opt/xpack-riscv-none-embed-gcc-8.3.0-1.2/bin/../lib/gcc/riscv-none-embed/8.3.0/../../../../riscv-none-embed/lib/rv32i/ilp32/libc.a(lib_a-stdio.o) (_close_r)
/opt/xpack-riscv-none-embed-gcc-8.3.0-1.2/bin/../lib/gcc/riscv-none-embed/8.3.0/../../../../riscv-none-embed/lib/rv32i/ilp32/libc.a(lib_a-fclose.o)
                              /opt/xpack-riscv-none-embed-gcc-8.3.0-1.2/bin/../lib/gcc/riscv-none-embed/8.3.0/../../../../riscv-none-embed/lib/rv32i/ilp32/libc.a(lib_a-findfp.o) (_fclose_r)
/opt/xpack-riscv-none-embed-gcc-8.3.0-1.2/bin/../lib/gcc/riscv-none-embed/8.3.0/../../../../riscv-none-embed/lib/rv32i/ilp32/libc.a(lib_a-fflush.o)
                              /opt/xpack-riscv-none-embed-gcc-8.3.0-1.2/bin/../lib/gcc/riscv-none-embed/8.3.0/../../../../riscv-none-embed/lib/rv32i/ilp32/libc.a(lib_a-fclose.o) (__sflush_r)
/opt/xpack-riscv-none-embed-gcc-8.3.0-1.2/bin/../lib/gcc/riscv-none-embed/8.3.0/../../../../riscv-none-embed/lib/rv32i/ilp32/libc.a(lib_a-freer.o)
                              /opt/xpack-riscv-none-embed-gcc-8.3.0-1.2/bin/../lib/gcc/riscv-none-embed/8.3.0/../../../../riscv-none-embed/lib/rv32i/ilp32/libc.a(lib_a-fvwrite.o) (_free_r)
/opt/xpack-riscv-none-embed-gcc-8.3.0-1.2/bin/../lib/gcc/riscv-none-embed/8.3.0/../../../../riscv-none-embed/lib/rv32i/ilp32/libc.a(lib_a-lseekr.o)
                              /opt/xpack-riscv-none-embed-gcc-8.3.0-1.2/bin/../lib/gcc/riscv-none-embed/8.3.0/../../../../riscv-none-embed/lib/rv32i/ilp32/libc.a(lib_a-stdio.o) (_lseek_r)
/opt/xpack-riscv-none-embed-gcc-8.3.0-1.2/bin/../lib/gcc/riscv-none-embed/8.3.0/../../../../riscv-none-embed/lib/rv32i/ilp32/libc.a(lib_a-makebuf.o)
                              /opt/xpack-riscv-none-embed-gcc-8.3.0-1.2/bin/../lib/gcc/riscv-none-embed/8.3.0/../../../../riscv-none-embed/lib/rv32i/ilp32/libc.a(lib_a-wsetup.o) (__smakebuf_r)
/opt/xpack-riscv-none-embed-gcc-8.3.0-1.2/bin/../lib/gcc/riscv-none-embed/8.3.0/../../../../riscv-none-embed/lib/rv32i/ilp32/libc.a(lib_a-readr.o)
                              /opt/xpack-riscv-none-embed-gcc-8.3.0-1.2/bin/../lib/gcc/riscv-none-embed/8.3.0/../../../../riscv-none-embed/lib/rv32i/ilp32/libc.a(lib_a-stdio.o) (_read_r)
/opt/xpack-riscv-none-embed-gcc-8.3.0-1.2/bin/../lib/gcc/riscv-none-embed/8.3.0/../../../../riscv-none-embed/lib/rv32i/ilp32/libc.a(lib_a-reent.o)
                              /opt/xpack-riscv-none-embed-gcc-8.3.0-1.2/bin/../lib/gcc/riscv-none-embed/8.3.0/../../../../riscv-none-embed/lib/rv32i/ilp32/libc.a(lib_a-sbrkr.o) (errno)
/opt/xpack-riscv-none-embed-gcc-8.3.0-1.2/bin/../lib/gcc/riscv-none-embed/8.3.0/../../../../riscv-none-embed/lib/rv32i/ilp32/libc.a(lib_a-__atexit.o)
                              /opt/xpack-riscv-none-embed-gcc-8.3.0-1.2/bin/../lib/gcc/riscv-none-embed/8.3.0/../../../../riscv-none-embed/lib/rv32i/ilp32/libc.a(lib_a-atexit.o) (__register_exitproc)
/opt/xpack-riscv-none-embed-gcc-8.3.0-1.2/bin/../lib/gcc/riscv-none-embed/8.3.0/../../../../riscv-none-embed/lib/rv32i/ilp32/libc.a(lib_a-fstatr.o)
                              /opt/xpack-riscv-none-embed-gcc-8.3.0-1.2/bin/../lib/gcc/riscv-none-embed/8.3.0/../../../../riscv-none-embed/lib/rv32i/ilp32/libc.a(lib_a-makebuf.o) (_fstat_r)
/opt/xpack-riscv-none-embed-gcc-8.3.0-1.2/bin/../lib/gcc/riscv-none-embed/8.3.0/../../../../riscv-none-embed/lib/rv32i/ilp32/libc.a(lib_a-isattyr.o)
                              /opt/xpack-riscv-none-embed-gcc-8.3.0-1.2/bin/../lib/gcc/riscv-none-embed/8.3.0/../../../../riscv-none-embed/lib/rv32i/ilp32/libc.a(lib_a-makebuf.o) (_isatty_r)
/opt/xpack-riscv-none-embed-gcc-8.3.0-1.2/bin/../lib/gcc/riscv-none-embed/8.3.0/rv32i/ilp32/libgcc.a(muldi3.o)
                              /opt/xpack-riscv-none-embed-gcc-8.3.0-1.2/bin/../lib/gcc/riscv-none-embed/8.3.0/../../../../riscv-none-embed/lib/rv32i/ilp32/libc.a(lib_a-fvwrite.o) (__mulsi3)
/opt/xpack-riscv-none-embed-gcc-8.3.0-1.2/bin/../lib/gcc/riscv-none-embed/8.3.0/rv32i/ilp32/libgcc.a(div.o)
                              /opt/xpack-riscv-none-embed-gcc-8.3.0-1.2/bin/../lib/gcc/riscv-none-embed/8.3.0/../../../../riscv-none-embed/lib/rv32i/ilp32/libc.a(lib_a-fvwrite.o) (__divsi3)
/opt/xpack-riscv-none-embed-gcc-8.3.0-1.2/bin/../lib/gcc/riscv-none-embed/8.3.0/../../../../riscv-none-embed/lib/rv32i/ilp32/libnosys.a(close.o)
                              /opt/xpack-riscv-none-embed-gcc-8.3.0-1.2/bin/../lib/gcc/riscv-none-embed/8.3.0/../../../../riscv-none-embed/lib/rv32i/ilp32/libc.a(lib_a-closer.o) (_close)
/opt/xpack-riscv-none-embed-gcc-8.3.0-1.2/bin/../lib/gcc/riscv-none-embed/8.3.0/../../../../riscv-none-embed/lib/rv32i/ilp32/libnosys.a(fstat.o)
                              /opt/xpack-riscv-none-embed-gcc-8.3.0-1.2/bin/../lib/gcc/riscv-none-embed/8.3.0/../../../../riscv-none-embed/lib/rv32i/ilp32/libc.a(lib_a-fstatr.o) (_fstat)
/opt/xpack-riscv-none-embed-gcc-8.3.0-1.2/bin/../lib/gcc/riscv-none-embed/8.3.0/../../../../riscv-none-embed/lib/rv32i/ilp32/libnosys.a(isatty.o)
                              /opt/xpack-riscv-none-embed-gcc-8.3.0-1.2/bin/../lib/gcc/riscv-none-embed/8.3.0/../../../../riscv-none-embed/lib/rv32i/ilp32/libc.a(lib_a-isattyr.o) (_isatty)
/opt/xpack-riscv-none-embed-gcc-8.3.0-1.2/bin/../lib/gcc/riscv-none-embed/8.3.0/../../../../riscv-none-embed/lib/rv32i/ilp32/libnosys.a(lseek.o)
                              /opt/xpack-riscv-none-embed-gcc-8.3.0-1.2/bin/../lib/gcc/riscv-none-embed/8.3.0/../../../../riscv-none-embed/lib/rv32i/ilp32/libc.a(lib_a-lseekr.o) (_lseek)
/opt/xpack-riscv-none-embed-gcc-8.3.0-1.2/bin/../lib/gcc/riscv-none-embed/8.3.0/../../../../riscv-none-embed/lib/rv32i/ilp32/libnosys.a(read.o)
                              /opt/xpack-riscv-none-embed-gcc-8.3.0-1.2/bin/../lib/gcc/riscv-none-embed/8.3.0/../../../../riscv-none-embed/lib/rv32i/ilp32/libc.a(lib_a-readr.o) (_read)
/opt/xpack-riscv-none-embed-gcc-8.3.0-1.2/bin/../lib/gcc/riscv-none-embed/8.3.0/../../../../riscv-none-embed/lib/rv32i/ilp32/libnosys.a(sbrk.o)
                              /opt/xpack-riscv-none-embed-gcc-8.3.0-1.2/bin/../lib/gcc/riscv-none-embed/8.3.0/../../../../riscv-none-embed/lib/rv32i/ilp32/libc.a(lib_a-sbrkr.o) (_sbrk)
/opt/xpack-riscv-none-embed-gcc-8.3.0-1.2/bin/../lib/gcc/riscv-none-embed/8.3.0/../../../../riscv-none-embed/lib/rv32i/ilp32/libnosys.a(write.o)
                              /opt/xpack-riscv-none-embed-gcc-8.3.0-1.2/bin/../lib/gcc/riscv-none-embed/8.3.0/../../../../riscv-none-embed/lib/rv32i/ilp32/libc.a(lib_a-writer.o) (_write)
/opt/xpack-riscv-none-embed-gcc-8.3.0-1.2/bin/../lib/gcc/riscv-none-embed/8.3.0/../../../../riscv-none-embed/lib/rv32i/ilp32/libnosys.a(_exit.o)
                              /opt/xpack-riscv-none-embed-gcc-8.3.0-1.2/bin/../lib/gcc/riscv-none-embed/8.3.0/../../../../riscv-none-embed/lib/rv32i/ilp32/libc.a(lib_a-exit.o) (_exit)

Allocating common symbols
Common symbol       size              file

__lock___atexit_recursive_mutex
                    0x1               /opt/xpack-riscv-none-embed-gcc-8.3.0-1.2/bin/../lib/gcc/riscv-none-embed/8.3.0/../../../../riscv-none-embed/lib/rv32i/ilp32/libc.a(lib_a-lock.o)
__lock___arc4random_mutex
                    0x1               /opt/xpack-riscv-none-embed-gcc-8.3.0-1.2/bin/../lib/gcc/riscv-none-embed/8.3.0/../../../../riscv-none-embed/lib/rv32i/ilp32/libc.a(lib_a-lock.o)
errno               0x4               /opt/xpack-riscv-none-embed-gcc-8.3.0-1.2/bin/../lib/gcc/riscv-none-embed/8.3.0/../../../../riscv-none-embed/lib/rv32i/ilp32/libc.a(lib_a-reent.o)
__lock___env_recursive_mutex
                    0x1               /opt/xpack-riscv-none-embed-gcc-8.3.0-1.2/bin/../lib/gcc/riscv-none-embed/8.3.0/../../../../riscv-none-embed/lib/rv32i/ilp32/libc.a(lib_a-lock.o)
__lock___sinit_recursive_mutex
                    0x1               /opt/xpack-riscv-none-embed-gcc-8.3.0-1.2/bin/../lib/gcc/riscv-none-embed/8.3.0/../../../../riscv-none-embed/lib/rv32i/ilp32/libc.a(lib_a-lock.o)
__lock___malloc_recursive_mutex
                    0x1               /opt/xpack-riscv-none-embed-gcc-8.3.0-1.2/bin/../lib/gcc/riscv-none-embed/8.3.0/../../../../riscv-none-embed/lib/rv32i/ilp32/libc.a(lib_a-lock.o)
__lock___at_quick_exit_mutex
                    0x1               /opt/xpack-riscv-none-embed-gcc-8.3.0-1.2/bin/../lib/gcc/riscv-none-embed/8.3.0/../../../../riscv-none-embed/lib/rv32i/ilp32/libc.a(lib_a-lock.o)
__lock___dd_hash_mutex
                    0x1               /opt/xpack-riscv-none-embed-gcc-8.3.0-1.2/bin/../lib/gcc/riscv-none-embed/8.3.0/../../../../riscv-none-embed/lib/rv32i/ilp32/libc.a(lib_a-lock.o)
__lock___tz_mutex   0x1               /opt/xpack-riscv-none-embed-gcc-8.3.0-1.2/bin/../lib/gcc/riscv-none-embed/8.3.0/../../../../riscv-none-embed/lib/rv32i/ilp32/libc.a(lib_a-lock.o)
__lock___sfp_recursive_mutex
                    0x1               /opt/xpack-riscv-none-embed-gcc-8.3.0-1.2/bin/../lib/gcc/riscv-none-embed/8.3.0/../../../../riscv-none-embed/lib/rv32i/ilp32/libc.a(lib_a-lock.o)

Memory Configuration

Name             Origin             Length             Attributes
ram              0x0000000000000000 0x0000000000040000 xrw
*default*        0x0000000000000000 0xffffffffffffffff

Linker script and memory map

LOAD /opt/xpack-riscv-none-embed-gcc-8.3.0-1.2/bin/../lib/gcc/riscv-none-embed/8.3.0/../../../../riscv-none-embed/lib/rv32i/ilp32/crt0.o
LOAD /opt/xpack-riscv-none-embed-gcc-8.3.0-1.2/bin/../lib/gcc/riscv-none-embed/8.3.0/rv32i/ilp32/crtbegin.o
LOAD init.o
LOAD init1.o
LOAD main.o
LOAD syscalls.o
                0x0000000000040004                __console_addr = 0x40004
                0x0000000000040008                __stop_addr = 0x40008
                0x000000000003fffc                __sp = ((ORIGIN (ram) + LENGTH (ram)) - 0x4)

.text           0x0000000000000000      0x350
                [!provide]                        PROVIDE (_stext = .)
 *(.init)
 .init          0x0000000000000000       0x24 init.o
 *(.init.*)
 .init.text0    0x0000000000000024       0x2c init1.o
                0x0000000000000024                textinit
 *(.text)
 .text          0x0000000000000050       0x68 /opt/xpack-riscv-none-embed-gcc-8.3.0-1.2/bin/../lib/gcc/riscv-none-embed/8.3.0/../../../../riscv-none-embed/lib/rv32i/ilp32/crt0.o
                0x0000000000000050                _start
 .text          0x00000000000000b8        0x0 /opt/xpack-riscv-none-embed-gcc-8.3.0-1.2/bin/../lib/gcc/riscv-none-embed/8.3.0/rv32i/ilp32/crtbegin.o
 .text          0x00000000000000b8        0x0 init.o
 .text          0x00000000000000b8        0x0 init1.o
 .text          0x00000000000000b8       0x28 main.o
                0x00000000000000b8                main
 .text          0x00000000000000e0       0xb4 syscalls.o
                0x00000000000000e0                _close(int)
                0x00000000000000e8                _fstat(int, stat*)
                0x00000000000000f8                _isatty(int)
                0x0000000000000100                _lseek(int, int, int)
                0x0000000000000108                _open(char const*, int, int)
                0x0000000000000110                _read(int, char*, int)
                0x0000000000000118                _sbrk(int)
                0x0000000000000168                _write(int, char*, int)
 .text          0x0000000000000194        0x0 /opt/xpack-riscv-none-embed-gcc-8.3.0-1.2/bin/../lib/gcc/riscv-none-embed/8.3.0/../../../../riscv-none-embed/lib/rv32i/ilp32/libc.a(lib_a-exit.o)
 .text          0x0000000000000194        0x0 /opt/xpack-riscv-none-embed-gcc-8.3.0-1.2/bin/../lib/gcc/riscv-none-embed/8.3.0/../../../../riscv-none-embed/lib/rv32i/ilp32/libc.a(lib_a-impure.o)
 .text          0x0000000000000194        0x0 /opt/xpack-riscv-none-embed-gcc-8.3.0-1.2/bin/../lib/gcc/riscv-none-embed/8.3.0/../../../../riscv-none-embed/lib/rv32i/ilp32/libc.a(lib_a-init.o)
 .text          0x0000000000000194       0xdc /opt/xpack-riscv-none-embed-gcc-8.3.0-1.2/bin/../lib/gcc/riscv-none-embed/8.3.0/../../../../riscv-none-embed/lib/rv32i/ilp32/libc.a(lib_a-memset.o)
                0x0000000000000194                memset
 .text          0x0000000000000270        0x0 /opt/xpack-riscv-none-embed-gcc-8.3.0-1.2/bin/../lib/gcc/riscv-none-embed/8.3.0/../../../../riscv-none-embed/lib/rv32i/ilp32/libc.a(lib_a-puts.o)
 .text          0x0000000000000270        0x0 /opt/xpack-riscv-none-embed-gcc-8.3.0-1.2/bin/../lib/gcc/riscv-none-embed/8.3.0/../../../../riscv-none-embed/lib/rv32i/ilp32/libc.a(lib_a-strlen.o)
 .text          0x0000000000000270        0x0 /opt/xpack-riscv-none-embed-gcc-8.3.0-1.2/bin/../lib/gcc/riscv-none-embed/8.3.0/../../../../riscv-none-embed/lib/rv32i/ilp32/libc.a(lib_a-__call_atexit.o)
 .text          0x0000000000000270        0x0 /opt/xpack-riscv-none-embed-gcc-8.3.0-1.2/bin/../lib/gcc/riscv-none-embed/8.3.0/../../../../riscv-none-embed/lib/rv32i/ilp32/libc.a(lib_a-findfp.o)
 .text          0x0000000000000270        0x0 /opt/xpack-riscv-none-embed-gcc-8.3.0-1.2/bin/../lib/gcc/riscv-none-embed/8.3.0/../../../../riscv-none-embed/lib/rv32i/ilp32/libc.a(lib_a-fini.o)
 .text          0x0000000000000270        0x0 /opt/xpack-riscv-none-embed-gcc-8.3.0-1.2/bin/../lib/gcc/riscv-none-embed/8.3.0/../../../../riscv-none-embed/lib/rv32i/ilp32/libc.a(lib_a-fvwrite.o)
 .text          0x0000000000000270        0x0 /opt/xpack-riscv-none-embed-gcc-8.3.0-1.2/bin/../lib/gcc/riscv-none-embed/8.3.0/../../../../riscv-none-embed/lib/rv32i/ilp32/libc.a(lib_a-fwalk.o)
 .text          0x0000000000000270        0x0 /opt/xpack-riscv-none-embed-gcc-8.3.0-1.2/bin/../lib/gcc/riscv-none-embed/8.3.0/../../../../riscv-none-embed/lib/rv32i/ilp32/libc.a(lib_a-lock.o)
 .text          0x0000000000000270        0x0 /opt/xpack-riscv-none-embed-gcc-8.3.0-1.2/bin/../lib/gcc/riscv-none-embed/8.3.0/../../../../riscv-none-embed/lib/rv32i/ilp32/libc.a(lib_a-mallocr.o)
 .text          0x0000000000000270        0x0 /opt/xpack-riscv-none-embed-gcc-8.3.0-1.2/bin/../lib/gcc/riscv-none-embed/8.3.0/../../../../riscv-none-embed/lib/rv32i/ilp32/libc.a(lib_a-memchr.o)
 .text          0x0000000000000270        0x0 /opt/xpack-riscv-none-embed-gcc-8.3.0-1.2/bin/../lib/gcc/riscv-none-embed/8.3.0/../../../../riscv-none-embed/lib/rv32i/ilp32/libc.a(lib_a-memcpy.o)
 .text          0x0000000000000270        0x0 /opt/xpack-riscv-none-embed-gcc-8.3.0-1.2/bin/../lib/gcc/riscv-none-embed/8.3.0/../../../../riscv-none-embed/lib/rv32i/ilp32/libc.a(lib_a-memmove-stub.o)
 .text          0x0000000000000270        0x0 /opt/xpack-riscv-none-embed-gcc-8.3.0-1.2/bin/../lib/gcc/riscv-none-embed/8.3.0/../../../../riscv-none-embed/lib/rv32i/ilp32/libc.a(lib_a-mlock.o)
 .text          0x0000000000000270        0x0 /opt/xpack-riscv-none-embed-gcc-8.3.0-1.2/bin/../lib/gcc/riscv-none-embed/8.3.0/../../../../riscv-none-embed/lib/rv32i/ilp32/libc.a(lib_a-reallocr.o)
 .text          0x0000000000000270        0x0 /opt/xpack-riscv-none-embed-gcc-8.3.0-1.2/bin/../lib/gcc/riscv-none-embed/8.3.0/../../../../riscv-none-embed/lib/rv32i/ilp32/libc.a(lib_a-sbrkr.o)
 .text          0x0000000000000270        0x0 /opt/xpack-riscv-none-embed-gcc-8.3.0-1.2/bin/../lib/gcc/riscv-none-embed/8.3.0/../../../../riscv-none-embed/lib/rv32i/ilp32/libc.a(lib_a-stdio.o)
 .text          0x0000000000000270        0x0 /opt/xpack-riscv-none-embed-gcc-8.3.0-1.2/bin/../lib/gcc/riscv-none-embed/8.3.0/../../../../riscv-none-embed/lib/rv32i/ilp32/libc.a(lib_a-writer.o)
 .text          0x0000000000000270        0x0 /opt/xpack-riscv-none-embed-gcc-8.3.0-1.2/bin/../lib/gcc/riscv-none-embed/8.3.0/../../../../riscv-none-embed/lib/rv32i/ilp32/libc.a(lib_a-wsetup.o)
 .text          0x0000000000000270        0x0 /opt/xpack-riscv-none-embed-gcc-8.3.0-1.2/bin/../lib/gcc/riscv-none-embed/8.3.0/../../../../riscv-none-embed/lib/rv32i/ilp32/libc.a(lib_a-atexit.o)
 .text          0x0000000000000270        0x0 /opt/xpack-riscv-none-embed-gcc-8.3.0-1.2/bin/../lib/gcc/riscv-none-embed/8.3.0/../../../../riscv-none-embed/lib/rv32i/ilp32/libc.a(lib_a-closer.o)
 .text          0x0000000000000270        0x0 /opt/xpack-riscv-none-embed-gcc-8.3.0-1.2/bin/../lib/gcc/riscv-none-embed/8.3.0/../../../../riscv-none-embed/lib/rv32i/ilp32/libc.a(lib_a-fclose.o)
 .text          0x0000000000000270        0x0 /opt/xpack-riscv-none-embed-gcc-8.3.0-1.2/bin/../lib/gcc/riscv-none-embed/8.3.0/../../../../riscv-none-embed/lib/rv32i/ilp32/libc.a(lib_a-fflush.o)
 .text          0x0000000000000270        0x0 /opt/xpack-riscv-none-embed-gcc-8.3.0-1.2/bin/../lib/gcc/riscv-none-embed/8.3.0/../../../../riscv-none-embed/lib/rv32i/ilp32/libc.a(lib_a-freer.o)
 .text          0x0000000000000270        0x0 /opt/xpack-riscv-none-embed-gcc-8.3.0-1.2/bin/../lib/gcc/riscv-none-embed/8.3.0/../../../../riscv-none-embed/lib/rv32i/ilp32/libc.a(lib_a-lseekr.o)
 .text          0x0000000000000270        0x0 /opt/xpack-riscv-none-embed-gcc-8.3.0-1.2/bin/../lib/gcc/riscv-none-embed/8.3.0/../../../../riscv-none-embed/lib/rv32i/ilp32/libc.a(lib_a-makebuf.o)
 .text          0x0000000000000270        0x0 /opt/xpack-riscv-none-embed-gcc-8.3.0-1.2/bin/../lib/gcc/riscv-none-embed/8.3.0/../../../../riscv-none-embed/lib/rv32i/ilp32/libc.a(lib_a-readr.o)
 .text          0x0000000000000270        0x0 /opt/xpack-riscv-none-embed-gcc-8.3.0-1.2/bin/../lib/gcc/riscv-none-embed/8.3.0/../../../../riscv-none-embed/lib/rv32i/ilp32/libc.a(lib_a-reent.o)
 .text          0x0000000000000270        0x0 /opt/xpack-riscv-none-embed-gcc-8.3.0-1.2/bin/../lib/gcc/riscv-none-embed/8.3.0/../../../../riscv-none-embed/lib/rv32i/ilp32/libc.a(lib_a-__atexit.o)
 .text          0x0000000000000270        0x0 /opt/xpack-riscv-none-embed-gcc-8.3.0-1.2/bin/../lib/gcc/riscv-none-embed/8.3.0/../../../../riscv-none-embed/lib/rv32i/ilp32/libc.a(lib_a-fstatr.o)
 .text          0x0000000000000270        0x0 /opt/xpack-riscv-none-embed-gcc-8.3.0-1.2/bin/../lib/gcc/riscv-none-embed/8.3.0/../../../../riscv-none-embed/lib/rv32i/ilp32/libc.a(lib_a-isattyr.o)
 .text          0x0000000000000270       0x24 /opt/xpack-riscv-none-embed-gcc-8.3.0-1.2/bin/../lib/gcc/riscv-none-embed/8.3.0/rv32i/ilp32/libgcc.a(muldi3.o)
                0x0000000000000270                __mulsi3
 .text          0x0000000000000294       0xb4 /opt/xpack-riscv-none-embed-gcc-8.3.0-1.2/bin/../lib/gcc/riscv-none-embed/8.3.0/rv32i/ilp32/libgcc.a(div.o)
                0x0000000000000294                __divsi3
                0x000000000000029c                __udivsi3
                0x00000000000002e4                __umodsi3
                0x0000000000000318                __modsi3
 .text          0x0000000000000348        0x0 /opt/xpack-riscv-none-embed-gcc-8.3.0-1.2/bin/../lib/gcc/riscv-none-embed/8.3.0/../../../../riscv-none-embed/lib/rv32i/ilp32/libnosys.a(close.o)
 .text          0x0000000000000348        0x0 /opt/xpack-riscv-none-embed-gcc-8.3.0-1.2/bin/../lib/gcc/riscv-none-embed/8.3.0/../../../../riscv-none-embed/lib/rv32i/ilp32/libnosys.a(fstat.o)
 .text          0x0000000000000348        0x0 /opt/xpack-riscv-none-embed-gcc-8.3.0-1.2/bin/../lib/gcc/riscv-none-embed/8.3.0/../../../../riscv-none-embed/lib/rv32i/ilp32/libnosys.a(isatty.o)
 .text          0x0000000000000348        0x0 /opt/xpack-riscv-none-embed-gcc-8.3.0-1.2/bin/../lib/gcc/riscv-none-embed/8.3.0/../../../../riscv-none-embed/lib/rv32i/ilp32/libnosys.a(lseek.o)
 .text          0x0000000000000348        0x0 /opt/xpack-riscv-none-embed-gcc-8.3.0-1.2/bin/../lib/gcc/riscv-none-embed/8.3.0/../../../../riscv-none-embed/lib/rv32i/ilp32/libnosys.a(read.o)
 .text          0x0000000000000348        0x0 /opt/xpack-riscv-none-embed-gcc-8.3.0-1.2/bin/../lib/gcc/riscv-none-embed/8.3.0/../../../../riscv-none-embed/lib/rv32i/ilp32/libnosys.a(sbrk.o)
 .text          0x0000000000000348        0x0 /opt/xpack-riscv-none-embed-gcc-8.3.0-1.2/bin/../lib/gcc/riscv-none-embed/8.3.0/../../../../riscv-none-embed/lib/rv32i/ilp32/libnosys.a(write.o)
 .text          0x0000000000000348        0x0 /opt/xpack-riscv-none-embed-gcc-8.3.0-1.2/bin/../lib/gcc/riscv-none-embed/8.3.0/../../../../riscv-none-embed/lib/rv32i/ilp32/libnosys.a(_exit.o)
 .text          0x0000000000000348        0x0 /opt/xpack-riscv-none-embed-gcc-8.3.0-1.2/bin/../lib/gcc/riscv-none-embed/8.3.0/rv32i/ilp32/crtend.o
                [!provide]                        PROVIDE (_etext = .)
                0x0000000000000348                . = ALIGN (0x4)
                [!provide]                        PROVIDE (_svector = .)
 *(.vector*)
 .vector_section
                0x0000000000000348        0x8 init1.o
                0x0000000000000348                vector
                0x0000000000000350                . = ALIGN (0x4)
                [!provide]                        PROVIDE (_evector = .)

.text.__do_global_dtors_aux
                0x0000000000000350       0x5c
 .text.__do_global_dtors_aux
                0x0000000000000350       0x5c /opt/xpack-riscv-none-embed-gcc-8.3.0-1.2/bin/../lib/gcc/riscv-none-embed/8.3.0/rv32i/ilp32/crtbegin.o

.text.frame_dummy
                0x00000000000003ac       0x28
 .text.frame_dummy
                0x00000000000003ac       0x28 /opt/xpack-riscv-none-embed-gcc-8.3.0-1.2/bin/../lib/gcc/riscv-none-embed/8.3.0/rv32i/ilp32/crtbegin.o

.text.exit      0x00000000000003d4       0x40
 .text.exit     0x00000000000003d4       0x40 /opt/xpack-riscv-none-embed-gcc-8.3.0-1.2/bin/../lib/gcc/riscv-none-embed/8.3.0/../../../../riscv-none-embed/lib/rv32i/ilp32/libc.a(lib_a-exit.o)
                0x00000000000003d4                exit

.text.__libc_init_array
                0x0000000000000414       0x94
 .text.__libc_init_array
                0x0000000000000414       0x94 /opt/xpack-riscv-none-embed-gcc-8.3.0-1.2/bin/../lib/gcc/riscv-none-embed/8.3.0/../../../../riscv-none-embed/lib/rv32i/ilp32/libc.a(lib_a-init.o)
                0x0000000000000414                __libc_init_array

.text._puts_r   0x00000000000004a8      0x150
 .text._puts_r  0x00000000000004a8      0x150 /opt/xpack-riscv-none-embed-gcc-8.3.0-1.2/bin/../lib/gcc/riscv-none-embed/8.3.0/../../../../riscv-none-embed/lib/rv32i/ilp32/libc.a(lib_a-puts.o)
                0x00000000000004a8                _puts_r

.text.puts      0x00000000000005f8       0x18
 .text.puts     0x00000000000005f8       0x18 /opt/xpack-riscv-none-embed-gcc-8.3.0-1.2/bin/../lib/gcc/riscv-none-embed/8.3.0/../../../../riscv-none-embed/lib/rv32i/ilp32/libc.a(lib_a-puts.o)
                0x00000000000005f8                puts

.text.strlen    0x0000000000000610       0x8c
 .text.strlen   0x0000000000000610       0x8c /opt/xpack-riscv-none-embed-gcc-8.3.0-1.2/bin/../lib/gcc/riscv-none-embed/8.3.0/../../../../riscv-none-embed/lib/rv32i/ilp32/libc.a(lib_a-strlen.o)
                0x0000000000000610                strlen

.text.startup.register_fini
                0x000000000000069c       0x20
 .text.startup.register_fini
                0x000000000000069c       0x20 /opt/xpack-riscv-none-embed-gcc-8.3.0-1.2/bin/../lib/gcc/riscv-none-embed/8.3.0/../../../../riscv-none-embed/lib/rv32i/ilp32/libc.a(lib_a-__call_atexit.o)

.text.__call_exitprocs
                0x00000000000006bc      0x144
 .text.__call_exitprocs
                0x00000000000006bc      0x144 /opt/xpack-riscv-none-embed-gcc-8.3.0-1.2/bin/../lib/gcc/riscv-none-embed/8.3.0/../../../../riscv-none-embed/lib/rv32i/ilp32/libc.a(lib_a-__call_atexit.o)
                0x00000000000006bc                __call_exitprocs

.text.std       0x0000000000000800       0x94
 .text.std      0x0000000000000800       0x94 /opt/xpack-riscv-none-embed-gcc-8.3.0-1.2/bin/../lib/gcc/riscv-none-embed/8.3.0/../../../../riscv-none-embed/lib/rv32i/ilp32/libc.a(lib_a-findfp.o)

.text._cleanup_r
                0x0000000000000894       0x10
 .text._cleanup_r
                0x0000000000000894       0x10 /opt/xpack-riscv-none-embed-gcc-8.3.0-1.2/bin/../lib/gcc/riscv-none-embed/8.3.0/../../../../riscv-none-embed/lib/rv32i/ilp32/libc.a(lib_a-findfp.o)
                0x0000000000000894                _cleanup_r

.text.__fp_lock
                0x00000000000008a4       0x44
 .text.__fp_lock
                0x00000000000008a4       0x44 /opt/xpack-riscv-none-embed-gcc-8.3.0-1.2/bin/../lib/gcc/riscv-none-embed/8.3.0/../../../../riscv-none-embed/lib/rv32i/ilp32/libc.a(lib_a-findfp.o)

.text.__fp_unlock
                0x00000000000008e8       0x44
 .text.__fp_unlock
                0x00000000000008e8       0x44 /opt/xpack-riscv-none-embed-gcc-8.3.0-1.2/bin/../lib/gcc/riscv-none-embed/8.3.0/../../../../riscv-none-embed/lib/rv32i/ilp32/libc.a(lib_a-findfp.o)

.text.__sfmoreglue
                0x000000000000092c       0x80
 .text.__sfmoreglue
                0x000000000000092c       0x80 /opt/xpack-riscv-none-embed-gcc-8.3.0-1.2/bin/../lib/gcc/riscv-none-embed/8.3.0/../../../../riscv-none-embed/lib/rv32i/ilp32/libc.a(lib_a-findfp.o)
                0x000000000000092c                __sfmoreglue

.text._cleanup  0x00000000000009ac       0x1c
 .text._cleanup
                0x00000000000009ac       0x1c /opt/xpack-riscv-none-embed-gcc-8.3.0-1.2/bin/../lib/gcc/riscv-none-embed/8.3.0/../../../../riscv-none-embed/lib/rv32i/ilp32/libc.a(lib_a-findfp.o)
                0x00000000000009ac                _cleanup

.text.__sinit   0x00000000000009c8       0xa8
 .text.__sinit  0x00000000000009c8       0xa8 /opt/xpack-riscv-none-embed-gcc-8.3.0-1.2/bin/../lib/gcc/riscv-none-embed/8.3.0/../../../../riscv-none-embed/lib/rv32i/ilp32/libc.a(lib_a-findfp.o)
                0x00000000000009c8                __sinit

.text.__sfp     0x0000000000000a70      0x150
 .text.__sfp    0x0000000000000a70      0x150 /opt/xpack-riscv-none-embed-gcc-8.3.0-1.2/bin/../lib/gcc/riscv-none-embed/8.3.0/../../../../riscv-none-embed/lib/rv32i/ilp32/libc.a(lib_a-findfp.o)
                0x0000000000000a70                __sfp

.text.__sfp_lock_acquire
                0x0000000000000bc0       0x10
 .text.__sfp_lock_acquire
                0x0000000000000bc0       0x10 /opt/xpack-riscv-none-embed-gcc-8.3.0-1.2/bin/../lib/gcc/riscv-none-embed/8.3.0/../../../../riscv-none-embed/lib/rv32i/ilp32/libc.a(lib_a-findfp.o)
                0x0000000000000bc0                __sfp_lock_acquire

.text.__sfp_lock_release
                0x0000000000000bd0       0x10
 .text.__sfp_lock_release
                0x0000000000000bd0       0x10 /opt/xpack-riscv-none-embed-gcc-8.3.0-1.2/bin/../lib/gcc/riscv-none-embed/8.3.0/../../../../riscv-none-embed/lib/rv32i/ilp32/libc.a(lib_a-findfp.o)
                0x0000000000000bd0                __sfp_lock_release

.text.__sinit_lock_acquire
                0x0000000000000be0       0x10
 .text.__sinit_lock_acquire
                0x0000000000000be0       0x10 /opt/xpack-riscv-none-embed-gcc-8.3.0-1.2/bin/../lib/gcc/riscv-none-embed/8.3.0/../../../../riscv-none-embed/lib/rv32i/ilp32/libc.a(lib_a-findfp.o)
                0x0000000000000be0                __sinit_lock_acquire

.text.__sinit_lock_release
                0x0000000000000bf0       0x10
 .text.__sinit_lock_release
                0x0000000000000bf0       0x10 /opt/xpack-riscv-none-embed-gcc-8.3.0-1.2/bin/../lib/gcc/riscv-none-embed/8.3.0/../../../../riscv-none-embed/lib/rv32i/ilp32/libc.a(lib_a-findfp.o)
                0x0000000000000bf0                __sinit_lock_release

.text.__fp_lock_all
                0x0000000000000c00       0x3c
 .text.__fp_lock_all
                0x0000000000000c00       0x3c /opt/xpack-riscv-none-embed-gcc-8.3.0-1.2/bin/../lib/gcc/riscv-none-embed/8.3.0/../../../../riscv-none-embed/lib/rv32i/ilp32/libc.a(lib_a-findfp.o)
                0x0000000000000c00                __fp_lock_all

.text.__fp_unlock_all
                0x0000000000000c3c       0x3c
 .text.__fp_unlock_all
                0x0000000000000c3c       0x3c /opt/xpack-riscv-none-embed-gcc-8.3.0-1.2/bin/../lib/gcc/riscv-none-embed/8.3.0/../../../../riscv-none-embed/lib/rv32i/ilp32/libc.a(lib_a-findfp.o)
                0x0000000000000c3c                __fp_unlock_all

.text.__libc_fini_array
                0x0000000000000c78       0x60
 .text.__libc_fini_array
                0x0000000000000c78       0x60 /opt/xpack-riscv-none-embed-gcc-8.3.0-1.2/bin/../lib/gcc/riscv-none-embed/8.3.0/../../../../riscv-none-embed/lib/rv32i/ilp32/libc.a(lib_a-fini.o)
                0x0000000000000c78                __libc_fini_array

.text.__sfvwrite_r
                0x0000000000000cd8      0x4fc
 .text.__sfvwrite_r
                0x0000000000000cd8      0x4fc /opt/xpack-riscv-none-embed-gcc-8.3.0-1.2/bin/../lib/gcc/riscv-none-embed/8.3.0/../../../../riscv-none-embed/lib/rv32i/ilp32/libc.a(lib_a-fvwrite.o)
                0x0000000000000cd8                __sfvwrite_r

.text._fwalk    0x00000000000011d4       0xb0
 .text._fwalk   0x00000000000011d4       0xb0 /opt/xpack-riscv-none-embed-gcc-8.3.0-1.2/bin/../lib/gcc/riscv-none-embed/8.3.0/../../../../riscv-none-embed/lib/rv32i/ilp32/libc.a(lib_a-fwalk.o)
                0x00000000000011d4                _fwalk

.text._fwalk_reent
                0x0000000000001284       0xc0
 .text._fwalk_reent
                0x0000000000001284       0xc0 /opt/xpack-riscv-none-embed-gcc-8.3.0-1.2/bin/../lib/gcc/riscv-none-embed/8.3.0/../../../../riscv-none-embed/lib/rv32i/ilp32/libc.a(lib_a-fwalk.o)
                0x0000000000001284                _fwalk_reent

.text.__retarget_lock_init
                0x0000000000001344        0x4
 .text.__retarget_lock_init
                0x0000000000001344        0x4 /opt/xpack-riscv-none-embed-gcc-8.3.0-1.2/bin/../lib/gcc/riscv-none-embed/8.3.0/../../../../riscv-none-embed/lib/rv32i/ilp32/libc.a(lib_a-lock.o)
                0x0000000000001344                __retarget_lock_init

.text.__retarget_lock_init_recursive
                0x0000000000001348        0x4
 .text.__retarget_lock_init_recursive
                0x0000000000001348        0x4 /opt/xpack-riscv-none-embed-gcc-8.3.0-1.2/bin/../lib/gcc/riscv-none-embed/8.3.0/../../../../riscv-none-embed/lib/rv32i/ilp32/libc.a(lib_a-lock.o)
                0x0000000000001348                __retarget_lock_init_recursive

.text.__retarget_lock_close
                0x000000000000134c        0x4
 .text.__retarget_lock_close
                0x000000000000134c        0x4 /opt/xpack-riscv-none-embed-gcc-8.3.0-1.2/bin/../lib/gcc/riscv-none-embed/8.3.0/../../../../riscv-none-embed/lib/rv32i/ilp32/libc.a(lib_a-lock.o)
                0x000000000000134c                __retarget_lock_close

.text.__retarget_lock_close_recursive
                0x0000000000001350        0x4
 .text.__retarget_lock_close_recursive
                0x0000000000001350        0x4 /opt/xpack-riscv-none-embed-gcc-8.3.0-1.2/bin/../lib/gcc/riscv-none-embed/8.3.0/../../../../riscv-none-embed/lib/rv32i/ilp32/libc.a(lib_a-lock.o)
                0x0000000000001350                __retarget_lock_close_recursive

.text.__retarget_lock_acquire
                0x0000000000001354        0x4
 .text.__retarget_lock_acquire
                0x0000000000001354        0x4 /opt/xpack-riscv-none-embed-gcc-8.3.0-1.2/bin/../lib/gcc/riscv-none-embed/8.3.0/../../../../riscv-none-embed/lib/rv32i/ilp32/libc.a(lib_a-lock.o)
                0x0000000000001354                __retarget_lock_acquire

.text.__retarget_lock_acquire_recursive
                0x0000000000001358        0x4
 .text.__retarget_lock_acquire_recursive
                0x0000000000001358        0x4 /opt/xpack-riscv-none-embed-gcc-8.3.0-1.2/bin/../lib/gcc/riscv-none-embed/8.3.0/../../../../riscv-none-embed/lib/rv32i/ilp32/libc.a(lib_a-lock.o)
                0x0000000000001358                __retarget_lock_acquire_recursive

.text.__retarget_lock_try_acquire
                0x000000000000135c        0x8
 .text.__retarget_lock_try_acquire
                0x000000000000135c        0x8 /opt/xpack-riscv-none-embed-gcc-8.3.0-1.2/bin/../lib/gcc/riscv-none-embed/8.3.0/../../../../riscv-none-embed/lib/rv32i/ilp32/libc.a(lib_a-lock.o)
                0x000000000000135c                __retarget_lock_try_acquire

.text.__retarget_lock_try_acquire_recursive
                0x0000000000001364        0x8
 .text.__retarget_lock_try_acquire_recursive
                0x0000000000001364        0x8 /opt/xpack-riscv-none-embed-gcc-8.3.0-1.2/bin/../lib/gcc/riscv-none-embed/8.3.0/../../../../riscv-none-embed/lib/rv32i/ilp32/libc.a(lib_a-lock.o)
                0x0000000000001364                __retarget_lock_try_acquire_recursive

.text.__retarget_lock_release
                0x000000000000136c        0x4
 .text.__retarget_lock_release
                0x000000000000136c        0x4 /opt/xpack-riscv-none-embed-gcc-8.3.0-1.2/bin/../lib/gcc/riscv-none-embed/8.3.0/../../../../riscv-none-embed/lib/rv32i/ilp32/libc.a(lib_a-lock.o)
                0x000000000000136c                __retarget_lock_release

.text.__retarget_lock_release_recursive
                0x0000000000001370        0x4
 .text.__retarget_lock_release_recursive
                0x0000000000001370        0x4 /opt/xpack-riscv-none-embed-gcc-8.3.0-1.2/bin/../lib/gcc/riscv-none-embed/8.3.0/../../../../riscv-none-embed/lib/rv32i/ilp32/libc.a(lib_a-lock.o)
                0x0000000000001370                __retarget_lock_release_recursive

.text._malloc_r
                0x0000000000001374      0x870
 .text._malloc_r
                0x0000000000001374      0x870 /opt/xpack-riscv-none-embed-gcc-8.3.0-1.2/bin/../lib/gcc/riscv-none-embed/8.3.0/../../../../riscv-none-embed/lib/rv32i/ilp32/libc.a(lib_a-mallocr.o)
                0x0000000000001374                _malloc_r

.text.memchr    0x0000000000001be4       0xdc
 .text.memchr   0x0000000000001be4       0xdc /opt/xpack-riscv-none-embed-gcc-8.3.0-1.2/bin/../lib/gcc/riscv-none-embed/8.3.0/../../../../riscv-none-embed/lib/rv32i/ilp32/libc.a(lib_a-memchr.o)
                0x0000000000001be4                memchr

.text.memcpy    0x0000000000001cc0      0x11c
 .text.memcpy   0x0000000000001cc0      0x11c /opt/xpack-riscv-none-embed-gcc-8.3.0-1.2/bin/../lib/gcc/riscv-none-embed/8.3.0/../../../../riscv-none-embed/lib/rv32i/ilp32/libc.a(lib_a-memcpy.o)
                0x0000000000001cc0                memcpy

.text.memmove   0x0000000000001ddc      0x120
 .text.memmove  0x0000000000001ddc      0x120 /opt/xpack-riscv-none-embed-gcc-8.3.0-1.2/bin/../lib/gcc/riscv-none-embed/8.3.0/../../../../riscv-none-embed/lib/rv32i/ilp32/libc.a(lib_a-memmove-stub.o)
                0x0000000000001ddc                memmove

.text.__malloc_lock
                0x0000000000001efc       0x10
 .text.__malloc_lock
                0x0000000000001efc       0x10 /opt/xpack-riscv-none-embed-gcc-8.3.0-1.2/bin/../lib/gcc/riscv-none-embed/8.3.0/../../../../riscv-none-embed/lib/rv32i/ilp32/libc.a(lib_a-mlock.o)
                0x0000000000001efc                __malloc_lock

.text.__malloc_unlock
                0x0000000000001f0c       0x10
 .text.__malloc_unlock
                0x0000000000001f0c       0x10 /opt/xpack-riscv-none-embed-gcc-8.3.0-1.2/bin/../lib/gcc/riscv-none-embed/8.3.0/../../../../riscv-none-embed/lib/rv32i/ilp32/libc.a(lib_a-mlock.o)
                0x0000000000001f0c                __malloc_unlock

.text._realloc_r
                0x0000000000001f1c      0x60c
 .text._realloc_r
                0x0000000000001f1c      0x60c /opt/xpack-riscv-none-embed-gcc-8.3.0-1.2/bin/../lib/gcc/riscv-none-embed/8.3.0/../../../../riscv-none-embed/lib/rv32i/ilp32/libc.a(lib_a-reallocr.o)
                0x0000000000001f1c                _realloc_r

.text._sbrk_r   0x0000000000002528       0x60
 .text._sbrk_r  0x0000000000002528       0x60 /opt/xpack-riscv-none-embed-gcc-8.3.0-1.2/bin/../lib/gcc/riscv-none-embed/8.3.0/../../../../riscv-none-embed/lib/rv32i/ilp32/libc.a(lib_a-sbrkr.o)
                0x0000000000002528                _sbrk_r

.text.__sread   0x0000000000002588       0x60
 .text.__sread  0x0000000000002588       0x60 /opt/xpack-riscv-none-embed-gcc-8.3.0-1.2/bin/../lib/gcc/riscv-none-embed/8.3.0/../../../../riscv-none-embed/lib/rv32i/ilp32/libc.a(lib_a-stdio.o)
                0x0000000000002588                __sread

.text.__seofread
                0x00000000000025e8        0x8
 .text.__seofread
                0x00000000000025e8        0x8 /opt/xpack-riscv-none-embed-gcc-8.3.0-1.2/bin/../lib/gcc/riscv-none-embed/8.3.0/../../../../riscv-none-embed/lib/rv32i/ilp32/libc.a(lib_a-stdio.o)
                0x00000000000025e8                __seofread

.text.__swrite  0x00000000000025f0       0x90
 .text.__swrite
                0x00000000000025f0       0x90 /opt/xpack-riscv-none-embed-gcc-8.3.0-1.2/bin/../lib/gcc/riscv-none-embed/8.3.0/../../../../riscv-none-embed/lib/rv32i/ilp32/libc.a(lib_a-stdio.o)
                0x00000000000025f0                __swrite

.text.__sseek   0x0000000000002680       0x6c
 .text.__sseek  0x0000000000002680       0x6c /opt/xpack-riscv-none-embed-gcc-8.3.0-1.2/bin/../lib/gcc/riscv-none-embed/8.3.0/../../../../riscv-none-embed/lib/rv32i/ilp32/libc.a(lib_a-stdio.o)
                0x0000000000002680                __sseek

.text.__sclose  0x00000000000026ec        0xc
 .text.__sclose
                0x00000000000026ec        0xc /opt/xpack-riscv-none-embed-gcc-8.3.0-1.2/bin/../lib/gcc/riscv-none-embed/8.3.0/../../../../riscv-none-embed/lib/rv32i/ilp32/libc.a(lib_a-stdio.o)
                0x00000000000026ec                __sclose

.text._write_r  0x00000000000026f8       0x6c
 .text._write_r
                0x00000000000026f8       0x6c /opt/xpack-riscv-none-embed-gcc-8.3.0-1.2/bin/../lib/gcc/riscv-none-embed/8.3.0/../../../../riscv-none-embed/lib/rv32i/ilp32/libc.a(lib_a-writer.o)
                0x00000000000026f8                _write_r

.text.__swsetup_r
                0x0000000000002764      0x178
 .text.__swsetup_r
                0x0000000000002764      0x178 /opt/xpack-riscv-none-embed-gcc-8.3.0-1.2/bin/../lib/gcc/riscv-none-embed/8.3.0/../../../../riscv-none-embed/lib/rv32i/ilp32/libc.a(lib_a-wsetup.o)
                0x0000000000002764                __swsetup_r

.text.atexit    0x00000000000028dc       0x18
 .text.atexit   0x00000000000028dc       0x18 /opt/xpack-riscv-none-embed-gcc-8.3.0-1.2/bin/../lib/gcc/riscv-none-embed/8.3.0/../../../../riscv-none-embed/lib/rv32i/ilp32/libc.a(lib_a-atexit.o)
                0x00000000000028dc                atexit

.text._close_r  0x00000000000028f4       0x60
 .text._close_r
                0x00000000000028f4       0x60 /opt/xpack-riscv-none-embed-gcc-8.3.0-1.2/bin/../lib/gcc/riscv-none-embed/8.3.0/../../../../riscv-none-embed/lib/rv32i/ilp32/libc.a(lib_a-closer.o)
                0x00000000000028f4                _close_r

.text._fclose_r
                0x0000000000002954      0x1b8
 .text._fclose_r
                0x0000000000002954      0x1b8 /opt/xpack-riscv-none-embed-gcc-8.3.0-1.2/bin/../lib/gcc/riscv-none-embed/8.3.0/../../../../riscv-none-embed/lib/rv32i/ilp32/libc.a(lib_a-fclose.o)
                0x0000000000002954                _fclose_r

.text.fclose    0x0000000000002b0c       0x18
 .text.fclose   0x0000000000002b0c       0x18 /opt/xpack-riscv-none-embed-gcc-8.3.0-1.2/bin/../lib/gcc/riscv-none-embed/8.3.0/../../../../riscv-none-embed/lib/rv32i/ilp32/libc.a(lib_a-fclose.o)
                0x0000000000002b0c                fclose

.text.__sflush_r
                0x0000000000002b24      0x260
 .text.__sflush_r
                0x0000000000002b24      0x260 /opt/xpack-riscv-none-embed-gcc-8.3.0-1.2/bin/../lib/gcc/riscv-none-embed/8.3.0/../../../../riscv-none-embed/lib/rv32i/ilp32/libc.a(lib_a-fflush.o)
                0x0000000000002b24                __sflush_r

.text._fflush_r
                0x0000000000002d84       0xf4
 .text._fflush_r
                0x0000000000002d84       0xf4 /opt/xpack-riscv-none-embed-gcc-8.3.0-1.2/bin/../lib/gcc/riscv-none-embed/8.3.0/../../../../riscv-none-embed/lib/rv32i/ilp32/libc.a(lib_a-fflush.o)
                0x0000000000002d84                _fflush_r

.text.fflush    0x0000000000002e78       0x38
 .text.fflush   0x0000000000002e78       0x38 /opt/xpack-riscv-none-embed-gcc-8.3.0-1.2/bin/../lib/gcc/riscv-none-embed/8.3.0/../../../../riscv-none-embed/lib/rv32i/ilp32/libc.a(lib_a-fflush.o)
                0x0000000000002e78                fflush

.text._malloc_trim_r
                0x0000000000002eb0      0x154
 .text._malloc_trim_r
                0x0000000000002eb0      0x154 /opt/xpack-riscv-none-embed-gcc-8.3.0-1.2/bin/../lib/gcc/riscv-none-embed/8.3.0/../../../../riscv-none-embed/lib/rv32i/ilp32/libc.a(lib_a-freer.o)
                0x0000000000002eb0                _malloc_trim_r

.text._free_r   0x0000000000003004      0x330
 .text._free_r  0x0000000000003004      0x330 /opt/xpack-riscv-none-embed-gcc-8.3.0-1.2/bin/../lib/gcc/riscv-none-embed/8.3.0/../../../../riscv-none-embed/lib/rv32i/ilp32/libc.a(lib_a-freer.o)
                0x0000000000003004                _free_r

.text._lseek_r  0x0000000000003334       0x6c
 .text._lseek_r
                0x0000000000003334       0x6c /opt/xpack-riscv-none-embed-gcc-8.3.0-1.2/bin/../lib/gcc/riscv-none-embed/8.3.0/../../../../riscv-none-embed/lib/rv32i/ilp32/libc.a(lib_a-lseekr.o)
                0x0000000000003334                _lseek_r

.text.__swhatbuf_r
                0x00000000000033a0       0xd4
 .text.__swhatbuf_r
                0x00000000000033a0       0xd4 /opt/xpack-riscv-none-embed-gcc-8.3.0-1.2/bin/../lib/gcc/riscv-none-embed/8.3.0/../../../../riscv-none-embed/lib/rv32i/ilp32/libc.a(lib_a-makebuf.o)
                0x00000000000033a0                __swhatbuf_r

.text.__smakebuf_r
                0x0000000000003474      0x12c
 .text.__smakebuf_r
                0x0000000000003474      0x12c /opt/xpack-riscv-none-embed-gcc-8.3.0-1.2/bin/../lib/gcc/riscv-none-embed/8.3.0/../../../../riscv-none-embed/lib/rv32i/ilp32/libc.a(lib_a-makebuf.o)
                0x0000000000003474                __smakebuf_r

.text._read_r   0x00000000000035a0       0x6c
 .text._read_r  0x00000000000035a0       0x6c /opt/xpack-riscv-none-embed-gcc-8.3.0-1.2/bin/../lib/gcc/riscv-none-embed/8.3.0/../../../../riscv-none-embed/lib/rv32i/ilp32/libc.a(lib_a-readr.o)
                0x00000000000035a0                _read_r

.text.cleanup_glue
                0x000000000000360c       0x48
 .text.cleanup_glue
                0x000000000000360c       0x48 /opt/xpack-riscv-none-embed-gcc-8.3.0-1.2/bin/../lib/gcc/riscv-none-embed/8.3.0/../../../../riscv-none-embed/lib/rv32i/ilp32/libc.a(lib_a-reent.o)
                0x000000000000360c                cleanup_glue

.text._reclaim_reent
                0x0000000000003654      0x12c
 .text._reclaim_reent
                0x0000000000003654      0x12c /opt/xpack-riscv-none-embed-gcc-8.3.0-1.2/bin/../lib/gcc/riscv-none-embed/8.3.0/../../../../riscv-none-embed/lib/rv32i/ilp32/libc.a(lib_a-reent.o)
                0x0000000000003654                _reclaim_reent

.text.__register_exitproc
                0x0000000000003780       0xfc
 .text.__register_exitproc
                0x0000000000003780       0xfc /opt/xpack-riscv-none-embed-gcc-8.3.0-1.2/bin/../lib/gcc/riscv-none-embed/8.3.0/../../../../riscv-none-embed/lib/rv32i/ilp32/libc.a(lib_a-__atexit.o)
                0x0000000000003780                __register_exitproc

.text._fstat_r  0x000000000000387c       0x68
 .text._fstat_r
                0x000000000000387c       0x68 /opt/xpack-riscv-none-embed-gcc-8.3.0-1.2/bin/../lib/gcc/riscv-none-embed/8.3.0/../../../../riscv-none-embed/lib/rv32i/ilp32/libc.a(lib_a-fstatr.o)
                0x000000000000387c                _fstat_r

.text._isatty_r
                0x00000000000038e4       0x60
 .text._isatty_r
                0x00000000000038e4       0x60 /opt/xpack-riscv-none-embed-gcc-8.3.0-1.2/bin/../lib/gcc/riscv-none-embed/8.3.0/../../../../riscv-none-embed/lib/rv32i/ilp32/libc.a(lib_a-isattyr.o)
                0x00000000000038e4                _isatty_r

.text._close    0x0000000000003944       0x14
 .text._close   0x0000000000003944       0x14 /opt/xpack-riscv-none-embed-gcc-8.3.0-1.2/bin/../lib/gcc/riscv-none-embed/8.3.0/../../../../riscv-none-embed/lib/rv32i/ilp32/libnosys.a(close.o)
                0x0000000000003944                _close

.text._fstat    0x0000000000003958       0x14
 .text._fstat   0x0000000000003958       0x14 /opt/xpack-riscv-none-embed-gcc-8.3.0-1.2/bin/../lib/gcc/riscv-none-embed/8.3.0/../../../../riscv-none-embed/lib/rv32i/ilp32/libnosys.a(fstat.o)
                0x0000000000003958                _fstat

.text._isatty   0x000000000000396c       0x14
 .text._isatty  0x000000000000396c       0x14 /opt/xpack-riscv-none-embed-gcc-8.3.0-1.2/bin/../lib/gcc/riscv-none-embed/8.3.0/../../../../riscv-none-embed/lib/rv32i/ilp32/libnosys.a(isatty.o)
                0x000000000000396c                _isatty

.text._lseek    0x0000000000003980       0x14
 .text._lseek   0x0000000000003980       0x14 /opt/xpack-riscv-none-embed-gcc-8.3.0-1.2/bin/../lib/gcc/riscv-none-embed/8.3.0/../../../../riscv-none-embed/lib/rv32i/ilp32/libnosys.a(lseek.o)
                0x0000000000003980                _lseek

.text._read     0x0000000000003994       0x14
 .text._read    0x0000000000003994       0x14 /opt/xpack-riscv-none-embed-gcc-8.3.0-1.2/bin/../lib/gcc/riscv-none-embed/8.3.0/../../../../riscv-none-embed/lib/rv32i/ilp32/libnosys.a(read.o)
                0x0000000000003994                _read

.text._sbrk     0x00000000000039a8       0x40
 .text._sbrk    0x00000000000039a8       0x40 /opt/xpack-riscv-none-embed-gcc-8.3.0-1.2/bin/../lib/gcc/riscv-none-embed/8.3.0/../../../../riscv-none-embed/lib/rv32i/ilp32/libnosys.a(sbrk.o)
                0x00000000000039a8                _sbrk

.text._write    0x00000000000039e8       0x14
 .text._write   0x00000000000039e8       0x14 /opt/xpack-riscv-none-embed-gcc-8.3.0-1.2/bin/../lib/gcc/riscv-none-embed/8.3.0/../../../../riscv-none-embed/lib/rv32i/ilp32/libnosys.a(write.o)
                0x00000000000039e8                _write

.text._exit     0x00000000000039fc        0x4
 .text._exit    0x00000000000039fc        0x4 /opt/xpack-riscv-none-embed-gcc-8.3.0-1.2/bin/../lib/gcc/riscv-none-embed/8.3.0/../../../../riscv-none-embed/lib/rv32i/ilp32/libnosys.a(_exit.o)
                0x00000000000039fc                _exit

.rodata         0x0000000000003a00       0x10
                0x0000000000003a00                . = ALIGN (0x4)
                [!provide]                        PROVIDE (_srodata = .)
 *(.rodata)
 *(.rodata.*)
 .rodata.str1.4
                0x0000000000003a00        0xc main.o
 .rodata._puts_r.str1.4
                0x0000000000003a0c        0x4 /opt/xpack-riscv-none-embed-gcc-8.3.0-1.2/bin/../lib/gcc/riscv-none-embed/8.3.0/../../../../riscv-none-embed/lib/rv32i/ilp32/libc.a(lib_a-puts.o)
                                          0x2 (size before relaxing)
                0x0000000000003a10                . = ALIGN (0x4)
                [!provide]                        PROVIDE (_erodata = .)

.eh_frame       0x0000000000003a10       0xfc
 .eh_frame      0x0000000000003a10        0x0 /opt/xpack-riscv-none-embed-gcc-8.3.0-1.2/bin/../lib/gcc/riscv-none-embed/8.3.0/rv32i/ilp32/crtbegin.o
 .eh_frame      0x0000000000003a10       0x3c init1.o
 .eh_frame      0x0000000000003a4c       0x1c main.o
                                         0x30 (size before relaxing)
 .eh_frame      0x0000000000003a68       0xa0 syscalls.o
                                         0xb4 (size before relaxing)
 .eh_frame      0x0000000000003b08        0x4 /opt/xpack-riscv-none-embed-gcc-8.3.0-1.2/bin/../lib/gcc/riscv-none-embed/8.3.0/rv32i/ilp32/crtend.o

.sdata2         0x0000000000003b0c        0x4
 *(.sdata2)
 *(.sdata2.*)
 .sdata2._global_impure_ptr
                0x0000000000003b0c        0x4 /opt/xpack-riscv-none-embed-gcc-8.3.0-1.2/bin/../lib/gcc/riscv-none-embed/8.3.0/../../../../riscv-none-embed/lib/rv32i/ilp32/libc.a(lib_a-impure.o)
                0x0000000000003b0c                _global_impure_ptr

.rela.dyn       0x0000000000003b10        0x0
 .rela.text     0x0000000000003b10        0x0 /opt/xpack-riscv-none-embed-gcc-8.3.0-1.2/bin/../lib/gcc/riscv-none-embed/8.3.0/../../../../riscv-none-embed/lib/rv32i/ilp32/crt0.o
 .rela.text.__do_global_dtors_aux
                0x0000000000003b10        0x0 /opt/xpack-riscv-none-embed-gcc-8.3.0-1.2/bin/../lib/gcc/riscv-none-embed/8.3.0/../../../../riscv-none-embed/lib/rv32i/ilp32/crt0.o
 .rela.text.frame_dummy
                0x0000000000003b10        0x0 /opt/xpack-riscv-none-embed-gcc-8.3.0-1.2/bin/../lib/gcc/riscv-none-embed/8.3.0/../../../../riscv-none-embed/lib/rv32i/ilp32/crt0.o
 .rela.init     0x0000000000003b10        0x0 /opt/xpack-riscv-none-embed-gcc-8.3.0-1.2/bin/../lib/gcc/riscv-none-embed/8.3.0/../../../../riscv-none-embed/lib/rv32i/ilp32/crt0.o
 .rela.vector_section
                0x0000000000003b10        0x0 /opt/xpack-riscv-none-embed-gcc-8.3.0-1.2/bin/../lib/gcc/riscv-none-embed/8.3.0/../../../../riscv-none-embed/lib/rv32i/ilp32/crt0.o
 .rela.text.__libc_init_array
                0x0000000000003b10        0x0 /opt/xpack-riscv-none-embed-gcc-8.3.0-1.2/bin/../lib/gcc/riscv-none-embed/8.3.0/../../../../riscv-none-embed/lib/rv32i/ilp32/crt0.o
 .rela.text.startup.register_fini
                0x0000000000003b10        0x0 /opt/xpack-riscv-none-embed-gcc-8.3.0-1.2/bin/../lib/gcc/riscv-none-embed/8.3.0/../../../../riscv-none-embed/lib/rv32i/ilp32/crt0.o
 .rela.sdata.__atexit_recursive_mutex
                0x0000000000003b10        0x0 /opt/xpack-riscv-none-embed-gcc-8.3.0-1.2/bin/../lib/gcc/riscv-none-embed/8.3.0/../../../../riscv-none-embed/lib/rv32i/ilp32/crt0.o
 .rela.text.__sinit
                0x0000000000003b10        0x0 /opt/xpack-riscv-none-embed-gcc-8.3.0-1.2/bin/../lib/gcc/riscv-none-embed/8.3.0/../../../../riscv-none-embed/lib/rv32i/ilp32/crt0.o
 .rela.text.__sfp
                0x0000000000003b10        0x0 /opt/xpack-riscv-none-embed-gcc-8.3.0-1.2/bin/../lib/gcc/riscv-none-embed/8.3.0/../../../../riscv-none-embed/lib/rv32i/ilp32/crt0.o
 .rela.text.__sfp_lock_acquire
                0x0000000000003b10        0x0 /opt/xpack-riscv-none-embed-gcc-8.3.0-1.2/bin/../lib/gcc/riscv-none-embed/8.3.0/../../../../riscv-none-embed/lib/rv32i/ilp32/crt0.o
 .rela.text.__sfp_lock_release
                0x0000000000003b10        0x0 /opt/xpack-riscv-none-embed-gcc-8.3.0-1.2/bin/../lib/gcc/riscv-none-embed/8.3.0/../../../../riscv-none-embed/lib/rv32i/ilp32/crt0.o
 .rela.text.__sinit_lock_acquire
                0x0000000000003b10        0x0 /opt/xpack-riscv-none-embed-gcc-8.3.0-1.2/bin/../lib/gcc/riscv-none-embed/8.3.0/../../../../riscv-none-embed/lib/rv32i/ilp32/crt0.o
 .rela.text.__sinit_lock_release
                0x0000000000003b10        0x0 /opt/xpack-riscv-none-embed-gcc-8.3.0-1.2/bin/../lib/gcc/riscv-none-embed/8.3.0/../../../../riscv-none-embed/lib/rv32i/ilp32/crt0.o
 .rela.text.__fp_lock_all
                0x0000000000003b10        0x0 /opt/xpack-riscv-none-embed-gcc-8.3.0-1.2/bin/../lib/gcc/riscv-none-embed/8.3.0/../../../../riscv-none-embed/lib/rv32i/ilp32/crt0.o
 .rela.text.__fp_unlock_all
                0x0000000000003b10        0x0 /opt/xpack-riscv-none-embed-gcc-8.3.0-1.2/bin/../lib/gcc/riscv-none-embed/8.3.0/../../../../riscv-none-embed/lib/rv32i/ilp32/crt0.o
 .rela.text.__libc_fini_array
                0x0000000000003b10        0x0 /opt/xpack-riscv-none-embed-gcc-8.3.0-1.2/bin/../lib/gcc/riscv-none-embed/8.3.0/../../../../riscv-none-embed/lib/rv32i/ilp32/crt0.o
 .rela.text.__malloc_lock
                0x0000000000003b10        0x0 /opt/xpack-riscv-none-embed-gcc-8.3.0-1.2/bin/../lib/gcc/riscv-none-embed/8.3.0/../../../../riscv-none-embed/lib/rv32i/ilp32/crt0.o
 .rela.text.__malloc_unlock
                0x0000000000003b10        0x0 /opt/xpack-riscv-none-embed-gcc-8.3.0-1.2/bin/../lib/gcc/riscv-none-embed/8.3.0/../../../../riscv-none-embed/lib/rv32i/ilp32/crt0.o
 .rela.text._sbrk_r
                0x0000000000003b10        0x0 /opt/xpack-riscv-none-embed-gcc-8.3.0-1.2/bin/../lib/gcc/riscv-none-embed/8.3.0/../../../../riscv-none-embed/lib/rv32i/ilp32/crt0.o
 .rela.text._write_r
                0x0000000000003b10        0x0 /opt/xpack-riscv-none-embed-gcc-8.3.0-1.2/bin/../lib/gcc/riscv-none-embed/8.3.0/../../../../riscv-none-embed/lib/rv32i/ilp32/crt0.o
 .rela.text._close_r
                0x0000000000003b10        0x0 /opt/xpack-riscv-none-embed-gcc-8.3.0-1.2/bin/../lib/gcc/riscv-none-embed/8.3.0/../../../../riscv-none-embed/lib/rv32i/ilp32/crt0.o
 .rela.text._lseek_r
                0x0000000000003b10        0x0 /opt/xpack-riscv-none-embed-gcc-8.3.0-1.2/bin/../lib/gcc/riscv-none-embed/8.3.0/../../../../riscv-none-embed/lib/rv32i/ilp32/crt0.o
 .rela.text._read_r
                0x0000000000003b10        0x0 /opt/xpack-riscv-none-embed-gcc-8.3.0-1.2/bin/../lib/gcc/riscv-none-embed/8.3.0/../../../../riscv-none-embed/lib/rv32i/ilp32/crt0.o
 .rela.text._fstat_r
                0x0000000000003b10        0x0 /opt/xpack-riscv-none-embed-gcc-8.3.0-1.2/bin/../lib/gcc/riscv-none-embed/8.3.0/../../../../riscv-none-embed/lib/rv32i/ilp32/crt0.o
 .rela.text._isatty_r
                0x0000000000003b10        0x0 /opt/xpack-riscv-none-embed-gcc-8.3.0-1.2/bin/../lib/gcc/riscv-none-embed/8.3.0/../../../../riscv-none-embed/lib/rv32i/ilp32/crt0.o
 .rela.text._close
                0x0000000000003b10        0x0 /opt/xpack-riscv-none-embed-gcc-8.3.0-1.2/bin/../lib/gcc/riscv-none-embed/8.3.0/../../../../riscv-none-embed/lib/rv32i/ilp32/crt0.o
 .rela.text._fstat
                0x0000000000003b10        0x0 /opt/xpack-riscv-none-embed-gcc-8.3.0-1.2/bin/../lib/gcc/riscv-none-embed/8.3.0/../../../../riscv-none-embed/lib/rv32i/ilp32/crt0.o
 .rela.text._isatty
                0x0000000000003b10        0x0 /opt/xpack-riscv-none-embed-gcc-8.3.0-1.2/bin/../lib/gcc/riscv-none-embed/8.3.0/../../../../riscv-none-embed/lib/rv32i/ilp32/crt0.o
 .rela.text._lseek
                0x0000000000003b10        0x0 /opt/xpack-riscv-none-embed-gcc-8.3.0-1.2/bin/../lib/gcc/riscv-none-embed/8.3.0/../../../../riscv-none-embed/lib/rv32i/ilp32/crt0.o
 .rela.text._read
                0x0000000000003b10        0x0 /opt/xpack-riscv-none-embed-gcc-8.3.0-1.2/bin/../lib/gcc/riscv-none-embed/8.3.0/../../../../riscv-none-embed/lib/rv32i/ilp32/crt0.o
 .rela.text._sbrk
                0x0000000000003b10        0x0 /opt/xpack-riscv-none-embed-gcc-8.3.0-1.2/bin/../lib/gcc/riscv-none-embed/8.3.0/../../../../riscv-none-embed/lib/rv32i/ilp32/crt0.o
 .rela.text._write
                0x0000000000003b10        0x0 /opt/xpack-riscv-none-embed-gcc-8.3.0-1.2/bin/../lib/gcc/riscv-none-embed/8.3.0/../../../../riscv-none-embed/lib/rv32i/ilp32/crt0.o

.data           0x0000000000003b10      0x830
                0x0000000000003b10                . = ALIGN (0x4)
                [!provide]                        PROVIDE (_sdata = .)
 *(.data)
 .data          0x0000000000003b10        0x0 /opt/xpack-riscv-none-embed-gcc-8.3.0-1.2/bin/../lib/gcc/riscv-none-embed/8.3.0/../../../../riscv-none-embed/lib/rv32i/ilp32/crt0.o
 .data          0x0000000000003b10        0x0 /opt/xpack-riscv-none-embed-gcc-8.3.0-1.2/bin/../lib/gcc/riscv-none-embed/8.3.0/rv32i/ilp32/crtbegin.o
 .data          0x0000000000003b10        0x0 init.o
 .data          0x0000000000003b10        0x0 init1.o
 .data          0x0000000000003b10        0x0 main.o
 .data          0x0000000000003b10        0x0 syscalls.o
 .data          0x0000000000003b10        0x0 /opt/xpack-riscv-none-embed-gcc-8.3.0-1.2/bin/../lib/gcc/riscv-none-embed/8.3.0/../../../../riscv-none-embed/lib/rv32i/ilp32/libc.a(lib_a-exit.o)
 .data          0x0000000000003b10        0x0 /opt/xpack-riscv-none-embed-gcc-8.3.0-1.2/bin/../lib/gcc/riscv-none-embed/8.3.0/../../../../riscv-none-embed/lib/rv32i/ilp32/libc.a(lib_a-impure.o)
 .data          0x0000000000003b10        0x0 /opt/xpack-riscv-none-embed-gcc-8.3.0-1.2/bin/../lib/gcc/riscv-none-embed/8.3.0/../../../../riscv-none-embed/lib/rv32i/ilp32/libc.a(lib_a-init.o)
 .data          0x0000000000003b10        0x0 /opt/xpack-riscv-none-embed-gcc-8.3.0-1.2/bin/../lib/gcc/riscv-none-embed/8.3.0/../../../../riscv-none-embed/lib/rv32i/ilp32/libc.a(lib_a-memset.o)
 .data          0x0000000000003b10        0x0 /opt/xpack-riscv-none-embed-gcc-8.3.0-1.2/bin/../lib/gcc/riscv-none-embed/8.3.0/../../../../riscv-none-embed/lib/rv32i/ilp32/libc.a(lib_a-puts.o)
 .data          0x0000000000003b10        0x0 /opt/xpack-riscv-none-embed-gcc-8.3.0-1.2/bin/../lib/gcc/riscv-none-embed/8.3.0/../../../../riscv-none-embed/lib/rv32i/ilp32/libc.a(lib_a-strlen.o)
 .data          0x0000000000003b10        0x0 /opt/xpack-riscv-none-embed-gcc-8.3.0-1.2/bin/../lib/gcc/riscv-none-embed/8.3.0/../../../../riscv-none-embed/lib/rv32i/ilp32/libc.a(lib_a-__call_atexit.o)
 .data          0x0000000000003b10        0x0 /opt/xpack-riscv-none-embed-gcc-8.3.0-1.2/bin/../lib/gcc/riscv-none-embed/8.3.0/../../../../riscv-none-embed/lib/rv32i/ilp32/libc.a(lib_a-findfp.o)
 .data          0x0000000000003b10        0x0 /opt/xpack-riscv-none-embed-gcc-8.3.0-1.2/bin/../lib/gcc/riscv-none-embed/8.3.0/../../../../riscv-none-embed/lib/rv32i/ilp32/libc.a(lib_a-fini.o)
 .data          0x0000000000003b10        0x0 /opt/xpack-riscv-none-embed-gcc-8.3.0-1.2/bin/../lib/gcc/riscv-none-embed/8.3.0/../../../../riscv-none-embed/lib/rv32i/ilp32/libc.a(lib_a-fvwrite.o)
 .data          0x0000000000003b10        0x0 /opt/xpack-riscv-none-embed-gcc-8.3.0-1.2/bin/../lib/gcc/riscv-none-embed/8.3.0/../../../../riscv-none-embed/lib/rv32i/ilp32/libc.a(lib_a-fwalk.o)
 .data          0x0000000000003b10        0x0 /opt/xpack-riscv-none-embed-gcc-8.3.0-1.2/bin/../lib/gcc/riscv-none-embed/8.3.0/../../../../riscv-none-embed/lib/rv32i/ilp32/libc.a(lib_a-lock.o)
 .data          0x0000000000003b10        0x0 /opt/xpack-riscv-none-embed-gcc-8.3.0-1.2/bin/../lib/gcc/riscv-none-embed/8.3.0/../../../../riscv-none-embed/lib/rv32i/ilp32/libc.a(lib_a-mallocr.o)
 .data          0x0000000000003b10        0x0 /opt/xpack-riscv-none-embed-gcc-8.3.0-1.2/bin/../lib/gcc/riscv-none-embed/8.3.0/../../../../riscv-none-embed/lib/rv32i/ilp32/libc.a(lib_a-memchr.o)
 .data          0x0000000000003b10        0x0 /opt/xpack-riscv-none-embed-gcc-8.3.0-1.2/bin/../lib/gcc/riscv-none-embed/8.3.0/../../../../riscv-none-embed/lib/rv32i/ilp32/libc.a(lib_a-memcpy.o)
 .data          0x0000000000003b10        0x0 /opt/xpack-riscv-none-embed-gcc-8.3.0-1.2/bin/../lib/gcc/riscv-none-embed/8.3.0/../../../../riscv-none-embed/lib/rv32i/ilp32/libc.a(lib_a-memmove-stub.o)
 .data          0x0000000000003b10        0x0 /opt/xpack-riscv-none-embed-gcc-8.3.0-1.2/bin/../lib/gcc/riscv-none-embed/8.3.0/../../../../riscv-none-embed/lib/rv32i/ilp32/libc.a(lib_a-mlock.o)
 .data          0x0000000000003b10        0x0 /opt/xpack-riscv-none-embed-gcc-8.3.0-1.2/bin/../lib/gcc/riscv-none-embed/8.3.0/../../../../riscv-none-embed/lib/rv32i/ilp32/libc.a(lib_a-reallocr.o)
 .data          0x0000000000003b10        0x0 /opt/xpack-riscv-none-embed-gcc-8.3.0-1.2/bin/../lib/gcc/riscv-none-embed/8.3.0/../../../../riscv-none-embed/lib/rv32i/ilp32/libc.a(lib_a-sbrkr.o)
 .data          0x0000000000003b10        0x0 /opt/xpack-riscv-none-embed-gcc-8.3.0-1.2/bin/../lib/gcc/riscv-none-embed/8.3.0/../../../../riscv-none-embed/lib/rv32i/ilp32/libc.a(lib_a-stdio.o)
 .data          0x0000000000003b10        0x0 /opt/xpack-riscv-none-embed-gcc-8.3.0-1.2/bin/../lib/gcc/riscv-none-embed/8.3.0/../../../../riscv-none-embed/lib/rv32i/ilp32/libc.a(lib_a-writer.o)
 .data          0x0000000000003b10        0x0 /opt/xpack-riscv-none-embed-gcc-8.3.0-1.2/bin/../lib/gcc/riscv-none-embed/8.3.0/../../../../riscv-none-embed/lib/rv32i/ilp32/libc.a(lib_a-wsetup.o)
 .data          0x0000000000003b10        0x0 /opt/xpack-riscv-none-embed-gcc-8.3.0-1.2/bin/../lib/gcc/riscv-none-embed/8.3.0/../../../../riscv-none-embed/lib/rv32i/ilp32/libc.a(lib_a-atexit.o)
 .data          0x0000000000003b10        0x0 /opt/xpack-riscv-none-embed-gcc-8.3.0-1.2/bin/../lib/gcc/riscv-none-embed/8.3.0/../../../../riscv-none-embed/lib/rv32i/ilp32/libc.a(lib_a-closer.o)
 .data          0x0000000000003b10        0x0 /opt/xpack-riscv-none-embed-gcc-8.3.0-1.2/bin/../lib/gcc/riscv-none-embed/8.3.0/../../../../riscv-none-embed/lib/rv32i/ilp32/libc.a(lib_a-fclose.o)
 .data          0x0000000000003b10        0x0 /opt/xpack-riscv-none-embed-gcc-8.3.0-1.2/bin/../lib/gcc/riscv-none-embed/8.3.0/../../../../riscv-none-embed/lib/rv32i/ilp32/libc.a(lib_a-fflush.o)
 .data          0x0000000000003b10        0x0 /opt/xpack-riscv-none-embed-gcc-8.3.0-1.2/bin/../lib/gcc/riscv-none-embed/8.3.0/../../../../riscv-none-embed/lib/rv32i/ilp32/libc.a(lib_a-freer.o)
 .data          0x0000000000003b10        0x0 /opt/xpack-riscv-none-embed-gcc-8.3.0-1.2/bin/../lib/gcc/riscv-none-embed/8.3.0/../../../../riscv-none-embed/lib/rv32i/ilp32/libc.a(lib_a-lseekr.o)
 .data          0x0000000000003b10        0x0 /opt/xpack-riscv-none-embed-gcc-8.3.0-1.2/bin/../lib/gcc/riscv-none-embed/8.3.0/../../../../riscv-none-embed/lib/rv32i/ilp32/libc.a(lib_a-makebuf.o)
 .data          0x0000000000003b10        0x0 /opt/xpack-riscv-none-embed-gcc-8.3.0-1.2/bin/../lib/gcc/riscv-none-embed/8.3.0/../../../../riscv-none-embed/lib/rv32i/ilp32/libc.a(lib_a-readr.o)
 .data          0x0000000000003b10        0x0 /opt/xpack-riscv-none-embed-gcc-8.3.0-1.2/bin/../lib/gcc/riscv-none-embed/8.3.0/../../../../riscv-none-embed/lib/rv32i/ilp32/libc.a(lib_a-reent.o)
 .data          0x0000000000003b10        0x0 /opt/xpack-riscv-none-embed-gcc-8.3.0-1.2/bin/../lib/gcc/riscv-none-embed/8.3.0/../../../../riscv-none-embed/lib/rv32i/ilp32/libc.a(lib_a-__atexit.o)
 .data          0x0000000000003b10        0x0 /opt/xpack-riscv-none-embed-gcc-8.3.0-1.2/bin/../lib/gcc/riscv-none-embed/8.3.0/../../../../riscv-none-embed/lib/rv32i/ilp32/libc.a(lib_a-fstatr.o)
 .data          0x0000000000003b10        0x0 /opt/xpack-riscv-none-embed-gcc-8.3.0-1.2/bin/../lib/gcc/riscv-none-embed/8.3.0/../../../../riscv-none-embed/lib/rv32i/ilp32/libc.a(lib_a-isattyr.o)
 .data          0x0000000000003b10        0x0 /opt/xpack-riscv-none-embed-gcc-8.3.0-1.2/bin/../lib/gcc/riscv-none-embed/8.3.0/rv32i/ilp32/libgcc.a(muldi3.o)
 .data          0x0000000000003b10        0x0 /opt/xpack-riscv-none-embed-gcc-8.3.0-1.2/bin/../lib/gcc/riscv-none-embed/8.3.0/rv32i/ilp32/libgcc.a(div.o)
 .data          0x0000000000003b10        0x0 /opt/xpack-riscv-none-embed-gcc-8.3.0-1.2/bin/../lib/gcc/riscv-none-embed/8.3.0/../../../../riscv-none-embed/lib/rv32i/ilp32/libnosys.a(close.o)
 .data          0x0000000000003b10        0x0 /opt/xpack-riscv-none-embed-gcc-8.3.0-1.2/bin/../lib/gcc/riscv-none-embed/8.3.0/../../../../riscv-none-embed/lib/rv32i/ilp32/libnosys.a(fstat.o)
 .data          0x0000000000003b10        0x0 /opt/xpack-riscv-none-embed-gcc-8.3.0-1.2/bin/../lib/gcc/riscv-none-embed/8.3.0/../../../../riscv-none-embed/lib/rv32i/ilp32/libnosys.a(isatty.o)
 .data          0x0000000000003b10        0x0 /opt/xpack-riscv-none-embed-gcc-8.3.0-1.2/bin/../lib/gcc/riscv-none-embed/8.3.0/../../../../riscv-none-embed/lib/rv32i/ilp32/libnosys.a(lseek.o)
 .data          0x0000000000003b10        0x0 /opt/xpack-riscv-none-embed-gcc-8.3.0-1.2/bin/../lib/gcc/riscv-none-embed/8.3.0/../../../../riscv-none-embed/lib/rv32i/ilp32/libnosys.a(read.o)
 .data          0x0000000000003b10        0x0 /opt/xpack-riscv-none-embed-gcc-8.3.0-1.2/bin/../lib/gcc/riscv-none-embed/8.3.0/../../../../riscv-none-embed/lib/rv32i/ilp32/libnosys.a(sbrk.o)
 .data          0x0000000000003b10        0x0 /opt/xpack-riscv-none-embed-gcc-8.3.0-1.2/bin/../lib/gcc/riscv-none-embed/8.3.0/../../../../riscv-none-embed/lib/rv32i/ilp32/libnosys.a(write.o)
 .data          0x0000000000003b10        0x0 /opt/xpack-riscv-none-embed-gcc-8.3.0-1.2/bin/../lib/gcc/riscv-none-embed/8.3.0/../../../../riscv-none-embed/lib/rv32i/ilp32/libnosys.a(_exit.o)
 .data          0x0000000000003b10        0x0 /opt/xpack-riscv-none-embed-gcc-8.3.0-1.2/bin/../lib/gcc/riscv-none-embed/8.3.0/rv32i/ilp32/crtend.o
 *(.data.*)
 .data.impure_data
                0x0000000000003b10      0x428 /opt/xpack-riscv-none-embed-gcc-8.3.0-1.2/bin/../lib/gcc/riscv-none-embed/8.3.0/../../../../riscv-none-embed/lib/rv32i/ilp32/libc.a(lib_a-impure.o)
 .data.__malloc_av_
                0x0000000000003f38      0x408 /opt/xpack-riscv-none-embed-gcc-8.3.0-1.2/bin/../lib/gcc/riscv-none-embed/8.3.0/../../../../riscv-none-embed/lib/rv32i/ilp32/libc.a(lib_a-mallocr.o)
                0x0000000000003f38                __malloc_av_
                0x0000000000004340                . = ALIGN (0x4)
                0x0000000000004340                PROVIDE (_edata = .)

.fini_array     0x0000000000004340        0x4
 .fini_array    0x0000000000004340        0x4 /opt/xpack-riscv-none-embed-gcc-8.3.0-1.2/bin/../lib/gcc/riscv-none-embed/8.3.0/rv32i/ilp32/crtbegin.o

.init_array     0x0000000000004344        0x4
 .init_array    0x0000000000004344        0x4 /opt/xpack-riscv-none-embed-gcc-8.3.0-1.2/bin/../lib/gcc/riscv-none-embed/8.3.0/rv32i/ilp32/crtbegin.o

.init_array.00000
                0x0000000000004348        0x4
 .init_array.00000
                0x0000000000004348        0x4 /opt/xpack-riscv-none-embed-gcc-8.3.0-1.2/bin/../lib/gcc/riscv-none-embed/8.3.0/../../../../riscv-none-embed/lib/rv32i/ilp32/libc.a(lib_a-__call_atexit.o)

.sdata          0x000000000000434c       0x14
                0x0000000000004b4c                __global_pointer$ = (. + 0x800)
 *(.srodata.cst16)
 *(.srodata.cst8)
 *(.srodata.cst4)
 *(.srodata.cst2)
 *(.srodata .srodata.*)
 *(.sdata .sdata.* .gnu.linkonce.s.*)
 .sdata.__dso_handle
                0x000000000000434c        0x4 /opt/xpack-riscv-none-embed-gcc-8.3.0-1.2/bin/../lib/gcc/riscv-none-embed/8.3.0/rv32i/ilp32/crtbegin.o
                0x000000000000434c                __dso_handle
 .sdata._impure_ptr
                0x0000000000004350        0x4 /opt/xpack-riscv-none-embed-gcc-8.3.0-1.2/bin/../lib/gcc/riscv-none-embed/8.3.0/../../../../riscv-none-embed/lib/rv32i/ilp32/libc.a(lib_a-impure.o)
                0x0000000000004350                _impure_ptr
 .sdata.__atexit_recursive_mutex
                0x0000000000004354        0x4 /opt/xpack-riscv-none-embed-gcc-8.3.0-1.2/bin/../lib/gcc/riscv-none-embed/8.3.0/../../../../riscv-none-embed/lib/rv32i/ilp32/libc.a(lib_a-__call_atexit.o)
                0x0000000000004354                __atexit_recursive_mutex
 .sdata.__malloc_sbrk_base
                0x0000000000004358        0x4 /opt/xpack-riscv-none-embed-gcc-8.3.0-1.2/bin/../lib/gcc/riscv-none-embed/8.3.0/../../../../riscv-none-embed/lib/rv32i/ilp32/libc.a(lib_a-mallocr.o)
                0x0000000000004358                __malloc_sbrk_base
 .sdata.__malloc_trim_threshold
                0x000000000000435c        0x4 /opt/xpack-riscv-none-embed-gcc-8.3.0-1.2/bin/../lib/gcc/riscv-none-embed/8.3.0/../../../../riscv-none-embed/lib/rv32i/ilp32/libc.a(lib_a-mallocr.o)
                0x000000000000435c                __malloc_trim_threshold

.sbss           0x0000000000004360       0x1c
 *(.dynsbss)
 *(.sbss .sbss.* .gnu.linkonce.sb.*)
 .sbss.completed.5456
                0x0000000000004360        0x1 /opt/xpack-riscv-none-embed-gcc-8.3.0-1.2/bin/../lib/gcc/riscv-none-embed/8.3.0/rv32i/ilp32/crtbegin.o
 *fill*         0x0000000000004361        0x3 
 .sbss          0x0000000000004364        0x8 syscalls.o
                0x0000000000004368                heap_end
 .sbss.__malloc_max_sbrked_mem
                0x000000000000436c        0x4 /opt/xpack-riscv-none-embed-gcc-8.3.0-1.2/bin/../lib/gcc/riscv-none-embed/8.3.0/../../../../riscv-none-embed/lib/rv32i/ilp32/libc.a(lib_a-mallocr.o)
                0x000000000000436c                __malloc_max_sbrked_mem
 .sbss.__malloc_max_total_mem
                0x0000000000004370        0x4 /opt/xpack-riscv-none-embed-gcc-8.3.0-1.2/bin/../lib/gcc/riscv-none-embed/8.3.0/../../../../riscv-none-embed/lib/rv32i/ilp32/libc.a(lib_a-mallocr.o)
                0x0000000000004370                __malloc_max_total_mem
 .sbss.__malloc_top_pad
                0x0000000000004374        0x4 /opt/xpack-riscv-none-embed-gcc-8.3.0-1.2/bin/../lib/gcc/riscv-none-embed/8.3.0/../../../../riscv-none-embed/lib/rv32i/ilp32/libc.a(lib_a-mallocr.o)
                0x0000000000004374                __malloc_top_pad
 .sbss.heap_end.1518
                0x0000000000004378        0x4 /opt/xpack-riscv-none-embed-gcc-8.3.0-1.2/bin/../lib/gcc/riscv-none-embed/8.3.0/../../../../riscv-none-embed/lib/rv32i/ilp32/libnosys.a(sbrk.o)
 *(.scommon)

.bss            0x000000000000437c       0x68
 *(.bss)
 .bss           0x000000000000437c        0x0 /opt/xpack-riscv-none-embed-gcc-8.3.0-1.2/bin/../lib/gcc/riscv-none-embed/8.3.0/../../../../riscv-none-embed/lib/rv32i/ilp32/crt0.o
 .bss           0x000000000000437c        0x0 /opt/xpack-riscv-none-embed-gcc-8.3.0-1.2/bin/../lib/gcc/riscv-none-embed/8.3.0/rv32i/ilp32/crtbegin.o
 .bss           0x000000000000437c        0x0 init.o
 .bss           0x000000000000437c        0x0 init1.o
 .bss           0x000000000000437c        0x0 main.o
 .bss           0x000000000000437c        0x0 syscalls.o
 .bss           0x000000000000437c        0x0 /opt/xpack-riscv-none-embed-gcc-8.3.0-1.2/bin/../lib/gcc/riscv-none-embed/8.3.0/../../../../riscv-none-embed/lib/rv32i/ilp32/libc.a(lib_a-exit.o)
 .bss           0x000000000000437c        0x0 /opt/xpack-riscv-none-embed-gcc-8.3.0-1.2/bin/../lib/gcc/riscv-none-embed/8.3.0/../../../../riscv-none-embed/lib/rv32i/ilp32/libc.a(lib_a-impure.o)
 .bss           0x000000000000437c        0x0 /opt/xpack-riscv-none-embed-gcc-8.3.0-1.2/bin/../lib/gcc/riscv-none-embed/8.3.0/../../../../riscv-none-embed/lib/rv32i/ilp32/libc.a(lib_a-init.o)
 .bss           0x000000000000437c        0x0 /opt/xpack-riscv-none-embed-gcc-8.3.0-1.2/bin/../lib/gcc/riscv-none-embed/8.3.0/../../../../riscv-none-embed/lib/rv32i/ilp32/libc.a(lib_a-memset.o)
 .bss           0x000000000000437c        0x0 /opt/xpack-riscv-none-embed-gcc-8.3.0-1.2/bin/../lib/gcc/riscv-none-embed/8.3.0/../../../../riscv-none-embed/lib/rv32i/ilp32/libc.a(lib_a-puts.o)
 .bss           0x000000000000437c        0x0 /opt/xpack-riscv-none-embed-gcc-8.3.0-1.2/bin/../lib/gcc/riscv-none-embed/8.3.0/../../../../riscv-none-embed/lib/rv32i/ilp32/libc.a(lib_a-strlen.o)
 .bss           0x000000000000437c        0x0 /opt/xpack-riscv-none-embed-gcc-8.3.0-1.2/bin/../lib/gcc/riscv-none-embed/8.3.0/../../../../riscv-none-embed/lib/rv32i/ilp32/libc.a(lib_a-__call_atexit.o)
 .bss           0x000000000000437c        0x0 /opt/xpack-riscv-none-embed-gcc-8.3.0-1.2/bin/../lib/gcc/riscv-none-embed/8.3.0/../../../../riscv-none-embed/lib/rv32i/ilp32/libc.a(lib_a-findfp.o)
 .bss           0x000000000000437c        0x0 /opt/xpack-riscv-none-embed-gcc-8.3.0-1.2/bin/../lib/gcc/riscv-none-embed/8.3.0/../../../../riscv-none-embed/lib/rv32i/ilp32/libc.a(lib_a-fini.o)
 .bss           0x000000000000437c        0x0 /opt/xpack-riscv-none-embed-gcc-8.3.0-1.2/bin/../lib/gcc/riscv-none-embed/8.3.0/../../../../riscv-none-embed/lib/rv32i/ilp32/libc.a(lib_a-fvwrite.o)
 .bss           0x000000000000437c        0x0 /opt/xpack-riscv-none-embed-gcc-8.3.0-1.2/bin/../lib/gcc/riscv-none-embed/8.3.0/../../../../riscv-none-embed/lib/rv32i/ilp32/libc.a(lib_a-fwalk.o)
 .bss           0x000000000000437c        0x0 /opt/xpack-riscv-none-embed-gcc-8.3.0-1.2/bin/../lib/gcc/riscv-none-embed/8.3.0/../../../../riscv-none-embed/lib/rv32i/ilp32/libc.a(lib_a-lock.o)
 .bss           0x000000000000437c        0x0 /opt/xpack-riscv-none-embed-gcc-8.3.0-1.2/bin/../lib/gcc/riscv-none-embed/8.3.0/../../../../riscv-none-embed/lib/rv32i/ilp32/libc.a(lib_a-mallocr.o)
 .bss           0x000000000000437c        0x0 /opt/xpack-riscv-none-embed-gcc-8.3.0-1.2/bin/../lib/gcc/riscv-none-embed/8.3.0/../../../../riscv-none-embed/lib/rv32i/ilp32/libc.a(lib_a-memchr.o)
 .bss           0x000000000000437c        0x0 /opt/xpack-riscv-none-embed-gcc-8.3.0-1.2/bin/../lib/gcc/riscv-none-embed/8.3.0/../../../../riscv-none-embed/lib/rv32i/ilp32/libc.a(lib_a-memcpy.o)
 .bss           0x000000000000437c        0x0 /opt/xpack-riscv-none-embed-gcc-8.3.0-1.2/bin/../lib/gcc/riscv-none-embed/8.3.0/../../../../riscv-none-embed/lib/rv32i/ilp32/libc.a(lib_a-memmove-stub.o)
 .bss           0x000000000000437c        0x0 /opt/xpack-riscv-none-embed-gcc-8.3.0-1.2/bin/../lib/gcc/riscv-none-embed/8.3.0/../../../../riscv-none-embed/lib/rv32i/ilp32/libc.a(lib_a-mlock.o)
 .bss           0x000000000000437c        0x0 /opt/xpack-riscv-none-embed-gcc-8.3.0-1.2/bin/../lib/gcc/riscv-none-embed/8.3.0/../../../../riscv-none-embed/lib/rv32i/ilp32/libc.a(lib_a-reallocr.o)
 .bss           0x000000000000437c        0x0 /opt/xpack-riscv-none-embed-gcc-8.3.0-1.2/bin/../lib/gcc/riscv-none-embed/8.3.0/../../../../riscv-none-embed/lib/rv32i/ilp32/libc.a(lib_a-sbrkr.o)
 .bss           0x000000000000437c        0x0 /opt/xpack-riscv-none-embed-gcc-8.3.0-1.2/bin/../lib/gcc/riscv-none-embed/8.3.0/../../../../riscv-none-embed/lib/rv32i/ilp32/libc.a(lib_a-stdio.o)
 .bss           0x000000000000437c        0x0 /opt/xpack-riscv-none-embed-gcc-8.3.0-1.2/bin/../lib/gcc/riscv-none-embed/8.3.0/../../../../riscv-none-embed/lib/rv32i/ilp32/libc.a(lib_a-writer.o)
 .bss           0x000000000000437c        0x0 /opt/xpack-riscv-none-embed-gcc-8.3.0-1.2/bin/../lib/gcc/riscv-none-embed/8.3.0/../../../../riscv-none-embed/lib/rv32i/ilp32/libc.a(lib_a-wsetup.o)
 .bss           0x000000000000437c        0x0 /opt/xpack-riscv-none-embed-gcc-8.3.0-1.2/bin/../lib/gcc/riscv-none-embed/8.3.0/../../../../riscv-none-embed/lib/rv32i/ilp32/libc.a(lib_a-atexit.o)
 .bss           0x000000000000437c        0x0 /opt/xpack-riscv-none-embed-gcc-8.3.0-1.2/bin/../lib/gcc/riscv-none-embed/8.3.0/../../../../riscv-none-embed/lib/rv32i/ilp32/libc.a(lib_a-closer.o)
 .bss           0x000000000000437c        0x0 /opt/xpack-riscv-none-embed-gcc-8.3.0-1.2/bin/../lib/gcc/riscv-none-embed/8.3.0/../../../../riscv-none-embed/lib/rv32i/ilp32/libc.a(lib_a-fclose.o)
 .bss           0x000000000000437c        0x0 /opt/xpack-riscv-none-embed-gcc-8.3.0-1.2/bin/../lib/gcc/riscv-none-embed/8.3.0/../../../../riscv-none-embed/lib/rv32i/ilp32/libc.a(lib_a-fflush.o)
 .bss           0x000000000000437c        0x0 /opt/xpack-riscv-none-embed-gcc-8.3.0-1.2/bin/../lib/gcc/riscv-none-embed/8.3.0/../../../../riscv-none-embed/lib/rv32i/ilp32/libc.a(lib_a-freer.o)
 .bss           0x000000000000437c        0x0 /opt/xpack-riscv-none-embed-gcc-8.3.0-1.2/bin/../lib/gcc/riscv-none-embed/8.3.0/../../../../riscv-none-embed/lib/rv32i/ilp32/libc.a(lib_a-lseekr.o)
 .bss           0x000000000000437c        0x0 /opt/xpack-riscv-none-embed-gcc-8.3.0-1.2/bin/../lib/gcc/riscv-none-embed/8.3.0/../../../../riscv-none-embed/lib/rv32i/ilp32/libc.a(lib_a-makebuf.o)
 .bss           0x000000000000437c        0x0 /opt/xpack-riscv-none-embed-gcc-8.3.0-1.2/bin/../lib/gcc/riscv-none-embed/8.3.0/../../../../riscv-none-embed/lib/rv32i/ilp32/libc.a(lib_a-readr.o)
 .bss           0x000000000000437c        0x0 /opt/xpack-riscv-none-embed-gcc-8.3.0-1.2/bin/../lib/gcc/riscv-none-embed/8.3.0/../../../../riscv-none-embed/lib/rv32i/ilp32/libc.a(lib_a-reent.o)
 .bss           0x000000000000437c        0x0 /opt/xpack-riscv-none-embed-gcc-8.3.0-1.2/bin/../lib/gcc/riscv-none-embed/8.3.0/../../../../riscv-none-embed/lib/rv32i/ilp32/libc.a(lib_a-__atexit.o)
 .bss           0x000000000000437c        0x0 /opt/xpack-riscv-none-embed-gcc-8.3.0-1.2/bin/../lib/gcc/riscv-none-embed/8.3.0/../../../../riscv-none-embed/lib/rv32i/ilp32/libc.a(lib_a-fstatr.o)
 .bss           0x000000000000437c        0x0 /opt/xpack-riscv-none-embed-gcc-8.3.0-1.2/bin/../lib/gcc/riscv-none-embed/8.3.0/../../../../riscv-none-embed/lib/rv32i/ilp32/libc.a(lib_a-isattyr.o)
 .bss           0x000000000000437c        0x0 /opt/xpack-riscv-none-embed-gcc-8.3.0-1.2/bin/../lib/gcc/riscv-none-embed/8.3.0/rv32i/ilp32/libgcc.a(muldi3.o)
 .bss           0x000000000000437c        0x0 /opt/xpack-riscv-none-embed-gcc-8.3.0-1.2/bin/../lib/gcc/riscv-none-embed/8.3.0/rv32i/ilp32/libgcc.a(div.o)
 .bss           0x000000000000437c        0x0 /opt/xpack-riscv-none-embed-gcc-8.3.0-1.2/bin/../lib/gcc/riscv-none-embed/8.3.0/../../../../riscv-none-embed/lib/rv32i/ilp32/libnosys.a(close.o)
 .bss           0x000000000000437c        0x0 /opt/xpack-riscv-none-embed-gcc-8.3.0-1.2/bin/../lib/gcc/riscv-none-embed/8.3.0/../../../../riscv-none-embed/lib/rv32i/ilp32/libnosys.a(fstat.o)
 .bss           0x000000000000437c        0x0 /opt/xpack-riscv-none-embed-gcc-8.3.0-1.2/bin/../lib/gcc/riscv-none-embed/8.3.0/../../../../riscv-none-embed/lib/rv32i/ilp32/libnosys.a(isatty.o)
 .bss           0x000000000000437c        0x0 /opt/xpack-riscv-none-embed-gcc-8.3.0-1.2/bin/../lib/gcc/riscv-none-embed/8.3.0/../../../../riscv-none-embed/lib/rv32i/ilp32/libnosys.a(lseek.o)
 .bss           0x000000000000437c        0x0 /opt/xpack-riscv-none-embed-gcc-8.3.0-1.2/bin/../lib/gcc/riscv-none-embed/8.3.0/../../../../riscv-none-embed/lib/rv32i/ilp32/libnosys.a(read.o)
 .bss           0x000000000000437c        0x0 /opt/xpack-riscv-none-embed-gcc-8.3.0-1.2/bin/../lib/gcc/riscv-none-embed/8.3.0/../../../../riscv-none-embed/lib/rv32i/ilp32/libnosys.a(sbrk.o)
 .bss           0x000000000000437c        0x0 /opt/xpack-riscv-none-embed-gcc-8.3.0-1.2/bin/../lib/gcc/riscv-none-embed/8.3.0/../../../../riscv-none-embed/lib/rv32i/ilp32/libnosys.a(write.o)
 .bss           0x000000000000437c        0x0 /opt/xpack-riscv-none-embed-gcc-8.3.0-1.2/bin/../lib/gcc/riscv-none-embed/8.3.0/../../../../riscv-none-embed/lib/rv32i/ilp32/libnosys.a(_exit.o)
 .bss           0x000000000000437c        0x0 /opt/xpack-riscv-none-embed-gcc-8.3.0-1.2/bin/../lib/gcc/riscv-none-embed/8.3.0/rv32i/ilp32/crtend.o
 *(.bss.*)
 .bss.object.5461
                0x000000000000437c       0x18 /opt/xpack-riscv-none-embed-gcc-8.3.0-1.2/bin/../lib/gcc/riscv-none-embed/8.3.0/rv32i/ilp32/crtbegin.o
 .bss.__malloc_current_mallinfo
                0x0000000000004394       0x28 /opt/xpack-riscv-none-embed-gcc-8.3.0-1.2/bin/../lib/gcc/riscv-none-embed/8.3.0/../../../../riscv-none-embed/lib/rv32i/ilp32/libc.a(lib_a-mallocr.o)
                0x0000000000004394                __malloc_current_mallinfo
 COMMON         0x00000000000043bc       0x21 /opt/xpack-riscv-none-embed-gcc-8.3.0-1.2/bin/../lib/gcc/riscv-none-embed/8.3.0/../../../../riscv-none-embed/lib/rv32i/ilp32/libc.a(lib_a-lock.o)
                0x00000000000043bc                __lock___atexit_recursive_mutex
                0x00000000000043c0                __lock___arc4random_mutex
                0x00000000000043c4                __lock___env_recursive_mutex
                0x00000000000043c8                __lock___sinit_recursive_mutex
                0x00000000000043cc                __lock___malloc_recursive_mutex
                0x00000000000043d0                __lock___at_quick_exit_mutex
                0x00000000000043d4                __lock___dd_hash_mutex
                0x00000000000043d8                __lock___tz_mutex
                0x00000000000043dc                __lock___sfp_recursive_mutex
 *fill*         0x00000000000043dd        0x3 
 COMMON         0x00000000000043e0        0x4 /opt/xpack-riscv-none-embed-gcc-8.3.0-1.2/bin/../lib/gcc/riscv-none-embed/8.3.0/../../../../riscv-none-embed/lib/rv32i/ilp32/libc.a(lib_a-reent.o)
                0x00000000000043e0                errno
                0x00000000000043e4                _end = .
                0x00000000000043e4                end = .
LOAD /opt/xpack-riscv-none-embed-gcc-8.3.0-1.2/bin/../lib/gcc/riscv-none-embed/8.3.0/../../../../riscv-none-embed/lib/rv32i/ilp32/libstdc++.a
LOAD /opt/xpack-riscv-none-embed-gcc-8.3.0-1.2/bin/../lib/gcc/riscv-none-embed/8.3.0/../../../../riscv-none-embed/lib/rv32i/ilp32/libm.a
LOAD /opt/xpack-riscv-none-embed-gcc-8.3.0-1.2/bin/../lib/gcc/riscv-none-embed/8.3.0/../../../../riscv-none-embed/lib/rv32i/ilp32/libc.a
LOAD /opt/xpack-riscv-none-embed-gcc-8.3.0-1.2/bin/../lib/gcc/riscv-none-embed/8.3.0/rv32i/ilp32/libgcc.a
START GROUP
LOAD /opt/xpack-riscv-none-embed-gcc-8.3.0-1.2/bin/../lib/gcc/riscv-none-embed/8.3.0/rv32i/ilp32/libgcc.a
LOAD /opt/xpack-riscv-none-embed-gcc-8.3.0-1.2/bin/../lib/gcc/riscv-none-embed/8.3.0/../../../../riscv-none-embed/lib/rv32i/ilp32/libg.a
LOAD /opt/xpack-riscv-none-embed-gcc-8.3.0-1.2/bin/../lib/gcc/riscv-none-embed/8.3.0/../../../../riscv-none-embed/lib/rv32i/ilp32/libc.a
END GROUP
LOAD /opt/xpack-riscv-none-embed-gcc-8.3.0-1.2/bin/../lib/gcc/riscv-none-embed/8.3.0/rv32i/ilp32/libgcc.a
START GROUP
LOAD /opt/xpack-riscv-none-embed-gcc-8.3.0-1.2/bin/../lib/gcc/riscv-none-embed/8.3.0/rv32i/ilp32/libgcc.a
LOAD /opt/xpack-riscv-none-embed-gcc-8.3.0-1.2/bin/../lib/gcc/riscv-none-embed/8.3.0/../../../../riscv-none-embed/lib/rv32i/ilp32/libc.a
LOAD /opt/xpack-riscv-none-embed-gcc-8.3.0-1.2/bin/../lib/gcc/riscv-none-embed/8.3.0/../../../../riscv-none-embed/lib/rv32i/ilp32/libnosys.a
END GROUP
LOAD /opt/xpack-riscv-none-embed-gcc-8.3.0-1.2/bin/../lib/gcc/riscv-none-embed/8.3.0/rv32i/ilp32/crtend.o
OUTPUT(exe elf32-littleriscv)

.comment        0x0000000000000000       0x33
 .comment       0x0000000000000000       0x33 init1.o
                                         0x34 (size before relaxing)
 .comment       0x0000000000000033       0x34 main.o
 .comment       0x0000000000000033       0x34 syscalls.o

.debug_frame    0x0000000000000000      0xcb0
 .debug_frame   0x0000000000000000       0x28 /opt/xpack-riscv-none-embed-gcc-8.3.0-1.2/bin/../lib/gcc/riscv-none-embed/8.3.0/../../../../riscv-none-embed/lib/rv32i/ilp32/libc.a(lib_a-exit.o)
 .debug_frame   0x0000000000000028       0x3c /opt/xpack-riscv-none-embed-gcc-8.3.0-1.2/bin/../lib/gcc/riscv-none-embed/8.3.0/../../../../riscv-none-embed/lib/rv32i/ilp32/libc.a(lib_a-init.o)
 .debug_frame   0x0000000000000064       0x54 /opt/xpack-riscv-none-embed-gcc-8.3.0-1.2/bin/../lib/gcc/riscv-none-embed/8.3.0/../../../../riscv-none-embed/lib/rv32i/ilp32/libc.a(lib_a-puts.o)
 .debug_frame   0x00000000000000b8       0x20 /opt/xpack-riscv-none-embed-gcc-8.3.0-1.2/bin/../lib/gcc/riscv-none-embed/8.3.0/../../../../riscv-none-embed/lib/rv32i/ilp32/libc.a(lib_a-strlen.o)
 .debug_frame   0x00000000000000d8       0x6c /opt/xpack-riscv-none-embed-gcc-8.3.0-1.2/bin/../lib/gcc/riscv-none-embed/8.3.0/../../../../riscv-none-embed/lib/rv32i/ilp32/libc.a(lib_a-__call_atexit.o)
 .debug_frame   0x0000000000000144      0x180 /opt/xpack-riscv-none-embed-gcc-8.3.0-1.2/bin/../lib/gcc/riscv-none-embed/8.3.0/../../../../riscv-none-embed/lib/rv32i/ilp32/libc.a(lib_a-findfp.o)
 .debug_frame   0x00000000000002c4       0x34 /opt/xpack-riscv-none-embed-gcc-8.3.0-1.2/bin/../lib/gcc/riscv-none-embed/8.3.0/../../../../riscv-none-embed/lib/rv32i/ilp32/libc.a(lib_a-fini.o)
 .debug_frame   0x00000000000002f8       0x88 /opt/xpack-riscv-none-embed-gcc-8.3.0-1.2/bin/../lib/gcc/riscv-none-embed/8.3.0/../../../../riscv-none-embed/lib/rv32i/ilp32/libc.a(lib_a-fvwrite.o)
 .debug_frame   0x0000000000000380       0x8c /opt/xpack-riscv-none-embed-gcc-8.3.0-1.2/bin/../lib/gcc/riscv-none-embed/8.3.0/../../../../riscv-none-embed/lib/rv32i/ilp32/libc.a(lib_a-fwalk.o)
 .debug_frame   0x000000000000040c       0xb0 /opt/xpack-riscv-none-embed-gcc-8.3.0-1.2/bin/../lib/gcc/riscv-none-embed/8.3.0/../../../../riscv-none-embed/lib/rv32i/ilp32/libc.a(lib_a-lock.o)
 .debug_frame   0x00000000000004bc       0x58 /opt/xpack-riscv-none-embed-gcc-8.3.0-1.2/bin/../lib/gcc/riscv-none-embed/8.3.0/../../../../riscv-none-embed/lib/rv32i/ilp32/libc.a(lib_a-mallocr.o)
 .debug_frame   0x0000000000000514       0x20 /opt/xpack-riscv-none-embed-gcc-8.3.0-1.2/bin/../lib/gcc/riscv-none-embed/8.3.0/../../../../riscv-none-embed/lib/rv32i/ilp32/libc.a(lib_a-memchr.o)
 .debug_frame   0x0000000000000534       0x20 /opt/xpack-riscv-none-embed-gcc-8.3.0-1.2/bin/../lib/gcc/riscv-none-embed/8.3.0/../../../../riscv-none-embed/lib/rv32i/ilp32/libc.a(lib_a-memcpy.o)
 .debug_frame   0x0000000000000554       0x20 /opt/xpack-riscv-none-embed-gcc-8.3.0-1.2/bin/../lib/gcc/riscv-none-embed/8.3.0/../../../../riscv-none-embed/lib/rv32i/ilp32/libc.a(lib_a-memmove-stub.o)
 .debug_frame   0x0000000000000574       0x30 /opt/xpack-riscv-none-embed-gcc-8.3.0-1.2/bin/../lib/gcc/riscv-none-embed/8.3.0/../../../../riscv-none-embed/lib/rv32i/ilp32/libc.a(lib_a-mlock.o)
 .debug_frame   0x00000000000005a4       0x70 /opt/xpack-riscv-none-embed-gcc-8.3.0-1.2/bin/../lib/gcc/riscv-none-embed/8.3.0/../../../../riscv-none-embed/lib/rv32i/ilp32/libc.a(lib_a-reallocr.o)
 .debug_frame   0x0000000000000614       0x3c /opt/xpack-riscv-none-embed-gcc-8.3.0-1.2/bin/../lib/gcc/riscv-none-embed/8.3.0/../../../../riscv-none-embed/lib/rv32i/ilp32/libc.a(lib_a-sbrkr.o)
 .debug_frame   0x0000000000000650       0xb8 /opt/xpack-riscv-none-embed-gcc-8.3.0-1.2/bin/../lib/gcc/riscv-none-embed/8.3.0/../../../../riscv-none-embed/lib/rv32i/ilp32/libc.a(lib_a-stdio.o)
 .debug_frame   0x0000000000000708       0x3c /opt/xpack-riscv-none-embed-gcc-8.3.0-1.2/bin/../lib/gcc/riscv-none-embed/8.3.0/../../../../riscv-none-embed/lib/rv32i/ilp32/libc.a(lib_a-writer.o)
 .debug_frame   0x0000000000000744       0x38 /opt/xpack-riscv-none-embed-gcc-8.3.0-1.2/bin/../lib/gcc/riscv-none-embed/8.3.0/../../../../riscv-none-embed/lib/rv32i/ilp32/libc.a(lib_a-wsetup.o)
 .debug_frame   0x000000000000077c       0x20 /opt/xpack-riscv-none-embed-gcc-8.3.0-1.2/bin/../lib/gcc/riscv-none-embed/8.3.0/../../../../riscv-none-embed/lib/rv32i/ilp32/libc.a(lib_a-atexit.o)
 .debug_frame   0x000000000000079c       0x3c /opt/xpack-riscv-none-embed-gcc-8.3.0-1.2/bin/../lib/gcc/riscv-none-embed/8.3.0/../../../../riscv-none-embed/lib/rv32i/ilp32/libc.a(lib_a-closer.o)
 .debug_frame   0x00000000000007d8       0x68 /opt/xpack-riscv-none-embed-gcc-8.3.0-1.2/bin/../lib/gcc/riscv-none-embed/8.3.0/../../../../riscv-none-embed/lib/rv32i/ilp32/libc.a(lib_a-fclose.o)
 .debug_frame   0x0000000000000840       0x9c /opt/xpack-riscv-none-embed-gcc-8.3.0-1.2/bin/../lib/gcc/riscv-none-embed/8.3.0/../../../../riscv-none-embed/lib/rv32i/ilp32/libc.a(lib_a-fflush.o)
 .debug_frame   0x00000000000008dc       0x9c /opt/xpack-riscv-none-embed-gcc-8.3.0-1.2/bin/../lib/gcc/riscv-none-embed/8.3.0/../../../../riscv-none-embed/lib/rv32i/ilp32/libc.a(lib_a-freer.o)
 .debug_frame   0x0000000000000978       0x3c /opt/xpack-riscv-none-embed-gcc-8.3.0-1.2/bin/../lib/gcc/riscv-none-embed/8.3.0/../../../../riscv-none-embed/lib/rv32i/ilp32/libc.a(lib_a-lseekr.o)
 .debug_frame   0x00000000000009b4       0x90 /opt/xpack-riscv-none-embed-gcc-8.3.0-1.2/bin/../lib/gcc/riscv-none-embed/8.3.0/../../../../riscv-none-embed/lib/rv32i/ilp32/libc.a(lib_a-makebuf.o)
 .debug_frame   0x0000000000000a44       0x3c /opt/xpack-riscv-none-embed-gcc-8.3.0-1.2/bin/../lib/gcc/riscv-none-embed/8.3.0/../../../../riscv-none-embed/lib/rv32i/ilp32/libc.a(lib_a-readr.o)
 .debug_frame   0x0000000000000a80       0x70 /opt/xpack-riscv-none-embed-gcc-8.3.0-1.2/bin/../lib/gcc/riscv-none-embed/8.3.0/../../../../riscv-none-embed/lib/rv32i/ilp32/libc.a(lib_a-reent.o)
 .debug_frame   0x0000000000000af0       0x48 /opt/xpack-riscv-none-embed-gcc-8.3.0-1.2/bin/../lib/gcc/riscv-none-embed/8.3.0/../../../../riscv-none-embed/lib/rv32i/ilp32/libc.a(lib_a-__atexit.o)
 .debug_frame   0x0000000000000b38       0x3c /opt/xpack-riscv-none-embed-gcc-8.3.0-1.2/bin/../lib/gcc/riscv-none-embed/8.3.0/../../../../riscv-none-embed/lib/rv32i/ilp32/libc.a(lib_a-fstatr.o)
 .debug_frame   0x0000000000000b74       0x3c /opt/xpack-riscv-none-embed-gcc-8.3.0-1.2/bin/../lib/gcc/riscv-none-embed/8.3.0/../../../../riscv-none-embed/lib/rv32i/ilp32/libc.a(lib_a-isattyr.o)
 .debug_frame   0x0000000000000bb0       0x20 /opt/xpack-riscv-none-embed-gcc-8.3.0-1.2/bin/../lib/gcc/riscv-none-embed/8.3.0/../../../../riscv-none-embed/lib/rv32i/ilp32/libnosys.a(close.o)
 .debug_frame   0x0000000000000bd0       0x20 /opt/xpack-riscv-none-embed-gcc-8.3.0-1.2/bin/../lib/gcc/riscv-none-embed/8.3.0/../../../../riscv-none-embed/lib/rv32i/ilp32/libnosys.a(fstat.o)
 .debug_frame   0x0000000000000bf0       0x20 /opt/xpack-riscv-none-embed-gcc-8.3.0-1.2/bin/../lib/gcc/riscv-none-embed/8.3.0/../../../../riscv-none-embed/lib/rv32i/ilp32/libnosys.a(isatty.o)
 .debug_frame   0x0000000000000c10       0x20 /opt/xpack-riscv-none-embed-gcc-8.3.0-1.2/bin/../lib/gcc/riscv-none-embed/8.3.0/../../../../riscv-none-embed/lib/rv32i/ilp32/libnosys.a(lseek.o)
 .debug_frame   0x0000000000000c30       0x20 /opt/xpack-riscv-none-embed-gcc-8.3.0-1.2/bin/../lib/gcc/riscv-none-embed/8.3.0/../../../../riscv-none-embed/lib/rv32i/ilp32/libnosys.a(read.o)
 .debug_frame   0x0000000000000c50       0x20 /opt/xpack-riscv-none-embed-gcc-8.3.0-1.2/bin/../lib/gcc/riscv-none-embed/8.3.0/../../../../riscv-none-embed/lib/rv32i/ilp32/libnosys.a(sbrk.o)
 .debug_frame   0x0000000000000c70       0x20 /opt/xpack-riscv-none-embed-gcc-8.3.0-1.2/bin/../lib/gcc/riscv-none-embed/8.3.0/../../../../riscv-none-embed/lib/rv32i/ilp32/libnosys.a(write.o)
 .debug_frame   0x0000000000000c90       0x20 /opt/xpack-riscv-none-embed-gcc-8.3.0-1.2/bin/../lib/gcc/riscv-none-embed/8.3.0/../../../../riscv-none-embed/lib/rv32i/ilp32/libnosys.a(_exit.o)

.stab           0x0000000000000000       0x9c
 .stab          0x0000000000000000       0x24 /opt/xpack-riscv-none-embed-gcc-8.3.0-1.2/bin/../lib/gcc/riscv-none-embed/8.3.0/../../../../riscv-none-embed/lib/rv32i/ilp32/libnosys.a(close.o)
 .stab          0x0000000000000024       0x18 /opt/xpack-riscv-none-embed-gcc-8.3.0-1.2/bin/../lib/gcc/riscv-none-embed/8.3.0/../../../../riscv-none-embed/lib/rv32i/ilp32/libnosys.a(fstat.o)
                                         0x24 (size before relaxing)
 .stab          0x000000000000003c       0x18 /opt/xpack-riscv-none-embed-gcc-8.3.0-1.2/bin/../lib/gcc/riscv-none-embed/8.3.0/../../../../riscv-none-embed/lib/rv32i/ilp32/libnosys.a(isatty.o)
                                         0x24 (size before relaxing)
 .stab          0x0000000000000054       0x18 /opt/xpack-riscv-none-embed-gcc-8.3.0-1.2/bin/../lib/gcc/riscv-none-embed/8.3.0/../../../../riscv-none-embed/lib/rv32i/ilp32/libnosys.a(lseek.o)
                                         0x24 (size before relaxing)
 .stab          0x000000000000006c       0x18 /opt/xpack-riscv-none-embed-gcc-8.3.0-1.2/bin/../lib/gcc/riscv-none-embed/8.3.0/../../../../riscv-none-embed/lib/rv32i/ilp32/libnosys.a(read.o)
                                         0x24 (size before relaxing)
 .stab          0x0000000000000084       0x18 /opt/xpack-riscv-none-embed-gcc-8.3.0-1.2/bin/../lib/gcc/riscv-none-embed/8.3.0/../../../../riscv-none-embed/lib/rv32i/ilp32/libnosys.a(write.o)
                                         0x24 (size before relaxing)

.stabstr        0x0000000000000000      0x14d
 .stabstr       0x0000000000000000      0x14d /opt/xpack-riscv-none-embed-gcc-8.3.0-1.2/bin/../lib/gcc/riscv-none-embed/8.3.0/../../../../riscv-none-embed/lib/rv32i/ilp32/libnosys.a(close.o)
