Archive member included to satisfy reference by file (symbol)

/opt/xpack-riscv-none-embed-gcc-8.3.0-1.2/bin/../lib/gcc/riscv-none-embed/8.3.0/rv32i/ilp32/libgcc.a(adddf3.o)
                              main.o (__adddf3)
/opt/xpack-riscv-none-embed-gcc-8.3.0-1.2/bin/../lib/gcc/riscv-none-embed/8.3.0/rv32i/ilp32/libgcc.a(eqdf2.o)
                              main.o (__eqdf2)
/opt/xpack-riscv-none-embed-gcc-8.3.0-1.2/bin/../lib/gcc/riscv-none-embed/8.3.0/rv32i/ilp32/libgcc.a(muldf3.o)
                              main.o (__muldf3)
/opt/xpack-riscv-none-embed-gcc-8.3.0-1.2/bin/../lib/gcc/riscv-none-embed/8.3.0/rv32i/ilp32/libgcc.a(fixdfsi.o)
                              main.o (__fixdfsi)
/opt/xpack-riscv-none-embed-gcc-8.3.0-1.2/bin/../lib/gcc/riscv-none-embed/8.3.0/rv32i/ilp32/libgcc.a(gesf2.o)
                              myClib.o (__gtsf2)
/opt/xpack-riscv-none-embed-gcc-8.3.0-1.2/bin/../lib/gcc/riscv-none-embed/8.3.0/rv32i/ilp32/libgcc.a(mulsf3.o)
                              myClib.o (__mulsf3)
/opt/xpack-riscv-none-embed-gcc-8.3.0-1.2/bin/../lib/gcc/riscv-none-embed/8.3.0/rv32i/ilp32/libgcc.a(subsf3.o)
                              myClib.o (__subsf3)
/opt/xpack-riscv-none-embed-gcc-8.3.0-1.2/bin/../lib/gcc/riscv-none-embed/8.3.0/rv32i/ilp32/libgcc.a(fixsfsi.o)
                              myClib.o (__fixsfsi)
/opt/xpack-riscv-none-embed-gcc-8.3.0-1.2/bin/../lib/gcc/riscv-none-embed/8.3.0/rv32i/ilp32/libgcc.a(floatsisf.o)
                              myClib.o (__floatsisf)
/opt/xpack-riscv-none-embed-gcc-8.3.0-1.2/bin/../lib/gcc/riscv-none-embed/8.3.0/rv32i/ilp32/libgcc.a(truncdfsf2.o)
                              myClib.o (__truncdfsf2)
/opt/xpack-riscv-none-embed-gcc-8.3.0-1.2/bin/../lib/gcc/riscv-none-embed/8.3.0/rv32i/ilp32/libgcc.a(muldi3.o)
                              /opt/xpack-riscv-none-embed-gcc-8.3.0-1.2/bin/../lib/gcc/riscv-none-embed/8.3.0/rv32i/ilp32/libgcc.a(muldf3.o) (__mulsi3)
/opt/xpack-riscv-none-embed-gcc-8.3.0-1.2/bin/../lib/gcc/riscv-none-embed/8.3.0/rv32i/ilp32/libgcc.a(div.o)
                              myClib.o (__divsi3)
/opt/xpack-riscv-none-embed-gcc-8.3.0-1.2/bin/../lib/gcc/riscv-none-embed/8.3.0/rv32i/ilp32/libgcc.a(_clzsi2.o)
                              /opt/xpack-riscv-none-embed-gcc-8.3.0-1.2/bin/../lib/gcc/riscv-none-embed/8.3.0/rv32i/ilp32/libgcc.a(adddf3.o) (__clzsi2)
/opt/xpack-riscv-none-embed-gcc-8.3.0-1.2/bin/../lib/gcc/riscv-none-embed/8.3.0/rv32i/ilp32/libgcc.a(_clz.o)
                              /opt/xpack-riscv-none-embed-gcc-8.3.0-1.2/bin/../lib/gcc/riscv-none-embed/8.3.0/rv32i/ilp32/libgcc.a(_clzsi2.o) (__clz_tab)

Memory Configuration

Name             Origin             Length             Attributes
ram              0x0000000000000000 0x0000000000400000 xrw
*default*        0x0000000000000000 0xffffffffffffffff

Linker script and memory map

LOAD init.o
LOAD init1.o
LOAD myClib.o
LOAD main.o
                0x0000000000400004                __console_addr = 0x400004
                0x0000000000400008                __stop_addr = 0x400008

.text           0x0000000000000000     0x13a4
                [!provide]                        PROVIDE (_stext = .)
 *(.init)
 .init          0x0000000000000000       0x20 init.o
 *(.init.*)
 .init.text0    0x0000000000000020       0x28 init1.o
                0x0000000000000020                textinit
 *(.text)
 .text          0x0000000000000048        0x0 init.o
 .text          0x0000000000000048        0x0 init1.o
 .text          0x0000000000000048      0xde0 myClib.o
                0x0000000000000278                write_char(char)
                0x0000000000000288                write_string(char*)
                0x00000000000002b8                _putc(int, int volatile*)
                0x00000000000002c4                _puts(char*, unsigned int, int volatile*)
                0x00000000000002e8                _strlen(char const*)
                0x0000000000000318                itoa(int, unsigned int, unsigned int, unsigned int, char*, unsigned int)
                0x0000000000000564                ftoi(float, int&, int&)
                0x0000000000000600                ftoi_print(float)
                0x00000000000007a0                printf_impl(int volatile*, char const*, void*)
                0x00000000000009bc                addr_printf(int volatile*, char const*, ...)
                0x0000000000000bf4                _printf(char const*, ...)
 .text          0x0000000000000e28      0x4a4 main.o
                0x0000000000000e28                spmv(int, double const*, int const*, double const*, int const*, double*)
                0x0000000000001154                verifyDouble(int, double*, double*)
 .text          0x00000000000012cc        0x0 /opt/xpack-riscv-none-embed-gcc-8.3.0-1.2/bin/../lib/gcc/riscv-none-embed/8.3.0/rv32i/ilp32/libgcc.a(adddf3.o)
 .text          0x00000000000012cc        0x0 /opt/xpack-riscv-none-embed-gcc-8.3.0-1.2/bin/../lib/gcc/riscv-none-embed/8.3.0/rv32i/ilp32/libgcc.a(eqdf2.o)
 .text          0x00000000000012cc        0x0 /opt/xpack-riscv-none-embed-gcc-8.3.0-1.2/bin/../lib/gcc/riscv-none-embed/8.3.0/rv32i/ilp32/libgcc.a(muldf3.o)
 .text          0x00000000000012cc        0x0 /opt/xpack-riscv-none-embed-gcc-8.3.0-1.2/bin/../lib/gcc/riscv-none-embed/8.3.0/rv32i/ilp32/libgcc.a(fixdfsi.o)
 .text          0x00000000000012cc        0x0 /opt/xpack-riscv-none-embed-gcc-8.3.0-1.2/bin/../lib/gcc/riscv-none-embed/8.3.0/rv32i/ilp32/libgcc.a(gesf2.o)
 .text          0x00000000000012cc        0x0 /opt/xpack-riscv-none-embed-gcc-8.3.0-1.2/bin/../lib/gcc/riscv-none-embed/8.3.0/rv32i/ilp32/libgcc.a(mulsf3.o)
 .text          0x00000000000012cc        0x0 /opt/xpack-riscv-none-embed-gcc-8.3.0-1.2/bin/../lib/gcc/riscv-none-embed/8.3.0/rv32i/ilp32/libgcc.a(subsf3.o)
 .text          0x00000000000012cc        0x0 /opt/xpack-riscv-none-embed-gcc-8.3.0-1.2/bin/../lib/gcc/riscv-none-embed/8.3.0/rv32i/ilp32/libgcc.a(fixsfsi.o)
 .text          0x00000000000012cc        0x0 /opt/xpack-riscv-none-embed-gcc-8.3.0-1.2/bin/../lib/gcc/riscv-none-embed/8.3.0/rv32i/ilp32/libgcc.a(floatsisf.o)
 .text          0x00000000000012cc        0x0 /opt/xpack-riscv-none-embed-gcc-8.3.0-1.2/bin/../lib/gcc/riscv-none-embed/8.3.0/rv32i/ilp32/libgcc.a(truncdfsf2.o)
 .text          0x00000000000012cc       0x24 /opt/xpack-riscv-none-embed-gcc-8.3.0-1.2/bin/../lib/gcc/riscv-none-embed/8.3.0/rv32i/ilp32/libgcc.a(muldi3.o)
                0x00000000000012cc                __mulsi3
 .text          0x00000000000012f0       0xb4 /opt/xpack-riscv-none-embed-gcc-8.3.0-1.2/bin/../lib/gcc/riscv-none-embed/8.3.0/rv32i/ilp32/libgcc.a(div.o)
                0x00000000000012f0                __divsi3
                0x00000000000012f8                __udivsi3
                0x0000000000001340                __umodsi3
                0x0000000000001374                __modsi3
 .text          0x00000000000013a4        0x0 /opt/xpack-riscv-none-embed-gcc-8.3.0-1.2/bin/../lib/gcc/riscv-none-embed/8.3.0/rv32i/ilp32/libgcc.a(_clzsi2.o)
 .text          0x00000000000013a4        0x0 /opt/xpack-riscv-none-embed-gcc-8.3.0-1.2/bin/../lib/gcc/riscv-none-embed/8.3.0/rv32i/ilp32/libgcc.a(_clz.o)
                [!provide]                        PROVIDE (_etext = .)

.text.startup   0x00000000000013a4       0x7c
 .text.startup  0x00000000000013a4       0x7c main.o
                0x00000000000013a4                main

.text.__adddf3  0x0000000000001420      0x884
 .text.__adddf3
                0x0000000000001420      0x884 /opt/xpack-riscv-none-embed-gcc-8.3.0-1.2/bin/../lib/gcc/riscv-none-embed/8.3.0/rv32i/ilp32/libgcc.a(adddf3.o)
                0x0000000000001420                __adddf3

.text.__eqdf2   0x0000000000001ca4       0x8c
 .text.__eqdf2  0x0000000000001ca4       0x8c /opt/xpack-riscv-none-embed-gcc-8.3.0-1.2/bin/../lib/gcc/riscv-none-embed/8.3.0/rv32i/ilp32/libgcc.a(eqdf2.o)
                0x0000000000001ca4                __eqdf2
                0x0000000000001ca4                __nedf2

.text.__muldf3  0x0000000000001d30      0x708
 .text.__muldf3
                0x0000000000001d30      0x708 /opt/xpack-riscv-none-embed-gcc-8.3.0-1.2/bin/../lib/gcc/riscv-none-embed/8.3.0/rv32i/ilp32/libgcc.a(muldf3.o)
                0x0000000000001d30                __muldf3

.text.__fixdfsi
                0x0000000000002438       0x84
 .text.__fixdfsi
                0x0000000000002438       0x84 /opt/xpack-riscv-none-embed-gcc-8.3.0-1.2/bin/../lib/gcc/riscv-none-embed/8.3.0/rv32i/ilp32/libgcc.a(fixdfsi.o)
                0x0000000000002438                __fixdfsi

.text.__gesf2   0x00000000000024bc       0xc4
 .text.__gesf2  0x00000000000024bc       0xc4 /opt/xpack-riscv-none-embed-gcc-8.3.0-1.2/bin/../lib/gcc/riscv-none-embed/8.3.0/rv32i/ilp32/libgcc.a(gesf2.o)
                0x00000000000024bc                __gtsf2
                0x00000000000024bc                __gesf2

.text.__mulsf3  0x0000000000002580      0x3b0
 .text.__mulsf3
                0x0000000000002580      0x3b0 /opt/xpack-riscv-none-embed-gcc-8.3.0-1.2/bin/../lib/gcc/riscv-none-embed/8.3.0/rv32i/ilp32/libgcc.a(mulsf3.o)
                0x0000000000002580                __mulsf3

.text.__subsf3  0x0000000000002930      0x484
 .text.__subsf3
                0x0000000000002930      0x484 /opt/xpack-riscv-none-embed-gcc-8.3.0-1.2/bin/../lib/gcc/riscv-none-embed/8.3.0/rv32i/ilp32/libgcc.a(subsf3.o)
                0x0000000000002930                __subsf3

.text.__fixsfsi
                0x0000000000002db4       0x74
 .text.__fixsfsi
                0x0000000000002db4       0x74 /opt/xpack-riscv-none-embed-gcc-8.3.0-1.2/bin/../lib/gcc/riscv-none-embed/8.3.0/rv32i/ilp32/libgcc.a(fixsfsi.o)
                0x0000000000002db4                __fixsfsi

.text.__floatsisf
                0x0000000000002e28      0x114
 .text.__floatsisf
                0x0000000000002e28      0x114 /opt/xpack-riscv-none-embed-gcc-8.3.0-1.2/bin/../lib/gcc/riscv-none-embed/8.3.0/rv32i/ilp32/libgcc.a(floatsisf.o)
                0x0000000000002e28                __floatsisf

.text.__truncdfsf2
                0x0000000000002f3c      0x1f4
 .text.__truncdfsf2
                0x0000000000002f3c      0x1f4 /opt/xpack-riscv-none-embed-gcc-8.3.0-1.2/bin/../lib/gcc/riscv-none-embed/8.3.0/rv32i/ilp32/libgcc.a(truncdfsf2.o)
                0x0000000000002f3c                __truncdfsf2

.text.__clzsi2  0x0000000000003130       0x94
 .text.__clzsi2
                0x0000000000003130       0x94 /opt/xpack-riscv-none-embed-gcc-8.3.0-1.2/bin/../lib/gcc/riscv-none-embed/8.3.0/rv32i/ilp32/libgcc.a(_clzsi2.o)
                0x0000000000003130                __clzsi2

.vector         0x00000000000031c4        0x8
                0x00000000000031c4                . = ALIGN (0x4)
                [!provide]                        PROVIDE (_svector = .)
 *(.vector*)
 .vector_section
                0x00000000000031c4        0x8 init1.o
                0x00000000000031c4                vector
                0x00000000000031cc                . = ALIGN (0x4)
                [!provide]                        PROVIDE (_evector = .)

.rodata         0x00000000000031d0     0x9924
                0x00000000000031d0                . = ALIGN (0x4)
                [!provide]                        PROVIDE (_srodata = .)
 *(.rodata)
 .rodata        0x00000000000031d0     0x9790 main.o
 *(.rodata.*)
 .rodata.str1.4
                0x000000000000c960       0x14 main.o
                                         0x12 (size before relaxing)
 .rodata.__muldf3
                0x000000000000c974       0x40 /opt/xpack-riscv-none-embed-gcc-8.3.0-1.2/bin/../lib/gcc/riscv-none-embed/8.3.0/rv32i/ilp32/libgcc.a(muldf3.o)
 .rodata.__mulsf3
                0x000000000000c9b4       0x40 /opt/xpack-riscv-none-embed-gcc-8.3.0-1.2/bin/../lib/gcc/riscv-none-embed/8.3.0/rv32i/ilp32/libgcc.a(mulsf3.o)
 .rodata.__clz_tab
                0x000000000000c9f4      0x100 /opt/xpack-riscv-none-embed-gcc-8.3.0-1.2/bin/../lib/gcc/riscv-none-embed/8.3.0/rv32i/ilp32/libgcc.a(_clz.o)
                0x000000000000c9f4                __clz_tab
                0x000000000000caf4                . = ALIGN (0x4)
                [!provide]                        PROVIDE (_erodata = .)

.eh_frame       0x000000000000caf4      0x340
 .eh_frame      0x000000000000caf4       0x3c init1.o
 .eh_frame      0x000000000000cb30      0x230 myClib.o
                                        0x244 (size before relaxing)
 .eh_frame      0x000000000000cd60       0xd4 main.o
                                         0xe8 (size before relaxing)

.data           0x000000000000ce34        0x0
                0x000000000000ce34                . = ALIGN (0x4)
                [!provide]                        PROVIDE (_sdata = .)
 *(.data*)
 .data          0x000000000000ce34        0x0 init.o
 .data          0x000000000000ce34        0x0 init1.o
 .data          0x000000000000ce34        0x0 myClib.o
 .data          0x000000000000ce34        0x0 main.o
 .data          0x000000000000ce34        0x0 /opt/xpack-riscv-none-embed-gcc-8.3.0-1.2/bin/../lib/gcc/riscv-none-embed/8.3.0/rv32i/ilp32/libgcc.a(adddf3.o)
 .data          0x000000000000ce34        0x0 /opt/xpack-riscv-none-embed-gcc-8.3.0-1.2/bin/../lib/gcc/riscv-none-embed/8.3.0/rv32i/ilp32/libgcc.a(eqdf2.o)
 .data          0x000000000000ce34        0x0 /opt/xpack-riscv-none-embed-gcc-8.3.0-1.2/bin/../lib/gcc/riscv-none-embed/8.3.0/rv32i/ilp32/libgcc.a(muldf3.o)
 .data          0x000000000000ce34        0x0 /opt/xpack-riscv-none-embed-gcc-8.3.0-1.2/bin/../lib/gcc/riscv-none-embed/8.3.0/rv32i/ilp32/libgcc.a(fixdfsi.o)
 .data          0x000000000000ce34        0x0 /opt/xpack-riscv-none-embed-gcc-8.3.0-1.2/bin/../lib/gcc/riscv-none-embed/8.3.0/rv32i/ilp32/libgcc.a(gesf2.o)
 .data          0x000000000000ce34        0x0 /opt/xpack-riscv-none-embed-gcc-8.3.0-1.2/bin/../lib/gcc/riscv-none-embed/8.3.0/rv32i/ilp32/libgcc.a(mulsf3.o)
 .data          0x000000000000ce34        0x0 /opt/xpack-riscv-none-embed-gcc-8.3.0-1.2/bin/../lib/gcc/riscv-none-embed/8.3.0/rv32i/ilp32/libgcc.a(subsf3.o)
 .data          0x000000000000ce34        0x0 /opt/xpack-riscv-none-embed-gcc-8.3.0-1.2/bin/../lib/gcc/riscv-none-embed/8.3.0/rv32i/ilp32/libgcc.a(fixsfsi.o)
 .data          0x000000000000ce34        0x0 /opt/xpack-riscv-none-embed-gcc-8.3.0-1.2/bin/../lib/gcc/riscv-none-embed/8.3.0/rv32i/ilp32/libgcc.a(floatsisf.o)
 .data          0x000000000000ce34        0x0 /opt/xpack-riscv-none-embed-gcc-8.3.0-1.2/bin/../lib/gcc/riscv-none-embed/8.3.0/rv32i/ilp32/libgcc.a(truncdfsf2.o)
 .data          0x000000000000ce34        0x0 /opt/xpack-riscv-none-embed-gcc-8.3.0-1.2/bin/../lib/gcc/riscv-none-embed/8.3.0/rv32i/ilp32/libgcc.a(muldi3.o)
 .data          0x000000000000ce34        0x0 /opt/xpack-riscv-none-embed-gcc-8.3.0-1.2/bin/../lib/gcc/riscv-none-embed/8.3.0/rv32i/ilp32/libgcc.a(div.o)
 .data          0x000000000000ce34        0x0 /opt/xpack-riscv-none-embed-gcc-8.3.0-1.2/bin/../lib/gcc/riscv-none-embed/8.3.0/rv32i/ilp32/libgcc.a(_clzsi2.o)
 .data          0x000000000000ce34        0x0 /opt/xpack-riscv-none-embed-gcc-8.3.0-1.2/bin/../lib/gcc/riscv-none-embed/8.3.0/rv32i/ilp32/libgcc.a(_clz.o)
                0x000000000000ce34                . = ALIGN (0x4)
                [!provide]                        PROVIDE (_edata = .)

.sdata          0x000000000000ce34        0x4
                0x000000000000ce34                . = ALIGN (0x4)
                [!provide]                        PROVIDE (_ssdata = .)
 *(.srodata.cst16)
 *(.srodata.cst8)
 *(.srodata.cst4)
 .srodata.cst4  0x000000000000ce34        0x4 myClib.o
 *(.srodata.cst2)
 *(.srodata .srodata.*)
 *(.sdata .sdata.* .gnu.linkonce.s.*)
                0x000000000000ce38                . = ALIGN (0x4)
                [!provide]                        PROVIDE (_esdata = .)

.rela.dyn       0x000000000000ce38        0x0
 .rela.init     0x000000000000ce38        0x0 init.o
 .rela.vector_section
                0x000000000000ce38        0x0 init.o
 .rela.text     0x000000000000ce38        0x0 init.o

.sbss           0x000000000000ce38        0x0
                0x000000000000ce38                . = ALIGN (0x4)
                [!provide]                        PROVIDE (_ssbss = .)
 *(.dynsbss)
 *(.sbss .sbss.* .gnu.linkonce.sb.*)
 *(.scommon)
                0x000000000000ce38                . = ALIGN (0x4)
                [!provide]                        PROVIDE (_esbss = .)

.bss            0x000000000000ce38        0x0
                0x000000000000ce38                . = ALIGN (0x4)
                [!provide]                        PROVIDE (_sbss = .)
 *(.bss*)
 .bss           0x000000000000ce38        0x0 init.o
 .bss           0x000000000000ce38        0x0 init1.o
 .bss           0x000000000000ce38        0x0 myClib.o
 .bss           0x000000000000ce38        0x0 main.o
 .bss           0x000000000000ce38        0x0 /opt/xpack-riscv-none-embed-gcc-8.3.0-1.2/bin/../lib/gcc/riscv-none-embed/8.3.0/rv32i/ilp32/libgcc.a(adddf3.o)
 .bss           0x000000000000ce38        0x0 /opt/xpack-riscv-none-embed-gcc-8.3.0-1.2/bin/../lib/gcc/riscv-none-embed/8.3.0/rv32i/ilp32/libgcc.a(eqdf2.o)
 .bss           0x000000000000ce38        0x0 /opt/xpack-riscv-none-embed-gcc-8.3.0-1.2/bin/../lib/gcc/riscv-none-embed/8.3.0/rv32i/ilp32/libgcc.a(muldf3.o)
 .bss           0x000000000000ce38        0x0 /opt/xpack-riscv-none-embed-gcc-8.3.0-1.2/bin/../lib/gcc/riscv-none-embed/8.3.0/rv32i/ilp32/libgcc.a(fixdfsi.o)
 .bss           0x000000000000ce38        0x0 /opt/xpack-riscv-none-embed-gcc-8.3.0-1.2/bin/../lib/gcc/riscv-none-embed/8.3.0/rv32i/ilp32/libgcc.a(gesf2.o)
 .bss           0x000000000000ce38        0x0 /opt/xpack-riscv-none-embed-gcc-8.3.0-1.2/bin/../lib/gcc/riscv-none-embed/8.3.0/rv32i/ilp32/libgcc.a(mulsf3.o)
 .bss           0x000000000000ce38        0x0 /opt/xpack-riscv-none-embed-gcc-8.3.0-1.2/bin/../lib/gcc/riscv-none-embed/8.3.0/rv32i/ilp32/libgcc.a(subsf3.o)
 .bss           0x000000000000ce38        0x0 /opt/xpack-riscv-none-embed-gcc-8.3.0-1.2/bin/../lib/gcc/riscv-none-embed/8.3.0/rv32i/ilp32/libgcc.a(fixsfsi.o)
 .bss           0x000000000000ce38        0x0 /opt/xpack-riscv-none-embed-gcc-8.3.0-1.2/bin/../lib/gcc/riscv-none-embed/8.3.0/rv32i/ilp32/libgcc.a(floatsisf.o)
 .bss           0x000000000000ce38        0x0 /opt/xpack-riscv-none-embed-gcc-8.3.0-1.2/bin/../lib/gcc/riscv-none-embed/8.3.0/rv32i/ilp32/libgcc.a(truncdfsf2.o)
 .bss           0x000000000000ce38        0x0 /opt/xpack-riscv-none-embed-gcc-8.3.0-1.2/bin/../lib/gcc/riscv-none-embed/8.3.0/rv32i/ilp32/libgcc.a(muldi3.o)
 .bss           0x000000000000ce38        0x0 /opt/xpack-riscv-none-embed-gcc-8.3.0-1.2/bin/../lib/gcc/riscv-none-embed/8.3.0/rv32i/ilp32/libgcc.a(div.o)
 .bss           0x000000000000ce38        0x0 /opt/xpack-riscv-none-embed-gcc-8.3.0-1.2/bin/../lib/gcc/riscv-none-embed/8.3.0/rv32i/ilp32/libgcc.a(_clzsi2.o)
 .bss           0x000000000000ce38        0x0 /opt/xpack-riscv-none-embed-gcc-8.3.0-1.2/bin/../lib/gcc/riscv-none-embed/8.3.0/rv32i/ilp32/libgcc.a(_clz.o)
                0x000000000000ce38                . = ALIGN (0x4)
                [!provide]                        PROVIDE (_ebss = .)
                0x00000000003ffffc                PROVIDE (__sp = ((ORIGIN (ram) + LENGTH (ram)) - 0x4))
LOAD /opt/xpack-riscv-none-embed-gcc-8.3.0-1.2/bin/../lib/gcc/riscv-none-embed/8.3.0/rv32i/ilp32/libgcc.a
OUTPUT(exe elf32-littleriscv)

.comment        0x0000000000000000       0x33
 .comment       0x0000000000000000       0x33 init1.o
                                         0x34 (size before relaxing)
 .comment       0x0000000000000033       0x34 myClib.o
 .comment       0x0000000000000033       0x34 main.o

.debug_frame    0x0000000000000000      0x21c
 .debug_frame   0x0000000000000000       0x44 /opt/xpack-riscv-none-embed-gcc-8.3.0-1.2/bin/../lib/gcc/riscv-none-embed/8.3.0/rv32i/ilp32/libgcc.a(adddf3.o)
 .debug_frame   0x0000000000000044       0x20 /opt/xpack-riscv-none-embed-gcc-8.3.0-1.2/bin/../lib/gcc/riscv-none-embed/8.3.0/rv32i/ilp32/libgcc.a(eqdf2.o)
 .debug_frame   0x0000000000000064       0x54 /opt/xpack-riscv-none-embed-gcc-8.3.0-1.2/bin/../lib/gcc/riscv-none-embed/8.3.0/rv32i/ilp32/libgcc.a(muldf3.o)
 .debug_frame   0x00000000000000b8       0x20 /opt/xpack-riscv-none-embed-gcc-8.3.0-1.2/bin/../lib/gcc/riscv-none-embed/8.3.0/rv32i/ilp32/libgcc.a(fixdfsi.o)
 .debug_frame   0x00000000000000d8       0x20 /opt/xpack-riscv-none-embed-gcc-8.3.0-1.2/bin/../lib/gcc/riscv-none-embed/8.3.0/rv32i/ilp32/libgcc.a(gesf2.o)
 .debug_frame   0x00000000000000f8       0x50 /opt/xpack-riscv-none-embed-gcc-8.3.0-1.2/bin/../lib/gcc/riscv-none-embed/8.3.0/rv32i/ilp32/libgcc.a(mulsf3.o)
 .debug_frame   0x0000000000000148       0x3c /opt/xpack-riscv-none-embed-gcc-8.3.0-1.2/bin/../lib/gcc/riscv-none-embed/8.3.0/rv32i/ilp32/libgcc.a(subsf3.o)
 .debug_frame   0x0000000000000184       0x20 /opt/xpack-riscv-none-embed-gcc-8.3.0-1.2/bin/../lib/gcc/riscv-none-embed/8.3.0/rv32i/ilp32/libgcc.a(fixsfsi.o)
 .debug_frame   0x00000000000001a4       0x38 /opt/xpack-riscv-none-embed-gcc-8.3.0-1.2/bin/../lib/gcc/riscv-none-embed/8.3.0/rv32i/ilp32/libgcc.a(floatsisf.o)
 .debug_frame   0x00000000000001dc       0x20 /opt/xpack-riscv-none-embed-gcc-8.3.0-1.2/bin/../lib/gcc/riscv-none-embed/8.3.0/rv32i/ilp32/libgcc.a(truncdfsf2.o)
 .debug_frame   0x00000000000001fc       0x20 /opt/xpack-riscv-none-embed-gcc-8.3.0-1.2/bin/../lib/gcc/riscv-none-embed/8.3.0/rv32i/ilp32/libgcc.a(_clzsi2.o)
