Archive member included to satisfy reference by file (symbol)

/opt/riscv/lib/gcc/riscv64-unknown-elf/10.1.0/rv32i/ilp32/libgcc.a(adddf3.o)
                              main.o (__adddf3)
/opt/riscv/lib/gcc/riscv64-unknown-elf/10.1.0/rv32i/ilp32/libgcc.a(eqdf2.o)
                              main.o (__eqdf2)
/opt/riscv/lib/gcc/riscv64-unknown-elf/10.1.0/rv32i/ilp32/libgcc.a(muldf3.o)
                              main.o (__muldf3)
/opt/riscv/lib/gcc/riscv64-unknown-elf/10.1.0/rv32i/ilp32/libgcc.a(fixdfsi.o)
                              main.o (__fixdfsi)
/opt/riscv/lib/gcc/riscv64-unknown-elf/10.1.0/rv32i/ilp32/libgcc.a(muldi3.o)
                              /opt/riscv/lib/gcc/riscv64-unknown-elf/10.1.0/rv32i/ilp32/libgcc.a(muldf3.o) (__mulsi3)
/opt/riscv/lib/gcc/riscv64-unknown-elf/10.1.0/rv32i/ilp32/libgcc.a(div.o)
                              myClib.o (__udivsi3)
/opt/riscv/lib/gcc/riscv64-unknown-elf/10.1.0/rv32i/ilp32/libgcc.a(_clzsi2.o)
                              /opt/riscv/lib/gcc/riscv64-unknown-elf/10.1.0/rv32i/ilp32/libgcc.a(adddf3.o) (__clzsi2)
/opt/riscv/lib/gcc/riscv64-unknown-elf/10.1.0/rv32i/ilp32/libgcc.a(_clz.o)
                              /opt/riscv/lib/gcc/riscv64-unknown-elf/10.1.0/rv32i/ilp32/libgcc.a(_clzsi2.o) (__clz_tab)

Memory Configuration

Name             Origin             Length             Attributes
ram              0x0000000000000000 0x0000000000010000 xrw
*default*        0x0000000000000000 0xffffffffffffffff

Linker script and memory map

LOAD init.o
LOAD init1.o
LOAD main.o
LOAD myClib.o
                0x0000000000010004                __console_addr = 0x10004

.text           0x0000000000000000     0x1a04
                [!provide]                        PROVIDE (_stext = .)
 *(.init)
 .init          0x0000000000000000       0x10 init.o
 *(.init.*)
 .init.text0    0x0000000000000010       0x28 init1.o
                0x0000000000000010                textinit
 *(.text)
 .text          0x0000000000000038        0x0 init.o
 .text          0x0000000000000038        0x0 init1.o
 .text          0x0000000000000038      0x628 main.o
                0x0000000000000038                spmv(int, double const*, int const*, double const*, int const*, double*)
                0x000000000000042c                verifyDouble(int, double*, double*)
                0x00000000000005b4                main
 .text          0x0000000000000660      0x314 myClib.o
                0x0000000000000660                write_char(char)
                0x00000000000006c4                itoa(int, unsigned int, unsigned int, unsigned int, char*, unsigned int)
                0x00000000000008d8                write_string(char*)
 .text          0x0000000000000974      0x7d8 /opt/riscv/lib/gcc/riscv64-unknown-elf/10.1.0/rv32i/ilp32/libgcc.a(adddf3.o)
                0x0000000000000974                __adddf3
 .text          0x000000000000114c       0x8c /opt/riscv/lib/gcc/riscv64-unknown-elf/10.1.0/rv32i/ilp32/libgcc.a(eqdf2.o)
                0x000000000000114c                __eqdf2
                0x000000000000114c                __nedf2
 .text          0x00000000000011d8      0x688 /opt/riscv/lib/gcc/riscv64-unknown-elf/10.1.0/rv32i/ilp32/libgcc.a(muldf3.o)
                0x00000000000011d8                __muldf3
 .text          0x0000000000001860       0x80 /opt/riscv/lib/gcc/riscv64-unknown-elf/10.1.0/rv32i/ilp32/libgcc.a(fixdfsi.o)
                0x0000000000001860                __fixdfsi
 .text          0x00000000000018e0       0x24 /opt/riscv/lib/gcc/riscv64-unknown-elf/10.1.0/rv32i/ilp32/libgcc.a(muldi3.o)
                0x00000000000018e0                __mulsi3
 .text          0x0000000000001904       0xb4 /opt/riscv/lib/gcc/riscv64-unknown-elf/10.1.0/rv32i/ilp32/libgcc.a(div.o)
                0x0000000000001904                __divsi3
                0x000000000000190c                __udivsi3
                0x0000000000001954                __umodsi3
                0x0000000000001988                __modsi3
 .text          0x00000000000019b8       0x4c /opt/riscv/lib/gcc/riscv64-unknown-elf/10.1.0/rv32i/ilp32/libgcc.a(_clzsi2.o)
                0x00000000000019b8                __clzsi2
 .text          0x0000000000001a04        0x0 /opt/riscv/lib/gcc/riscv64-unknown-elf/10.1.0/rv32i/ilp32/libgcc.a(_clz.o)
                [!provide]                        PROVIDE (_etext = .)

.vector         0x0000000000001a04        0x8
                0x0000000000001a04                . = ALIGN (0x4)
                [!provide]                        PROVIDE (_svector = .)
 *(.vector*)
 .vector_section
                0x0000000000001a04        0x8 init1.o
                0x0000000000001a04                vector
                0x0000000000001a0c                . = ALIGN (0x4)
                [!provide]                        PROVIDE (_evector = .)

.rodata         0x0000000000001a10     0x98e0
                0x0000000000001a10                . = ALIGN (0x4)
                [!provide]                        PROVIDE (_srodata = .)
 *(.rodata)
 .rodata        0x0000000000001a10     0x97a4 main.o
 .rodata        0x000000000000b1b4       0x3c /opt/riscv/lib/gcc/riscv64-unknown-elf/10.1.0/rv32i/ilp32/libgcc.a(muldf3.o)
 .rodata        0x000000000000b1f0      0x100 /opt/riscv/lib/gcc/riscv64-unknown-elf/10.1.0/rv32i/ilp32/libgcc.a(_clz.o)
                0x000000000000b1f0                __clz_tab
 *(.rodata.*)
                0x000000000000b2f0                . = ALIGN (0x4)
                [!provide]                        PROVIDE (_erodata = .)

.eh_frame       0x000000000000b2f0      0x148
 .eh_frame      0x000000000000b2f0       0x3c init1.o
 .eh_frame      0x000000000000b32c       0x94 main.o
                                         0xa8 (size before relaxing)
 .eh_frame      0x000000000000b3c0       0x78 myClib.o
                                         0x8c (size before relaxing)

.rela.dyn       0x000000000000b438        0x0
 .rela.init     0x000000000000b438        0x0 init.o
 .rela.vector_section
                0x000000000000b438        0x0 init.o
 .rela.text     0x000000000000b438        0x0 init.o

.data           0x000000000000b438        0x0
                0x000000000000b438                . = ALIGN (0x4)
                [!provide]                        PROVIDE (_sdata = .)
 *(.data*)
 .data          0x000000000000b438        0x0 init.o
 .data          0x000000000000b438        0x0 init1.o
 .data          0x000000000000b438        0x0 main.o
 .data          0x000000000000b438        0x0 myClib.o
 .data          0x000000000000b438        0x0 /opt/riscv/lib/gcc/riscv64-unknown-elf/10.1.0/rv32i/ilp32/libgcc.a(adddf3.o)
 .data          0x000000000000b438        0x0 /opt/riscv/lib/gcc/riscv64-unknown-elf/10.1.0/rv32i/ilp32/libgcc.a(eqdf2.o)
 .data          0x000000000000b438        0x0 /opt/riscv/lib/gcc/riscv64-unknown-elf/10.1.0/rv32i/ilp32/libgcc.a(muldf3.o)
 .data          0x000000000000b438        0x0 /opt/riscv/lib/gcc/riscv64-unknown-elf/10.1.0/rv32i/ilp32/libgcc.a(fixdfsi.o)
 .data          0x000000000000b438        0x0 /opt/riscv/lib/gcc/riscv64-unknown-elf/10.1.0/rv32i/ilp32/libgcc.a(muldi3.o)
 .data          0x000000000000b438        0x0 /opt/riscv/lib/gcc/riscv64-unknown-elf/10.1.0/rv32i/ilp32/libgcc.a(div.o)
 .data          0x000000000000b438        0x0 /opt/riscv/lib/gcc/riscv64-unknown-elf/10.1.0/rv32i/ilp32/libgcc.a(_clzsi2.o)
 .data          0x000000000000b438        0x0 /opt/riscv/lib/gcc/riscv64-unknown-elf/10.1.0/rv32i/ilp32/libgcc.a(_clz.o)
                0x000000000000b438                . = ALIGN (0x4)
                [!provide]                        PROVIDE (_edata = .)

.bss            0x000000000000b438        0x0
                0x000000000000b438                . = ALIGN (0x4)
                [!provide]                        PROVIDE (_sbss = .)
 *(.bss*)
 .bss           0x000000000000b438        0x0 init.o
 .bss           0x000000000000b438        0x0 init1.o
 .bss           0x000000000000b438        0x0 main.o
 .bss           0x000000000000b438        0x0 myClib.o
 .bss           0x000000000000b438        0x0 /opt/riscv/lib/gcc/riscv64-unknown-elf/10.1.0/rv32i/ilp32/libgcc.a(adddf3.o)
 .bss           0x000000000000b438        0x0 /opt/riscv/lib/gcc/riscv64-unknown-elf/10.1.0/rv32i/ilp32/libgcc.a(eqdf2.o)
 .bss           0x000000000000b438        0x0 /opt/riscv/lib/gcc/riscv64-unknown-elf/10.1.0/rv32i/ilp32/libgcc.a(muldf3.o)
 .bss           0x000000000000b438        0x0 /opt/riscv/lib/gcc/riscv64-unknown-elf/10.1.0/rv32i/ilp32/libgcc.a(fixdfsi.o)
 .bss           0x000000000000b438        0x0 /opt/riscv/lib/gcc/riscv64-unknown-elf/10.1.0/rv32i/ilp32/libgcc.a(muldi3.o)
 .bss           0x000000000000b438        0x0 /opt/riscv/lib/gcc/riscv64-unknown-elf/10.1.0/rv32i/ilp32/libgcc.a(div.o)
 .bss           0x000000000000b438        0x0 /opt/riscv/lib/gcc/riscv64-unknown-elf/10.1.0/rv32i/ilp32/libgcc.a(_clzsi2.o)
 .bss           0x000000000000b438        0x0 /opt/riscv/lib/gcc/riscv64-unknown-elf/10.1.0/rv32i/ilp32/libgcc.a(_clz.o)
                0x000000000000b438                . = ALIGN (0x4)
                [!provide]                        PROVIDE (_ebss = .)
                0x000000000000fffc                PROVIDE (__sp = ((ORIGIN (ram) + LENGTH (ram)) - 0x4))
LOAD /opt/riscv/lib/gcc/riscv64-unknown-elf/10.1.0/rv32i/ilp32/libgcc.a
OUTPUT(exe elf32-littleriscv)

.riscv.attributes
                0x0000000000000000       0x1c
 .riscv.attributes
                0x0000000000000000       0x1a init.o
 .riscv.attributes
                0x000000000000001a       0x1c init1.o
 .riscv.attributes
                0x0000000000000036       0x1c main.o
 .riscv.attributes
                0x0000000000000052       0x1c myClib.o
 .riscv.attributes
                0x000000000000006e       0x1c /opt/riscv/lib/gcc/riscv64-unknown-elf/10.1.0/rv32i/ilp32/libgcc.a(adddf3.o)
 .riscv.attributes
                0x000000000000008a       0x1c /opt/riscv/lib/gcc/riscv64-unknown-elf/10.1.0/rv32i/ilp32/libgcc.a(eqdf2.o)
 .riscv.attributes
                0x00000000000000a6       0x1c /opt/riscv/lib/gcc/riscv64-unknown-elf/10.1.0/rv32i/ilp32/libgcc.a(muldf3.o)
 .riscv.attributes
                0x00000000000000c2       0x1c /opt/riscv/lib/gcc/riscv64-unknown-elf/10.1.0/rv32i/ilp32/libgcc.a(fixdfsi.o)
 .riscv.attributes
                0x00000000000000de       0x1a /opt/riscv/lib/gcc/riscv64-unknown-elf/10.1.0/rv32i/ilp32/libgcc.a(muldi3.o)
 .riscv.attributes
                0x00000000000000f8       0x1a /opt/riscv/lib/gcc/riscv64-unknown-elf/10.1.0/rv32i/ilp32/libgcc.a(div.o)
 .riscv.attributes
                0x0000000000000112       0x1c /opt/riscv/lib/gcc/riscv64-unknown-elf/10.1.0/rv32i/ilp32/libgcc.a(_clzsi2.o)
 .riscv.attributes
                0x000000000000012e       0x1c /opt/riscv/lib/gcc/riscv64-unknown-elf/10.1.0/rv32i/ilp32/libgcc.a(_clz.o)

.comment        0x0000000000000000       0x12
 .comment       0x0000000000000000       0x12 init1.o
                                         0x13 (size before relaxing)
 .comment       0x0000000000000012       0x13 main.o
 .comment       0x0000000000000012       0x13 myClib.o
 .comment       0x0000000000000012       0x13 /opt/riscv/lib/gcc/riscv64-unknown-elf/10.1.0/rv32i/ilp32/libgcc.a(adddf3.o)
 .comment       0x0000000000000012       0x13 /opt/riscv/lib/gcc/riscv64-unknown-elf/10.1.0/rv32i/ilp32/libgcc.a(eqdf2.o)
 .comment       0x0000000000000012       0x13 /opt/riscv/lib/gcc/riscv64-unknown-elf/10.1.0/rv32i/ilp32/libgcc.a(muldf3.o)
 .comment       0x0000000000000012       0x13 /opt/riscv/lib/gcc/riscv64-unknown-elf/10.1.0/rv32i/ilp32/libgcc.a(fixdfsi.o)
 .comment       0x0000000000000012       0x13 /opt/riscv/lib/gcc/riscv64-unknown-elf/10.1.0/rv32i/ilp32/libgcc.a(_clzsi2.o)
 .comment       0x0000000000000012       0x13 /opt/riscv/lib/gcc/riscv64-unknown-elf/10.1.0/rv32i/ilp32/libgcc.a(_clz.o)

.debug_info     0x0000000000000000     0x160a
 .debug_info    0x0000000000000000      0x581 /opt/riscv/lib/gcc/riscv64-unknown-elf/10.1.0/rv32i/ilp32/libgcc.a(adddf3.o)
 .debug_info    0x0000000000000581      0x255 /opt/riscv/lib/gcc/riscv64-unknown-elf/10.1.0/rv32i/ilp32/libgcc.a(eqdf2.o)
 .debug_info    0x00000000000007d6      0x9e6 /opt/riscv/lib/gcc/riscv64-unknown-elf/10.1.0/rv32i/ilp32/libgcc.a(muldf3.o)
 .debug_info    0x00000000000011bc      0x1e7 /opt/riscv/lib/gcc/riscv64-unknown-elf/10.1.0/rv32i/ilp32/libgcc.a(fixdfsi.o)
 .debug_info    0x00000000000013a3       0x26 /opt/riscv/lib/gcc/riscv64-unknown-elf/10.1.0/rv32i/ilp32/libgcc.a(muldi3.o)
 .debug_info    0x00000000000013c9       0x26 /opt/riscv/lib/gcc/riscv64-unknown-elf/10.1.0/rv32i/ilp32/libgcc.a(div.o)
 .debug_info    0x00000000000013ef      0x144 /opt/riscv/lib/gcc/riscv64-unknown-elf/10.1.0/rv32i/ilp32/libgcc.a(_clzsi2.o)
 .debug_info    0x0000000000001533       0xd7 /opt/riscv/lib/gcc/riscv64-unknown-elf/10.1.0/rv32i/ilp32/libgcc.a(_clz.o)

.debug_abbrev   0x0000000000000000      0x714
 .debug_abbrev  0x0000000000000000      0x173 /opt/riscv/lib/gcc/riscv64-unknown-elf/10.1.0/rv32i/ilp32/libgcc.a(adddf3.o)
 .debug_abbrev  0x0000000000000173      0x14b /opt/riscv/lib/gcc/riscv64-unknown-elf/10.1.0/rv32i/ilp32/libgcc.a(eqdf2.o)
 .debug_abbrev  0x00000000000002be      0x196 /opt/riscv/lib/gcc/riscv64-unknown-elf/10.1.0/rv32i/ilp32/libgcc.a(muldf3.o)
 .debug_abbrev  0x0000000000000454      0x15e /opt/riscv/lib/gcc/riscv64-unknown-elf/10.1.0/rv32i/ilp32/libgcc.a(fixdfsi.o)
 .debug_abbrev  0x00000000000005b2       0x14 /opt/riscv/lib/gcc/riscv64-unknown-elf/10.1.0/rv32i/ilp32/libgcc.a(muldi3.o)
 .debug_abbrev  0x00000000000005c6       0x14 /opt/riscv/lib/gcc/riscv64-unknown-elf/10.1.0/rv32i/ilp32/libgcc.a(div.o)
 .debug_abbrev  0x00000000000005da       0xca /opt/riscv/lib/gcc/riscv64-unknown-elf/10.1.0/rv32i/ilp32/libgcc.a(_clzsi2.o)
 .debug_abbrev  0x00000000000006a4       0x70 /opt/riscv/lib/gcc/riscv64-unknown-elf/10.1.0/rv32i/ilp32/libgcc.a(_clz.o)

.debug_loc      0x0000000000000000     0x2263
 .debug_loc     0x0000000000000000     0x11ec /opt/riscv/lib/gcc/riscv64-unknown-elf/10.1.0/rv32i/ilp32/libgcc.a(adddf3.o)
 .debug_loc     0x00000000000011ec       0xa4 /opt/riscv/lib/gcc/riscv64-unknown-elf/10.1.0/rv32i/ilp32/libgcc.a(eqdf2.o)
 .debug_loc     0x0000000000001290      0xde7 /opt/riscv/lib/gcc/riscv64-unknown-elf/10.1.0/rv32i/ilp32/libgcc.a(muldf3.o)
 .debug_loc     0x0000000000002077      0x181 /opt/riscv/lib/gcc/riscv64-unknown-elf/10.1.0/rv32i/ilp32/libgcc.a(fixdfsi.o)
 .debug_loc     0x00000000000021f8       0x6b /opt/riscv/lib/gcc/riscv64-unknown-elf/10.1.0/rv32i/ilp32/libgcc.a(_clzsi2.o)

.debug_aranges  0x0000000000000000       0xf8
 .debug_aranges
                0x0000000000000000       0x20 /opt/riscv/lib/gcc/riscv64-unknown-elf/10.1.0/rv32i/ilp32/libgcc.a(adddf3.o)
 .debug_aranges
                0x0000000000000020       0x20 /opt/riscv/lib/gcc/riscv64-unknown-elf/10.1.0/rv32i/ilp32/libgcc.a(eqdf2.o)
 .debug_aranges
                0x0000000000000040       0x20 /opt/riscv/lib/gcc/riscv64-unknown-elf/10.1.0/rv32i/ilp32/libgcc.a(muldf3.o)
 .debug_aranges
                0x0000000000000060       0x20 /opt/riscv/lib/gcc/riscv64-unknown-elf/10.1.0/rv32i/ilp32/libgcc.a(fixdfsi.o)
 .debug_aranges
                0x0000000000000080       0x20 /opt/riscv/lib/gcc/riscv64-unknown-elf/10.1.0/rv32i/ilp32/libgcc.a(muldi3.o)
 .debug_aranges
                0x00000000000000a0       0x20 /opt/riscv/lib/gcc/riscv64-unknown-elf/10.1.0/rv32i/ilp32/libgcc.a(div.o)
 .debug_aranges
                0x00000000000000c0       0x20 /opt/riscv/lib/gcc/riscv64-unknown-elf/10.1.0/rv32i/ilp32/libgcc.a(_clzsi2.o)
 .debug_aranges
                0x00000000000000e0       0x18 /opt/riscv/lib/gcc/riscv64-unknown-elf/10.1.0/rv32i/ilp32/libgcc.a(_clz.o)

.debug_ranges   0x0000000000000000      0x4f0
 .debug_ranges  0x0000000000000000      0x248 /opt/riscv/lib/gcc/riscv64-unknown-elf/10.1.0/rv32i/ilp32/libgcc.a(adddf3.o)
 .debug_ranges  0x0000000000000248       0x48 /opt/riscv/lib/gcc/riscv64-unknown-elf/10.1.0/rv32i/ilp32/libgcc.a(eqdf2.o)
 .debug_ranges  0x0000000000000290      0x228 /opt/riscv/lib/gcc/riscv64-unknown-elf/10.1.0/rv32i/ilp32/libgcc.a(muldf3.o)
 .debug_ranges  0x00000000000004b8       0x18 /opt/riscv/lib/gcc/riscv64-unknown-elf/10.1.0/rv32i/ilp32/libgcc.a(fixdfsi.o)
 .debug_ranges  0x00000000000004d0       0x20 /opt/riscv/lib/gcc/riscv64-unknown-elf/10.1.0/rv32i/ilp32/libgcc.a(_clzsi2.o)

.debug_line     0x0000000000000000     0x27e0
 .debug_line    0x0000000000000000     0x1013 /opt/riscv/lib/gcc/riscv64-unknown-elf/10.1.0/rv32i/ilp32/libgcc.a(adddf3.o)
 .debug_line    0x0000000000001013      0x250 /opt/riscv/lib/gcc/riscv64-unknown-elf/10.1.0/rv32i/ilp32/libgcc.a(eqdf2.o)
 .debug_line    0x0000000000001263     0x1025 /opt/riscv/lib/gcc/riscv64-unknown-elf/10.1.0/rv32i/ilp32/libgcc.a(muldf3.o)
 .debug_line    0x0000000000002288      0x214 /opt/riscv/lib/gcc/riscv64-unknown-elf/10.1.0/rv32i/ilp32/libgcc.a(fixdfsi.o)
 .debug_line    0x000000000000249c       0x98 /opt/riscv/lib/gcc/riscv64-unknown-elf/10.1.0/rv32i/ilp32/libgcc.a(muldi3.o)
 .debug_line    0x0000000000002534      0x16e /opt/riscv/lib/gcc/riscv64-unknown-elf/10.1.0/rv32i/ilp32/libgcc.a(div.o)
 .debug_line    0x00000000000026a2       0xe5 /opt/riscv/lib/gcc/riscv64-unknown-elf/10.1.0/rv32i/ilp32/libgcc.a(_clzsi2.o)
 .debug_line    0x0000000000002787       0x59 /opt/riscv/lib/gcc/riscv64-unknown-elf/10.1.0/rv32i/ilp32/libgcc.a(_clz.o)

.debug_str      0x0000000000000000      0x6d4
 .debug_str     0x0000000000000000      0x2e3 /opt/riscv/lib/gcc/riscv64-unknown-elf/10.1.0/rv32i/ilp32/libgcc.a(adddf3.o)
                                        0x31e (size before relaxing)
 .debug_str     0x00000000000002e3       0x59 /opt/riscv/lib/gcc/riscv64-unknown-elf/10.1.0/rv32i/ilp32/libgcc.a(eqdf2.o)
                                        0x22f (size before relaxing)
 .debug_str     0x000000000000033c      0x248 /opt/riscv/lib/gcc/riscv64-unknown-elf/10.1.0/rv32i/ilp32/libgcc.a(muldf3.o)
                                        0x444 (size before relaxing)
 .debug_str     0x0000000000000584       0x59 /opt/riscv/lib/gcc/riscv64-unknown-elf/10.1.0/rv32i/ilp32/libgcc.a(fixdfsi.o)
                                        0x22c (size before relaxing)
 .debug_str     0x00000000000005dd       0x44 /opt/riscv/lib/gcc/riscv64-unknown-elf/10.1.0/rv32i/ilp32/libgcc.a(muldi3.o)
                                         0x9d (size before relaxing)
 .debug_str     0x0000000000000621       0x35 /opt/riscv/lib/gcc/riscv64-unknown-elf/10.1.0/rv32i/ilp32/libgcc.a(div.o)
                                         0x9a (size before relaxing)
 .debug_str     0x0000000000000656       0x7e /opt/riscv/lib/gcc/riscv64-unknown-elf/10.1.0/rv32i/ilp32/libgcc.a(_clzsi2.o)
                                        0x227 (size before relaxing)
 .debug_str     0x00000000000006d4      0x20a /opt/riscv/lib/gcc/riscv64-unknown-elf/10.1.0/rv32i/ilp32/libgcc.a(_clz.o)

.debug_frame    0x0000000000000000       0xf8
 .debug_frame   0x0000000000000000       0x44 /opt/riscv/lib/gcc/riscv64-unknown-elf/10.1.0/rv32i/ilp32/libgcc.a(adddf3.o)
 .debug_frame   0x0000000000000044       0x20 /opt/riscv/lib/gcc/riscv64-unknown-elf/10.1.0/rv32i/ilp32/libgcc.a(eqdf2.o)
 .debug_frame   0x0000000000000064       0x54 /opt/riscv/lib/gcc/riscv64-unknown-elf/10.1.0/rv32i/ilp32/libgcc.a(muldf3.o)
 .debug_frame   0x00000000000000b8       0x20 /opt/riscv/lib/gcc/riscv64-unknown-elf/10.1.0/rv32i/ilp32/libgcc.a(fixdfsi.o)
 .debug_frame   0x00000000000000d8       0x20 /opt/riscv/lib/gcc/riscv64-unknown-elf/10.1.0/rv32i/ilp32/libgcc.a(_clzsi2.o)
