Archive member included to satisfy reference by file (symbol)

/opt/xpack-riscv-none-embed-gcc-8.3.0-1.2/bin/../lib/gcc/riscv-none-embed/8.3.0/rv32i/ilp32/libgcc.a(div.o)
                              myClib.o (__udivsi3)

Memory Configuration

Name             Origin             Length             Attributes
ram              0x0000000000000000 0x0000000000010000 xrw
*default*        0x0000000000000000 0xffffffffffffffff

Linker script and memory map

LOAD init.o
LOAD init1.o
LOAD myClib.o
LOAD main.o
                0x0000000000010004                __console_addr = 0x10004

.text           0x0000000000000000      0xc44
                [!provide]                        PROVIDE (_stext = .)
 *(.init)
 .init          0x0000000000000000       0x10 init.o
 *(.init.*)
 .init.text0    0x0000000000000010       0x28 init1.o
                0x0000000000000010                textinit
 *(.text)
 .text          0x0000000000000038        0x0 init.o
 .text          0x0000000000000038        0x0 init1.o
 .text          0x0000000000000038      0xb58 myClib.o
                0x0000000000000268                write_char(char)
                0x0000000000000280                write_string(char*)
                0x00000000000002e8                _putc(int, int volatile*)
                0x00000000000002f4                _puts(char*, unsigned int, int volatile*)
                0x0000000000000318                _strlen(char const*)
                0x0000000000000348                itoa(int, unsigned int, unsigned int, unsigned int, char*, unsigned int)
                0x0000000000000594                printf_impl(int volatile*, char const*, void*)
                0x000000000000077c                addr_printf(int volatile*, char const*, ...)
                0x0000000000000988                _printf(char const*, ...)
 .text          0x0000000000000b90        0x0 main.o
 .text          0x0000000000000b90       0xb4 /opt/xpack-riscv-none-embed-gcc-8.3.0-1.2/bin/../lib/gcc/riscv-none-embed/8.3.0/rv32i/ilp32/libgcc.a(div.o)
                0x0000000000000b90                __divsi3
                0x0000000000000b98                __udivsi3
                0x0000000000000be0                __umodsi3
                0x0000000000000c14                __modsi3
                [!provide]                        PROVIDE (_etext = .)

.text.startup   0x0000000000000c44       0x2c
 .text.startup  0x0000000000000c44       0x2c main.o
                0x0000000000000c44                main

.vector         0x0000000000000c70        0x8
                0x0000000000000c70                . = ALIGN (0x4)
                [!provide]                        PROVIDE (_svector = .)
 *(.vector*)
 .vector_section
                0x0000000000000c70        0x8 init1.o
                0x0000000000000c70                vector
                0x0000000000000c78                . = ALIGN (0x4)
                [!provide]                        PROVIDE (_evector = .)

.rodata         0x0000000000000c78       0x14
                0x0000000000000c78                . = ALIGN (0x4)
                [!provide]                        PROVIDE (_srodata = .)
 *(.rodata)
 *(.rodata.*)
 .rodata.str1.4
                0x0000000000000c78       0x14 main.o
                                         0x13 (size before relaxing)
                0x0000000000000c8c                . = ALIGN (0x4)
                [!provide]                        PROVIDE (_erodata = .)

.eh_frame       0x0000000000000c8c      0x218
 .eh_frame      0x0000000000000c8c       0x3c init1.o
 .eh_frame      0x0000000000000cc8      0x1c0 myClib.o
                                        0x1d4 (size before relaxing)
 .eh_frame      0x0000000000000e88       0x1c main.o
                                         0x30 (size before relaxing)

.rela.dyn       0x0000000000000ea4        0x0
 .rela.init     0x0000000000000ea4        0x0 init.o
 .rela.vector_section
                0x0000000000000ea4        0x0 init.o
 .rela.text     0x0000000000000ea4        0x0 init.o

.data           0x0000000000000ea4        0x0
                0x0000000000000ea4                . = ALIGN (0x4)
                [!provide]                        PROVIDE (_sdata = .)
 *(.data*)
 .data          0x0000000000000ea4        0x0 init.o
 .data          0x0000000000000ea4        0x0 init1.o
 .data          0x0000000000000ea4        0x0 myClib.o
 .data          0x0000000000000ea4        0x0 main.o
 .data          0x0000000000000ea4        0x0 /opt/xpack-riscv-none-embed-gcc-8.3.0-1.2/bin/../lib/gcc/riscv-none-embed/8.3.0/rv32i/ilp32/libgcc.a(div.o)
                0x0000000000000ea4                . = ALIGN (0x4)
                [!provide]                        PROVIDE (_edata = .)

.bss            0x0000000000000ea4        0x0
                0x0000000000000ea4                . = ALIGN (0x4)
                [!provide]                        PROVIDE (_sbss = .)
 *(.bss*)
 .bss           0x0000000000000ea4        0x0 init.o
 .bss           0x0000000000000ea4        0x0 init1.o
 .bss           0x0000000000000ea4        0x0 myClib.o
 .bss           0x0000000000000ea4        0x0 main.o
 .bss           0x0000000000000ea4        0x0 /opt/xpack-riscv-none-embed-gcc-8.3.0-1.2/bin/../lib/gcc/riscv-none-embed/8.3.0/rv32i/ilp32/libgcc.a(div.o)
                0x0000000000000ea4                . = ALIGN (0x4)
                [!provide]                        PROVIDE (_ebss = .)
                0x000000000000fffc                PROVIDE (__sp = ((ORIGIN (ram) + LENGTH (ram)) - 0x4))
LOAD /opt/xpack-riscv-none-embed-gcc-8.3.0-1.2/bin/../lib/gcc/riscv-none-embed/8.3.0/rv32i/ilp32/libgcc.a
OUTPUT(exe elf32-littleriscv)

.comment        0x0000000000000000       0x33
 .comment       0x0000000000000000       0x33 init1.o
                                         0x34 (size before relaxing)
 .comment       0x0000000000000033       0x34 myClib.o
 .comment       0x0000000000000033       0x34 main.o
