Archive member included to satisfy reference by file (symbol)

/opt/xpack-riscv-none-embed-gcc-8.3.0-1.2/bin/../lib/gcc/riscv-none-embed/8.3.0/rv32i/ilp32/libgcc.a(mulsf3.o)
                              main.o (__mulsf3)
/opt/xpack-riscv-none-embed-gcc-8.3.0-1.2/bin/../lib/gcc/riscv-none-embed/8.3.0/rv32i/ilp32/libgcc.a(subsf3.o)
                              main.o (__subsf3)
/opt/xpack-riscv-none-embed-gcc-8.3.0-1.2/bin/../lib/gcc/riscv-none-embed/8.3.0/rv32i/ilp32/libgcc.a(fixsfsi.o)
                              main.o (__fixsfsi)
/opt/xpack-riscv-none-embed-gcc-8.3.0-1.2/bin/../lib/gcc/riscv-none-embed/8.3.0/rv32i/ilp32/libgcc.a(floatsisf.o)
                              main.o (__floatsisf)
/opt/xpack-riscv-none-embed-gcc-8.3.0-1.2/bin/../lib/gcc/riscv-none-embed/8.3.0/rv32i/ilp32/libgcc.a(muldi3.o)
                              /opt/xpack-riscv-none-embed-gcc-8.3.0-1.2/bin/../lib/gcc/riscv-none-embed/8.3.0/rv32i/ilp32/libgcc.a(mulsf3.o) (__mulsi3)
/opt/xpack-riscv-none-embed-gcc-8.3.0-1.2/bin/../lib/gcc/riscv-none-embed/8.3.0/rv32i/ilp32/libgcc.a(div.o)
                              myClib.o (__udivsi3)
/opt/xpack-riscv-none-embed-gcc-8.3.0-1.2/bin/../lib/gcc/riscv-none-embed/8.3.0/rv32i/ilp32/libgcc.a(_clzsi2.o)
                              /opt/xpack-riscv-none-embed-gcc-8.3.0-1.2/bin/../lib/gcc/riscv-none-embed/8.3.0/rv32i/ilp32/libgcc.a(mulsf3.o) (__clzsi2)
/opt/xpack-riscv-none-embed-gcc-8.3.0-1.2/bin/../lib/gcc/riscv-none-embed/8.3.0/rv32i/ilp32/libgcc.a(_clz.o)
                              /opt/xpack-riscv-none-embed-gcc-8.3.0-1.2/bin/../lib/gcc/riscv-none-embed/8.3.0/rv32i/ilp32/libgcc.a(_clzsi2.o) (__clz_tab)

Memory Configuration

Name             Origin             Length             Attributes
ram              0x0000000000000000 0x0000000000010000 xrw
*default*        0x0000000000000000 0xffffffffffffffff

Linker script and memory map

LOAD init.o
LOAD init1.o
LOAD myClib.o
LOAD main.o
                0x0000000000010004                __console_addr = 0x10004

.text           0x0000000000000000      0x91c
                [!provide]                        PROVIDE (_stext = .)
 *(.init)
 .init          0x0000000000000000       0x10 init.o
 *(.init.*)
 .init.text0    0x0000000000000010       0x28 init1.o
                0x0000000000000010                textinit
 *(.text)
 .text          0x0000000000000038        0x0 init.o
 .text          0x0000000000000038        0x0 init1.o
 .text          0x0000000000000038      0x74c myClib.o
                0x0000000000000038                write_char(char)
                0x000000000000009c                write_string(char*)
                0x0000000000000138                _putc(int, int volatile*)
                0x000000000000016c                _puts(char*, unsigned int, int volatile*)
                0x00000000000001dc                _strlen(char const*)
                0x0000000000000228                itoa(int, unsigned int, unsigned int, unsigned int, char*, unsigned int)
                0x000000000000043c                printf_impl(int volatile*, char const*, void*)
                0x00000000000006a8                addr_printf(int volatile*, char const*, ...)
                0x0000000000000714                _printf(char const*, ...)
 .text          0x0000000000000784       0xc0 main.o
                0x0000000000000784                main
 .text          0x0000000000000844        0x0 /opt/xpack-riscv-none-embed-gcc-8.3.0-1.2/bin/../lib/gcc/riscv-none-embed/8.3.0/rv32i/ilp32/libgcc.a(mulsf3.o)
 .text          0x0000000000000844        0x0 /opt/xpack-riscv-none-embed-gcc-8.3.0-1.2/bin/../lib/gcc/riscv-none-embed/8.3.0/rv32i/ilp32/libgcc.a(subsf3.o)
 .text          0x0000000000000844        0x0 /opt/xpack-riscv-none-embed-gcc-8.3.0-1.2/bin/../lib/gcc/riscv-none-embed/8.3.0/rv32i/ilp32/libgcc.a(fixsfsi.o)
 .text          0x0000000000000844        0x0 /opt/xpack-riscv-none-embed-gcc-8.3.0-1.2/bin/../lib/gcc/riscv-none-embed/8.3.0/rv32i/ilp32/libgcc.a(floatsisf.o)
 .text          0x0000000000000844       0x24 /opt/xpack-riscv-none-embed-gcc-8.3.0-1.2/bin/../lib/gcc/riscv-none-embed/8.3.0/rv32i/ilp32/libgcc.a(muldi3.o)
                0x0000000000000844                __mulsi3
 .text          0x0000000000000868       0xb4 /opt/xpack-riscv-none-embed-gcc-8.3.0-1.2/bin/../lib/gcc/riscv-none-embed/8.3.0/rv32i/ilp32/libgcc.a(div.o)
                0x0000000000000868                __divsi3
                0x0000000000000870                __udivsi3
                0x00000000000008b8                __umodsi3
                0x00000000000008ec                __modsi3
 .text          0x000000000000091c        0x0 /opt/xpack-riscv-none-embed-gcc-8.3.0-1.2/bin/../lib/gcc/riscv-none-embed/8.3.0/rv32i/ilp32/libgcc.a(_clzsi2.o)
 .text          0x000000000000091c        0x0 /opt/xpack-riscv-none-embed-gcc-8.3.0-1.2/bin/../lib/gcc/riscv-none-embed/8.3.0/rv32i/ilp32/libgcc.a(_clz.o)
                [!provide]                        PROVIDE (_etext = .)

.text.__mulsf3  0x000000000000091c      0x3b0
 .text.__mulsf3
                0x000000000000091c      0x3b0 /opt/xpack-riscv-none-embed-gcc-8.3.0-1.2/bin/../lib/gcc/riscv-none-embed/8.3.0/rv32i/ilp32/libgcc.a(mulsf3.o)
                0x000000000000091c                __mulsf3

.text.__subsf3  0x0000000000000ccc      0x484
 .text.__subsf3
                0x0000000000000ccc      0x484 /opt/xpack-riscv-none-embed-gcc-8.3.0-1.2/bin/../lib/gcc/riscv-none-embed/8.3.0/rv32i/ilp32/libgcc.a(subsf3.o)
                0x0000000000000ccc                __subsf3

.text.__fixsfsi
                0x0000000000001150       0x74
 .text.__fixsfsi
                0x0000000000001150       0x74 /opt/xpack-riscv-none-embed-gcc-8.3.0-1.2/bin/../lib/gcc/riscv-none-embed/8.3.0/rv32i/ilp32/libgcc.a(fixsfsi.o)
                0x0000000000001150                __fixsfsi

.text.__floatsisf
                0x00000000000011c4      0x114
 .text.__floatsisf
                0x00000000000011c4      0x114 /opt/xpack-riscv-none-embed-gcc-8.3.0-1.2/bin/../lib/gcc/riscv-none-embed/8.3.0/rv32i/ilp32/libgcc.a(floatsisf.o)
                0x00000000000011c4                __floatsisf

.text.__clzsi2  0x00000000000012d8       0x94
 .text.__clzsi2
                0x00000000000012d8       0x94 /opt/xpack-riscv-none-embed-gcc-8.3.0-1.2/bin/../lib/gcc/riscv-none-embed/8.3.0/rv32i/ilp32/libgcc.a(_clzsi2.o)
                0x00000000000012d8                __clzsi2

.vector         0x000000000000136c        0x8
                0x000000000000136c                . = ALIGN (0x4)
                [!provide]                        PROVIDE (_svector = .)
 *(.vector*)
 .vector_section
                0x000000000000136c        0x8 init1.o
                0x000000000000136c                vector
                0x0000000000001374                . = ALIGN (0x4)
                [!provide]                        PROVIDE (_evector = .)

.rodata         0x0000000000001374      0x160
                0x0000000000001374                . = ALIGN (0x4)
                [!provide]                        PROVIDE (_srodata = .)
 *(.rodata)
 .rodata        0x0000000000001374       0x20 main.o
 *(.rodata.*)
 .rodata.__mulsf3
                0x0000000000001394       0x40 /opt/xpack-riscv-none-embed-gcc-8.3.0-1.2/bin/../lib/gcc/riscv-none-embed/8.3.0/rv32i/ilp32/libgcc.a(mulsf3.o)
 .rodata.__clz_tab
                0x00000000000013d4      0x100 /opt/xpack-riscv-none-embed-gcc-8.3.0-1.2/bin/../lib/gcc/riscv-none-embed/8.3.0/rv32i/ilp32/libgcc.a(_clz.o)
                0x00000000000013d4                __clz_tab
                0x00000000000014d4                . = ALIGN (0x4)
                [!provide]                        PROVIDE (_erodata = .)

.eh_frame       0x00000000000014d4      0x1c4
 .eh_frame      0x00000000000014d4       0x3c init1.o
 .eh_frame      0x0000000000001510      0x160 myClib.o
                                        0x174 (size before relaxing)
 .eh_frame      0x0000000000001670       0x28 main.o
                                         0x3c (size before relaxing)

.rela.dyn       0x0000000000001698        0x0
 .rela.init     0x0000000000001698        0x0 init.o
 .rela.vector_section
                0x0000000000001698        0x0 init.o
 .rela.text     0x0000000000001698        0x0 init.o

.data           0x0000000000001698        0x0
                0x0000000000001698                . = ALIGN (0x4)
                [!provide]                        PROVIDE (_sdata = .)
 *(.data*)
 .data          0x0000000000001698        0x0 init.o
 .data          0x0000000000001698        0x0 init1.o
 .data          0x0000000000001698        0x0 myClib.o
 .data          0x0000000000001698        0x0 main.o
 .data          0x0000000000001698        0x0 /opt/xpack-riscv-none-embed-gcc-8.3.0-1.2/bin/../lib/gcc/riscv-none-embed/8.3.0/rv32i/ilp32/libgcc.a(mulsf3.o)
 .data          0x0000000000001698        0x0 /opt/xpack-riscv-none-embed-gcc-8.3.0-1.2/bin/../lib/gcc/riscv-none-embed/8.3.0/rv32i/ilp32/libgcc.a(subsf3.o)
 .data          0x0000000000001698        0x0 /opt/xpack-riscv-none-embed-gcc-8.3.0-1.2/bin/../lib/gcc/riscv-none-embed/8.3.0/rv32i/ilp32/libgcc.a(fixsfsi.o)
 .data          0x0000000000001698        0x0 /opt/xpack-riscv-none-embed-gcc-8.3.0-1.2/bin/../lib/gcc/riscv-none-embed/8.3.0/rv32i/ilp32/libgcc.a(floatsisf.o)
 .data          0x0000000000001698        0x0 /opt/xpack-riscv-none-embed-gcc-8.3.0-1.2/bin/../lib/gcc/riscv-none-embed/8.3.0/rv32i/ilp32/libgcc.a(muldi3.o)
 .data          0x0000000000001698        0x0 /opt/xpack-riscv-none-embed-gcc-8.3.0-1.2/bin/../lib/gcc/riscv-none-embed/8.3.0/rv32i/ilp32/libgcc.a(div.o)
 .data          0x0000000000001698        0x0 /opt/xpack-riscv-none-embed-gcc-8.3.0-1.2/bin/../lib/gcc/riscv-none-embed/8.3.0/rv32i/ilp32/libgcc.a(_clzsi2.o)
 .data          0x0000000000001698        0x0 /opt/xpack-riscv-none-embed-gcc-8.3.0-1.2/bin/../lib/gcc/riscv-none-embed/8.3.0/rv32i/ilp32/libgcc.a(_clz.o)
                0x0000000000001698                . = ALIGN (0x4)
                [!provide]                        PROVIDE (_edata = .)

.bss            0x0000000000001698        0x0
                0x0000000000001698                . = ALIGN (0x4)
                [!provide]                        PROVIDE (_sbss = .)
 *(.bss*)
 .bss           0x0000000000001698        0x0 init.o
 .bss           0x0000000000001698        0x0 init1.o
 .bss           0x0000000000001698        0x0 myClib.o
 .bss           0x0000000000001698        0x0 main.o
 .bss           0x0000000000001698        0x0 /opt/xpack-riscv-none-embed-gcc-8.3.0-1.2/bin/../lib/gcc/riscv-none-embed/8.3.0/rv32i/ilp32/libgcc.a(mulsf3.o)
 .bss           0x0000000000001698        0x0 /opt/xpack-riscv-none-embed-gcc-8.3.0-1.2/bin/../lib/gcc/riscv-none-embed/8.3.0/rv32i/ilp32/libgcc.a(subsf3.o)
 .bss           0x0000000000001698        0x0 /opt/xpack-riscv-none-embed-gcc-8.3.0-1.2/bin/../lib/gcc/riscv-none-embed/8.3.0/rv32i/ilp32/libgcc.a(fixsfsi.o)
 .bss           0x0000000000001698        0x0 /opt/xpack-riscv-none-embed-gcc-8.3.0-1.2/bin/../lib/gcc/riscv-none-embed/8.3.0/rv32i/ilp32/libgcc.a(floatsisf.o)
 .bss           0x0000000000001698        0x0 /opt/xpack-riscv-none-embed-gcc-8.3.0-1.2/bin/../lib/gcc/riscv-none-embed/8.3.0/rv32i/ilp32/libgcc.a(muldi3.o)
 .bss           0x0000000000001698        0x0 /opt/xpack-riscv-none-embed-gcc-8.3.0-1.2/bin/../lib/gcc/riscv-none-embed/8.3.0/rv32i/ilp32/libgcc.a(div.o)
 .bss           0x0000000000001698        0x0 /opt/xpack-riscv-none-embed-gcc-8.3.0-1.2/bin/../lib/gcc/riscv-none-embed/8.3.0/rv32i/ilp32/libgcc.a(_clzsi2.o)
 .bss           0x0000000000001698        0x0 /opt/xpack-riscv-none-embed-gcc-8.3.0-1.2/bin/../lib/gcc/riscv-none-embed/8.3.0/rv32i/ilp32/libgcc.a(_clz.o)
                0x0000000000001698                . = ALIGN (0x4)
                [!provide]                        PROVIDE (_ebss = .)
                0x000000000000fffc                PROVIDE (__sp = ((ORIGIN (ram) + LENGTH (ram)) - 0x4))
LOAD /opt/xpack-riscv-none-embed-gcc-8.3.0-1.2/bin/../lib/gcc/riscv-none-embed/8.3.0/rv32i/ilp32/libgcc.a
OUTPUT(exe elf32-littleriscv)

.comment        0x0000000000000000       0x33
 .comment       0x0000000000000000       0x33 init1.o
                                         0x34 (size before relaxing)
 .comment       0x0000000000000033       0x34 myClib.o
 .comment       0x0000000000000033       0x34 main.o

.debug_frame    0x0000000000000000      0x104
 .debug_frame   0x0000000000000000       0x50 /opt/xpack-riscv-none-embed-gcc-8.3.0-1.2/bin/../lib/gcc/riscv-none-embed/8.3.0/rv32i/ilp32/libgcc.a(mulsf3.o)
 .debug_frame   0x0000000000000050       0x3c /opt/xpack-riscv-none-embed-gcc-8.3.0-1.2/bin/../lib/gcc/riscv-none-embed/8.3.0/rv32i/ilp32/libgcc.a(subsf3.o)
 .debug_frame   0x000000000000008c       0x20 /opt/xpack-riscv-none-embed-gcc-8.3.0-1.2/bin/../lib/gcc/riscv-none-embed/8.3.0/rv32i/ilp32/libgcc.a(fixsfsi.o)
 .debug_frame   0x00000000000000ac       0x38 /opt/xpack-riscv-none-embed-gcc-8.3.0-1.2/bin/../lib/gcc/riscv-none-embed/8.3.0/rv32i/ilp32/libgcc.a(floatsisf.o)
 .debug_frame   0x00000000000000e4       0x20 /opt/xpack-riscv-none-embed-gcc-8.3.0-1.2/bin/../lib/gcc/riscv-none-embed/8.3.0/rv32i/ilp32/libgcc.a(_clzsi2.o)
