Archive member included to satisfy reference by file (symbol)

/opt/riscv/lib/gcc/riscv64-unknown-elf/10.1.0/rv32i/ilp32/libgcc.a(gesf2.o)
                              myClib.o (__gtsf2)
/opt/riscv/lib/gcc/riscv64-unknown-elf/10.1.0/rv32i/ilp32/libgcc.a(mulsf3.o)
                              myClib.o (__mulsf3)
/opt/riscv/lib/gcc/riscv64-unknown-elf/10.1.0/rv32i/ilp32/libgcc.a(subsf3.o)
                              myClib.o (__subsf3)
/opt/riscv/lib/gcc/riscv64-unknown-elf/10.1.0/rv32i/ilp32/libgcc.a(fixsfsi.o)
                              myClib.o (__fixsfsi)
/opt/riscv/lib/gcc/riscv64-unknown-elf/10.1.0/rv32i/ilp32/libgcc.a(floatsisf.o)
                              myClib.o (__floatsisf)
/opt/riscv/lib/gcc/riscv64-unknown-elf/10.1.0/rv32i/ilp32/libgcc.a(truncdfsf2.o)
                              myClib.o (__truncdfsf2)
/opt/riscv/lib/gcc/riscv64-unknown-elf/10.1.0/rv32i/ilp32/libgcc.a(muldi3.o)
                              /opt/riscv/lib/gcc/riscv64-unknown-elf/10.1.0/rv32i/ilp32/libgcc.a(mulsf3.o) (__mulsi3)
/opt/riscv/lib/gcc/riscv64-unknown-elf/10.1.0/rv32i/ilp32/libgcc.a(div.o)
                              myClib.o (__udivsi3)
/opt/riscv/lib/gcc/riscv64-unknown-elf/10.1.0/rv32i/ilp32/libgcc.a(_clzsi2.o)
                              /opt/riscv/lib/gcc/riscv64-unknown-elf/10.1.0/rv32i/ilp32/libgcc.a(mulsf3.o) (__clzsi2)
/opt/riscv/lib/gcc/riscv64-unknown-elf/10.1.0/rv32i/ilp32/libgcc.a(_clz.o)
                              /opt/riscv/lib/gcc/riscv64-unknown-elf/10.1.0/rv32i/ilp32/libgcc.a(_clzsi2.o) (__clz_tab)

Memory Configuration

Name             Origin             Length             Attributes
ram              0x0000000000000000 0x0000000000010000 xrw
*default*        0x0000000000000000 0xffffffffffffffff

Linker script and memory map

LOAD init.o
LOAD init1.o
LOAD myClib.o
LOAD main.o
                0x0000000000010004                __console_addr = 0x10004

.text           0x0000000000000000     0x1690
                [!provide]                        PROVIDE (_stext = .)
 *(.init)
 .init          0x0000000000000000       0x20 init.o
 *(.init.*)
 .init.text0    0x0000000000000020       0x28 init1.o
                0x0000000000000020                textinit
 *(.text)
 .text          0x0000000000000048        0x0 init.o
 .text          0x0000000000000048        0x0 init1.o
 .text          0x0000000000000048      0x93c myClib.o
                0x0000000000000474                write_char(char)
                0x000000000000048c                write_string(char*)
                0x00000000000004f4                _putc(int, int volatile*)
                0x0000000000000500                _puts(char*, unsigned int, int volatile*)
                0x0000000000000524                _strlen(char const*)
                0x000000000000054c                itoa(int, unsigned int, unsigned int, unsigned int, char*, unsigned int)
                0x0000000000000560                ftoi(float, int*, int*)
                0x00000000000005fc                ftoi_print(float)
                0x00000000000006fc                printf_impl(int volatile*, char const*, void*)
                0x00000000000008fc                addr_printf(int volatile*, char const*, ...)
                0x0000000000000938                _printf(char const*, ...)
 .text          0x0000000000000984       0x9c main.o
                0x0000000000000984                my_ftoi(float, int&, int&)
 .text          0x0000000000000a20       0xb4 /opt/riscv/lib/gcc/riscv64-unknown-elf/10.1.0/rv32i/ilp32/libgcc.a(gesf2.o)
                0x0000000000000a20                __gtsf2
                0x0000000000000a20                __gesf2
 .text          0x0000000000000ad4      0x330 /opt/riscv/lib/gcc/riscv64-unknown-elf/10.1.0/rv32i/ilp32/libgcc.a(mulsf3.o)
                0x0000000000000ad4                __mulsf3
 .text          0x0000000000000e04      0x46c /opt/riscv/lib/gcc/riscv64-unknown-elf/10.1.0/rv32i/ilp32/libgcc.a(subsf3.o)
                0x0000000000000e04                __subsf3
 .text          0x0000000000001270       0x70 /opt/riscv/lib/gcc/riscv64-unknown-elf/10.1.0/rv32i/ilp32/libgcc.a(fixsfsi.o)
                0x0000000000001270                __fixsfsi
 .text          0x00000000000012e0      0x108 /opt/riscv/lib/gcc/riscv64-unknown-elf/10.1.0/rv32i/ilp32/libgcc.a(floatsisf.o)
                0x00000000000012e0                __floatsisf
 .text          0x00000000000013e8      0x184 /opt/riscv/lib/gcc/riscv64-unknown-elf/10.1.0/rv32i/ilp32/libgcc.a(truncdfsf2.o)
                0x00000000000013e8                __truncdfsf2
 .text          0x000000000000156c       0x24 /opt/riscv/lib/gcc/riscv64-unknown-elf/10.1.0/rv32i/ilp32/libgcc.a(muldi3.o)
                0x000000000000156c                __mulsi3
 .text          0x0000000000001590       0xb4 /opt/riscv/lib/gcc/riscv64-unknown-elf/10.1.0/rv32i/ilp32/libgcc.a(div.o)
                0x0000000000001590                __divsi3
                0x0000000000001598                __udivsi3
                0x00000000000015e0                __umodsi3
                0x0000000000001614                __modsi3
 .text          0x0000000000001644       0x4c /opt/riscv/lib/gcc/riscv64-unknown-elf/10.1.0/rv32i/ilp32/libgcc.a(_clzsi2.o)
                0x0000000000001644                __clzsi2
 .text          0x0000000000001690        0x0 /opt/riscv/lib/gcc/riscv64-unknown-elf/10.1.0/rv32i/ilp32/libgcc.a(_clz.o)
                [!provide]                        PROVIDE (_etext = .)

.text.startup   0x0000000000001690       0x40
 .text.startup  0x0000000000001690       0x40 main.o
                0x0000000000001690                main

.vector         0x00000000000016d0        0x8
                0x00000000000016d0                . = ALIGN (0x4)
                [!provide]                        PROVIDE (_svector = .)
 *(.vector*)
 .vector_section
                0x00000000000016d0        0x8 init1.o
                0x00000000000016d0                vector
                0x00000000000016d8                . = ALIGN (0x4)
                [!provide]                        PROVIDE (_evector = .)

.rodata         0x00000000000016d8      0x1e0
                0x00000000000016d8                . = ALIGN (0x4)
                [!provide]                        PROVIDE (_srodata = .)
 *(.rodata)
 .rodata        0x00000000000016d8       0x84 myClib.o
 .rodata        0x000000000000175c       0x3c /opt/riscv/lib/gcc/riscv64-unknown-elf/10.1.0/rv32i/ilp32/libgcc.a(mulsf3.o)
 .rodata        0x0000000000001798      0x100 /opt/riscv/lib/gcc/riscv64-unknown-elf/10.1.0/rv32i/ilp32/libgcc.a(_clz.o)
                0x0000000000001798                __clz_tab
 *(.rodata.*)
 .rodata.str1.4
                0x0000000000001898       0x1d main.o
                0x00000000000018b8                . = ALIGN (0x4)
 *fill*         0x00000000000018b5        0x3 
                [!provide]                        PROVIDE (_erodata = .)

.eh_frame       0x00000000000018b8      0x268
 .eh_frame      0x00000000000018b8       0x3c init1.o
 .eh_frame      0x00000000000018f4      0x1e0 myClib.o
                                        0x1f4 (size before relaxing)
 .eh_frame      0x0000000000001ad4       0x4c main.o
                                         0x60 (size before relaxing)

.data           0x0000000000001b20        0x0
                0x0000000000001b20                . = ALIGN (0x4)
                [!provide]                        PROVIDE (_sdata = .)
 *(.data*)
 .data          0x0000000000001b20        0x0 init.o
 .data          0x0000000000001b20        0x0 init1.o
 .data          0x0000000000001b20        0x0 myClib.o
 .data          0x0000000000001b20        0x0 main.o
 .data          0x0000000000001b20        0x0 /opt/riscv/lib/gcc/riscv64-unknown-elf/10.1.0/rv32i/ilp32/libgcc.a(gesf2.o)
 .data          0x0000000000001b20        0x0 /opt/riscv/lib/gcc/riscv64-unknown-elf/10.1.0/rv32i/ilp32/libgcc.a(mulsf3.o)
 .data          0x0000000000001b20        0x0 /opt/riscv/lib/gcc/riscv64-unknown-elf/10.1.0/rv32i/ilp32/libgcc.a(subsf3.o)
 .data          0x0000000000001b20        0x0 /opt/riscv/lib/gcc/riscv64-unknown-elf/10.1.0/rv32i/ilp32/libgcc.a(fixsfsi.o)
 .data          0x0000000000001b20        0x0 /opt/riscv/lib/gcc/riscv64-unknown-elf/10.1.0/rv32i/ilp32/libgcc.a(floatsisf.o)
 .data          0x0000000000001b20        0x0 /opt/riscv/lib/gcc/riscv64-unknown-elf/10.1.0/rv32i/ilp32/libgcc.a(truncdfsf2.o)
 .data          0x0000000000001b20        0x0 /opt/riscv/lib/gcc/riscv64-unknown-elf/10.1.0/rv32i/ilp32/libgcc.a(muldi3.o)
 .data          0x0000000000001b20        0x0 /opt/riscv/lib/gcc/riscv64-unknown-elf/10.1.0/rv32i/ilp32/libgcc.a(div.o)
 .data          0x0000000000001b20        0x0 /opt/riscv/lib/gcc/riscv64-unknown-elf/10.1.0/rv32i/ilp32/libgcc.a(_clzsi2.o)
 .data          0x0000000000001b20        0x0 /opt/riscv/lib/gcc/riscv64-unknown-elf/10.1.0/rv32i/ilp32/libgcc.a(_clz.o)
                0x0000000000001b20                . = ALIGN (0x4)
                [!provide]                        PROVIDE (_edata = .)

.sdata          0x0000000000001b20        0x8
                0x0000000000001b20                . = ALIGN (0x4)
                [!provide]                        PROVIDE (_ssdata = .)
 *(.srodata.cst16)
 *(.srodata.cst8)
 *(.srodata.cst4)
 .srodata.cst4  0x0000000000001b20        0x4 myClib.o
 .srodata.cst4  0x0000000000001b24        0x4 main.o
                                          0x8 (size before relaxing)
 *(.srodata.cst2)
 *(.srodata .srodata.*)
 *(.sdata .sdata.* .gnu.linkonce.s.*)
                0x0000000000001b28                . = ALIGN (0x4)
                [!provide]                        PROVIDE (_esdata = .)

.rela.dyn       0x0000000000001b28        0x0
 .rela.init     0x0000000000001b28        0x0 init.o
 .rela.vector_section
                0x0000000000001b28        0x0 init.o
 .rela.text     0x0000000000001b28        0x0 init.o

.sbss           0x0000000000001b28        0x0
                0x0000000000001b28                . = ALIGN (0x4)
                [!provide]                        PROVIDE (_ssbss = .)
 *(.dynsbss)
 *(.sbss .sbss.* .gnu.linkonce.sb.*)
 *(.scommon)
                0x0000000000001b28                . = ALIGN (0x4)
                [!provide]                        PROVIDE (_esbss = .)

.bss            0x0000000000001b28        0x0
                0x0000000000001b28                . = ALIGN (0x4)
                [!provide]                        PROVIDE (_sbss = .)
 *(.bss*)
 .bss           0x0000000000001b28        0x0 init.o
 .bss           0x0000000000001b28        0x0 init1.o
 .bss           0x0000000000001b28        0x0 myClib.o
 .bss           0x0000000000001b28        0x0 main.o
 .bss           0x0000000000001b28        0x0 /opt/riscv/lib/gcc/riscv64-unknown-elf/10.1.0/rv32i/ilp32/libgcc.a(gesf2.o)
 .bss           0x0000000000001b28        0x0 /opt/riscv/lib/gcc/riscv64-unknown-elf/10.1.0/rv32i/ilp32/libgcc.a(mulsf3.o)
 .bss           0x0000000000001b28        0x0 /opt/riscv/lib/gcc/riscv64-unknown-elf/10.1.0/rv32i/ilp32/libgcc.a(subsf3.o)
 .bss           0x0000000000001b28        0x0 /opt/riscv/lib/gcc/riscv64-unknown-elf/10.1.0/rv32i/ilp32/libgcc.a(fixsfsi.o)
 .bss           0x0000000000001b28        0x0 /opt/riscv/lib/gcc/riscv64-unknown-elf/10.1.0/rv32i/ilp32/libgcc.a(floatsisf.o)
 .bss           0x0000000000001b28        0x0 /opt/riscv/lib/gcc/riscv64-unknown-elf/10.1.0/rv32i/ilp32/libgcc.a(truncdfsf2.o)
 .bss           0x0000000000001b28        0x0 /opt/riscv/lib/gcc/riscv64-unknown-elf/10.1.0/rv32i/ilp32/libgcc.a(muldi3.o)
 .bss           0x0000000000001b28        0x0 /opt/riscv/lib/gcc/riscv64-unknown-elf/10.1.0/rv32i/ilp32/libgcc.a(div.o)
 .bss           0x0000000000001b28        0x0 /opt/riscv/lib/gcc/riscv64-unknown-elf/10.1.0/rv32i/ilp32/libgcc.a(_clzsi2.o)
 .bss           0x0000000000001b28        0x0 /opt/riscv/lib/gcc/riscv64-unknown-elf/10.1.0/rv32i/ilp32/libgcc.a(_clz.o)
                0x0000000000001b28                . = ALIGN (0x4)
                [!provide]                        PROVIDE (_ebss = .)
                0x000000000000fffc                PROVIDE (__sp = ((ORIGIN (ram) + LENGTH (ram)) - 0x4))
LOAD /opt/riscv/lib/gcc/riscv64-unknown-elf/10.1.0/rv32i/ilp32/libgcc.a
OUTPUT(exe elf32-littleriscv)

.riscv.attributes
                0x0000000000000000       0x1c
 .riscv.attributes
                0x0000000000000000       0x1a init.o
 .riscv.attributes
                0x000000000000001a       0x1c init1.o
 .riscv.attributes
                0x0000000000000036       0x1c myClib.o
 .riscv.attributes
                0x0000000000000052       0x1c main.o
 .riscv.attributes
                0x000000000000006e       0x1c /opt/riscv/lib/gcc/riscv64-unknown-elf/10.1.0/rv32i/ilp32/libgcc.a(gesf2.o)
 .riscv.attributes
                0x000000000000008a       0x1c /opt/riscv/lib/gcc/riscv64-unknown-elf/10.1.0/rv32i/ilp32/libgcc.a(mulsf3.o)
 .riscv.attributes
                0x00000000000000a6       0x1c /opt/riscv/lib/gcc/riscv64-unknown-elf/10.1.0/rv32i/ilp32/libgcc.a(subsf3.o)
 .riscv.attributes
                0x00000000000000c2       0x1c /opt/riscv/lib/gcc/riscv64-unknown-elf/10.1.0/rv32i/ilp32/libgcc.a(fixsfsi.o)
 .riscv.attributes
                0x00000000000000de       0x1c /opt/riscv/lib/gcc/riscv64-unknown-elf/10.1.0/rv32i/ilp32/libgcc.a(floatsisf.o)
 .riscv.attributes
                0x00000000000000fa       0x1c /opt/riscv/lib/gcc/riscv64-unknown-elf/10.1.0/rv32i/ilp32/libgcc.a(truncdfsf2.o)
 .riscv.attributes
                0x0000000000000116       0x1a /opt/riscv/lib/gcc/riscv64-unknown-elf/10.1.0/rv32i/ilp32/libgcc.a(muldi3.o)
 .riscv.attributes
                0x0000000000000130       0x1a /opt/riscv/lib/gcc/riscv64-unknown-elf/10.1.0/rv32i/ilp32/libgcc.a(div.o)
 .riscv.attributes
                0x000000000000014a       0x1c /opt/riscv/lib/gcc/riscv64-unknown-elf/10.1.0/rv32i/ilp32/libgcc.a(_clzsi2.o)
 .riscv.attributes
                0x0000000000000166       0x1c /opt/riscv/lib/gcc/riscv64-unknown-elf/10.1.0/rv32i/ilp32/libgcc.a(_clz.o)

.comment        0x0000000000000000       0x12
 .comment       0x0000000000000000       0x12 init1.o
                                         0x13 (size before relaxing)
 .comment       0x0000000000000012       0x13 myClib.o
 .comment       0x0000000000000012       0x13 main.o
 .comment       0x0000000000000012       0x13 /opt/riscv/lib/gcc/riscv64-unknown-elf/10.1.0/rv32i/ilp32/libgcc.a(gesf2.o)
 .comment       0x0000000000000012       0x13 /opt/riscv/lib/gcc/riscv64-unknown-elf/10.1.0/rv32i/ilp32/libgcc.a(mulsf3.o)
 .comment       0x0000000000000012       0x13 /opt/riscv/lib/gcc/riscv64-unknown-elf/10.1.0/rv32i/ilp32/libgcc.a(subsf3.o)
 .comment       0x0000000000000012       0x13 /opt/riscv/lib/gcc/riscv64-unknown-elf/10.1.0/rv32i/ilp32/libgcc.a(fixsfsi.o)
 .comment       0x0000000000000012       0x13 /opt/riscv/lib/gcc/riscv64-unknown-elf/10.1.0/rv32i/ilp32/libgcc.a(floatsisf.o)
 .comment       0x0000000000000012       0x13 /opt/riscv/lib/gcc/riscv64-unknown-elf/10.1.0/rv32i/ilp32/libgcc.a(truncdfsf2.o)
 .comment       0x0000000000000012       0x13 /opt/riscv/lib/gcc/riscv64-unknown-elf/10.1.0/rv32i/ilp32/libgcc.a(_clzsi2.o)
 .comment       0x0000000000000012       0x13 /opt/riscv/lib/gcc/riscv64-unknown-elf/10.1.0/rv32i/ilp32/libgcc.a(_clz.o)

.debug_info     0x0000000000000000     0x12b1
 .debug_info    0x0000000000000000      0x22a /opt/riscv/lib/gcc/riscv64-unknown-elf/10.1.0/rv32i/ilp32/libgcc.a(gesf2.o)
 .debug_info    0x000000000000022a      0x438 /opt/riscv/lib/gcc/riscv64-unknown-elf/10.1.0/rv32i/ilp32/libgcc.a(mulsf3.o)
 .debug_info    0x0000000000000662      0x33c /opt/riscv/lib/gcc/riscv64-unknown-elf/10.1.0/rv32i/ilp32/libgcc.a(subsf3.o)
 .debug_info    0x000000000000099e      0x1c7 /opt/riscv/lib/gcc/riscv64-unknown-elf/10.1.0/rv32i/ilp32/libgcc.a(fixsfsi.o)
 .debug_info    0x0000000000000b65      0x23c /opt/riscv/lib/gcc/riscv64-unknown-elf/10.1.0/rv32i/ilp32/libgcc.a(floatsisf.o)
 .debug_info    0x0000000000000da1      0x2a9 /opt/riscv/lib/gcc/riscv64-unknown-elf/10.1.0/rv32i/ilp32/libgcc.a(truncdfsf2.o)
 .debug_info    0x000000000000104a       0x26 /opt/riscv/lib/gcc/riscv64-unknown-elf/10.1.0/rv32i/ilp32/libgcc.a(muldi3.o)
 .debug_info    0x0000000000001070       0x26 /opt/riscv/lib/gcc/riscv64-unknown-elf/10.1.0/rv32i/ilp32/libgcc.a(div.o)
 .debug_info    0x0000000000001096      0x144 /opt/riscv/lib/gcc/riscv64-unknown-elf/10.1.0/rv32i/ilp32/libgcc.a(_clzsi2.o)
 .debug_info    0x00000000000011da       0xd7 /opt/riscv/lib/gcc/riscv64-unknown-elf/10.1.0/rv32i/ilp32/libgcc.a(_clz.o)

.debug_abbrev   0x0000000000000000      0x9b6
 .debug_abbrev  0x0000000000000000      0x14d /opt/riscv/lib/gcc/riscv64-unknown-elf/10.1.0/rv32i/ilp32/libgcc.a(gesf2.o)
 .debug_abbrev  0x000000000000014d      0x177 /opt/riscv/lib/gcc/riscv64-unknown-elf/10.1.0/rv32i/ilp32/libgcc.a(mulsf3.o)
 .debug_abbrev  0x00000000000002c4      0x161 /opt/riscv/lib/gcc/riscv64-unknown-elf/10.1.0/rv32i/ilp32/libgcc.a(subsf3.o)
 .debug_abbrev  0x0000000000000425      0x15e /opt/riscv/lib/gcc/riscv64-unknown-elf/10.1.0/rv32i/ilp32/libgcc.a(fixsfsi.o)
 .debug_abbrev  0x0000000000000583      0x184 /opt/riscv/lib/gcc/riscv64-unknown-elf/10.1.0/rv32i/ilp32/libgcc.a(floatsisf.o)
 .debug_abbrev  0x0000000000000707      0x14d /opt/riscv/lib/gcc/riscv64-unknown-elf/10.1.0/rv32i/ilp32/libgcc.a(truncdfsf2.o)
 .debug_abbrev  0x0000000000000854       0x14 /opt/riscv/lib/gcc/riscv64-unknown-elf/10.1.0/rv32i/ilp32/libgcc.a(muldi3.o)
 .debug_abbrev  0x0000000000000868       0x14 /opt/riscv/lib/gcc/riscv64-unknown-elf/10.1.0/rv32i/ilp32/libgcc.a(div.o)
 .debug_abbrev  0x000000000000087c       0xca /opt/riscv/lib/gcc/riscv64-unknown-elf/10.1.0/rv32i/ilp32/libgcc.a(_clzsi2.o)
 .debug_abbrev  0x0000000000000946       0x70 /opt/riscv/lib/gcc/riscv64-unknown-elf/10.1.0/rv32i/ilp32/libgcc.a(_clz.o)

.debug_loc      0x0000000000000000     0x1a2f
 .debug_loc     0x0000000000000000      0x145 /opt/riscv/lib/gcc/riscv64-unknown-elf/10.1.0/rv32i/ilp32/libgcc.a(gesf2.o)
 .debug_loc     0x0000000000000145      0x633 /opt/riscv/lib/gcc/riscv64-unknown-elf/10.1.0/rv32i/ilp32/libgcc.a(mulsf3.o)
 .debug_loc     0x0000000000000778      0xc52 /opt/riscv/lib/gcc/riscv64-unknown-elf/10.1.0/rv32i/ilp32/libgcc.a(subsf3.o)
 .debug_loc     0x00000000000013ca      0x12f /opt/riscv/lib/gcc/riscv64-unknown-elf/10.1.0/rv32i/ilp32/libgcc.a(fixsfsi.o)
 .debug_loc     0x00000000000014f9      0x191 /opt/riscv/lib/gcc/riscv64-unknown-elf/10.1.0/rv32i/ilp32/libgcc.a(floatsisf.o)
 .debug_loc     0x000000000000168a      0x33a /opt/riscv/lib/gcc/riscv64-unknown-elf/10.1.0/rv32i/ilp32/libgcc.a(truncdfsf2.o)
 .debug_loc     0x00000000000019c4       0x6b /opt/riscv/lib/gcc/riscv64-unknown-elf/10.1.0/rv32i/ilp32/libgcc.a(_clzsi2.o)

.debug_aranges  0x0000000000000000      0x138
 .debug_aranges
                0x0000000000000000       0x20 /opt/riscv/lib/gcc/riscv64-unknown-elf/10.1.0/rv32i/ilp32/libgcc.a(gesf2.o)
 .debug_aranges
                0x0000000000000020       0x20 /opt/riscv/lib/gcc/riscv64-unknown-elf/10.1.0/rv32i/ilp32/libgcc.a(mulsf3.o)
 .debug_aranges
                0x0000000000000040       0x20 /opt/riscv/lib/gcc/riscv64-unknown-elf/10.1.0/rv32i/ilp32/libgcc.a(subsf3.o)
 .debug_aranges
                0x0000000000000060       0x20 /opt/riscv/lib/gcc/riscv64-unknown-elf/10.1.0/rv32i/ilp32/libgcc.a(fixsfsi.o)
 .debug_aranges
                0x0000000000000080       0x20 /opt/riscv/lib/gcc/riscv64-unknown-elf/10.1.0/rv32i/ilp32/libgcc.a(floatsisf.o)
 .debug_aranges
                0x00000000000000a0       0x20 /opt/riscv/lib/gcc/riscv64-unknown-elf/10.1.0/rv32i/ilp32/libgcc.a(truncdfsf2.o)
 .debug_aranges
                0x00000000000000c0       0x20 /opt/riscv/lib/gcc/riscv64-unknown-elf/10.1.0/rv32i/ilp32/libgcc.a(muldi3.o)
 .debug_aranges
                0x00000000000000e0       0x20 /opt/riscv/lib/gcc/riscv64-unknown-elf/10.1.0/rv32i/ilp32/libgcc.a(div.o)
 .debug_aranges
                0x0000000000000100       0x20 /opt/riscv/lib/gcc/riscv64-unknown-elf/10.1.0/rv32i/ilp32/libgcc.a(_clzsi2.o)
 .debug_aranges
                0x0000000000000120       0x18 /opt/riscv/lib/gcc/riscv64-unknown-elf/10.1.0/rv32i/ilp32/libgcc.a(_clz.o)

.debug_ranges   0x0000000000000000      0x348
 .debug_ranges  0x0000000000000000       0x70 /opt/riscv/lib/gcc/riscv64-unknown-elf/10.1.0/rv32i/ilp32/libgcc.a(gesf2.o)
 .debug_ranges  0x0000000000000070       0xa8 /opt/riscv/lib/gcc/riscv64-unknown-elf/10.1.0/rv32i/ilp32/libgcc.a(mulsf3.o)
 .debug_ranges  0x0000000000000118      0x170 /opt/riscv/lib/gcc/riscv64-unknown-elf/10.1.0/rv32i/ilp32/libgcc.a(subsf3.o)
 .debug_ranges  0x0000000000000288       0x18 /opt/riscv/lib/gcc/riscv64-unknown-elf/10.1.0/rv32i/ilp32/libgcc.a(fixsfsi.o)
 .debug_ranges  0x00000000000002a0       0x50 /opt/riscv/lib/gcc/riscv64-unknown-elf/10.1.0/rv32i/ilp32/libgcc.a(floatsisf.o)
 .debug_ranges  0x00000000000002f0       0x38 /opt/riscv/lib/gcc/riscv64-unknown-elf/10.1.0/rv32i/ilp32/libgcc.a(truncdfsf2.o)
 .debug_ranges  0x0000000000000328       0x20 /opt/riscv/lib/gcc/riscv64-unknown-elf/10.1.0/rv32i/ilp32/libgcc.a(_clzsi2.o)

.debug_line     0x0000000000000000     0x2253
 .debug_line    0x0000000000000000      0x2ed /opt/riscv/lib/gcc/riscv64-unknown-elf/10.1.0/rv32i/ilp32/libgcc.a(gesf2.o)
 .debug_line    0x00000000000002ed      0x7f5 /opt/riscv/lib/gcc/riscv64-unknown-elf/10.1.0/rv32i/ilp32/libgcc.a(mulsf3.o)
 .debug_line    0x0000000000000ae2      0xa94 /opt/riscv/lib/gcc/riscv64-unknown-elf/10.1.0/rv32i/ilp32/libgcc.a(subsf3.o)
 .debug_line    0x0000000000001576      0x204 /opt/riscv/lib/gcc/riscv64-unknown-elf/10.1.0/rv32i/ilp32/libgcc.a(fixsfsi.o)
 .debug_line    0x000000000000177a      0x33c /opt/riscv/lib/gcc/riscv64-unknown-elf/10.1.0/rv32i/ilp32/libgcc.a(floatsisf.o)
 .debug_line    0x0000000000001ab6      0x459 /opt/riscv/lib/gcc/riscv64-unknown-elf/10.1.0/rv32i/ilp32/libgcc.a(truncdfsf2.o)
 .debug_line    0x0000000000001f0f       0x98 /opt/riscv/lib/gcc/riscv64-unknown-elf/10.1.0/rv32i/ilp32/libgcc.a(muldi3.o)
 .debug_line    0x0000000000001fa7      0x16e /opt/riscv/lib/gcc/riscv64-unknown-elf/10.1.0/rv32i/ilp32/libgcc.a(div.o)
 .debug_line    0x0000000000002115       0xe5 /opt/riscv/lib/gcc/riscv64-unknown-elf/10.1.0/rv32i/ilp32/libgcc.a(_clzsi2.o)
 .debug_line    0x00000000000021fa       0x59 /opt/riscv/lib/gcc/riscv64-unknown-elf/10.1.0/rv32i/ilp32/libgcc.a(_clz.o)

.debug_str      0x0000000000000000      0x6a1
 .debug_str     0x0000000000000000      0x1fd /opt/riscv/lib/gcc/riscv64-unknown-elf/10.1.0/rv32i/ilp32/libgcc.a(gesf2.o)
                                        0x237 (size before relaxing)
 .debug_str     0x00000000000001fd      0x158 /opt/riscv/lib/gcc/riscv64-unknown-elf/10.1.0/rv32i/ilp32/libgcc.a(mulsf3.o)
                                        0x312 (size before relaxing)
 .debug_str     0x0000000000000355      0x10b /opt/riscv/lib/gcc/riscv64-unknown-elf/10.1.0/rv32i/ilp32/libgcc.a(subsf3.o)
                                        0x2e1 (size before relaxing)
 .debug_str     0x0000000000000460       0x59 /opt/riscv/lib/gcc/riscv64-unknown-elf/10.1.0/rv32i/ilp32/libgcc.a(fixsfsi.o)
                                        0x21a (size before relaxing)
 .debug_str     0x00000000000004b9       0x6f /opt/riscv/lib/gcc/riscv64-unknown-elf/10.1.0/rv32i/ilp32/libgcc.a(floatsisf.o)
                                        0x2ac (size before relaxing)
 .debug_str     0x0000000000000528       0x82 /opt/riscv/lib/gcc/riscv64-unknown-elf/10.1.0/rv32i/ilp32/libgcc.a(truncdfsf2.o)
                                        0x2ae (size before relaxing)
 .debug_str     0x00000000000005aa       0x44 /opt/riscv/lib/gcc/riscv64-unknown-elf/10.1.0/rv32i/ilp32/libgcc.a(muldi3.o)
                                         0x9d (size before relaxing)
 .debug_str     0x00000000000005ee       0x35 /opt/riscv/lib/gcc/riscv64-unknown-elf/10.1.0/rv32i/ilp32/libgcc.a(div.o)
                                         0x9a (size before relaxing)
 .debug_str     0x0000000000000623       0x7e /opt/riscv/lib/gcc/riscv64-unknown-elf/10.1.0/rv32i/ilp32/libgcc.a(_clzsi2.o)
                                        0x227 (size before relaxing)
 .debug_str     0x00000000000006a1      0x20a /opt/riscv/lib/gcc/riscv64-unknown-elf/10.1.0/rv32i/ilp32/libgcc.a(_clz.o)

.debug_frame    0x0000000000000000      0x140
 .debug_frame   0x0000000000000000       0x20 /opt/riscv/lib/gcc/riscv64-unknown-elf/10.1.0/rv32i/ilp32/libgcc.a(gesf2.o)
 .debug_frame   0x0000000000000020       0x48 /opt/riscv/lib/gcc/riscv64-unknown-elf/10.1.0/rv32i/ilp32/libgcc.a(mulsf3.o)
 .debug_frame   0x0000000000000068       0x40 /opt/riscv/lib/gcc/riscv64-unknown-elf/10.1.0/rv32i/ilp32/libgcc.a(subsf3.o)
 .debug_frame   0x00000000000000a8       0x20 /opt/riscv/lib/gcc/riscv64-unknown-elf/10.1.0/rv32i/ilp32/libgcc.a(fixsfsi.o)
 .debug_frame   0x00000000000000c8       0x38 /opt/riscv/lib/gcc/riscv64-unknown-elf/10.1.0/rv32i/ilp32/libgcc.a(floatsisf.o)
 .debug_frame   0x0000000000000100       0x20 /opt/riscv/lib/gcc/riscv64-unknown-elf/10.1.0/rv32i/ilp32/libgcc.a(truncdfsf2.o)
 .debug_frame   0x0000000000000120       0x20 /opt/riscv/lib/gcc/riscv64-unknown-elf/10.1.0/rv32i/ilp32/libgcc.a(_clzsi2.o)
