Archive member included to satisfy reference by file (symbol)

/opt/riscv/lib/gcc/riscv64-unknown-elf/10.1.0/rv32i/ilp32/libgcc.a(div.o)
                              myClib.o (__udivsi3)

Memory Configuration

Name             Origin             Length             Attributes
ram              0x0000000000000000 0x0000000000010000 xrw
*default*        0x0000000000000000 0xffffffffffffffff

Linker script and memory map

LOAD init.o
LOAD init1.o
LOAD main.o
LOAD myClib.o
                0x0000000000010004                __console_addr = 0x10004

.text           0x0000000000000000      0x67c
                [!provide]                        PROVIDE (_stext = .)
 *(.init)
 .init          0x0000000000000000       0x20 init.o
 *(.init.*)
 .init.text0    0x0000000000000020       0x28 init1.o
                0x0000000000000020                textinit
 *(.text)
 .text          0x0000000000000048        0x0 init.o
 .text          0x0000000000000048        0x0 init1.o
 .text          0x0000000000000048        0x0 main.o
 .text          0x0000000000000048      0x580 myClib.o
                0x0000000000000278                write_char(char)
                0x0000000000000290                write_string(char*)
                0x00000000000002f8                _putc(int, int volatile*)
                0x0000000000000304                _puts(char*, unsigned int, int volatile*)
                0x0000000000000328                _strlen(char const*)
                0x0000000000000350                itoa(int, unsigned int, unsigned int, unsigned int, char*, unsigned int)
                0x0000000000000364                printf_impl(int volatile*, char const*, void*)
                0x0000000000000540                addr_printf(int volatile*, char const*, ...)
                0x000000000000057c                _printf(char const*, ...)
 .text          0x00000000000005c8       0xb4 /opt/riscv/lib/gcc/riscv64-unknown-elf/10.1.0/rv32i/ilp32/libgcc.a(div.o)
                0x00000000000005c8                __divsi3
                0x00000000000005d0                __udivsi3
                0x0000000000000618                __umodsi3
                0x000000000000064c                __modsi3
                [!provide]                        PROVIDE (_etext = .)

.text.startup   0x000000000000067c       0xa8
 .text.startup  0x000000000000067c       0xa8 main.o
                0x000000000000067c                main

.vector         0x0000000000000724        0x8
                0x0000000000000724                . = ALIGN (0x4)
                [!provide]                        PROVIDE (_svector = .)
 *(.vector*)
 .vector_section
                0x0000000000000724        0x8 init1.o
                0x0000000000000724                vector
                0x000000000000072c                . = ALIGN (0x4)
                [!provide]                        PROVIDE (_evector = .)

.rodata         0x000000000000072c       0xa4
                0x000000000000072c                . = ALIGN (0x4)
                [!provide]                        PROVIDE (_srodata = .)
 *(.rodata)
 .rodata        0x000000000000072c       0x1e main.o
 *fill*         0x000000000000074a        0x2 
 .rodata        0x000000000000074c       0x84 myClib.o
 *(.rodata.*)
                0x00000000000007d0                . = ALIGN (0x4)
                [!provide]                        PROVIDE (_erodata = .)

.eh_frame       0x00000000000007d0      0x1a0
 .eh_frame      0x00000000000007d0       0x3c init1.o
 .eh_frame      0x000000000000080c       0x20 main.o
                                         0x34 (size before relaxing)
 .eh_frame      0x000000000000082c      0x144 myClib.o
                                        0x158 (size before relaxing)

.rela.dyn       0x0000000000000970        0x0
 .rela.init     0x0000000000000970        0x0 init.o
 .rela.vector_section
                0x0000000000000970        0x0 init.o
 .rela.text.startup
                0x0000000000000970        0x0 init.o
 .rela.text     0x0000000000000970        0x0 init.o

.data           0x0000000000000970        0x0
                0x0000000000000970                . = ALIGN (0x4)
                [!provide]                        PROVIDE (_sdata = .)
 *(.data*)
 .data          0x0000000000000970        0x0 init.o
 .data          0x0000000000000970        0x0 init1.o
 .data          0x0000000000000970        0x0 main.o
 .data          0x0000000000000970        0x0 myClib.o
 .data          0x0000000000000970        0x0 /opt/riscv/lib/gcc/riscv64-unknown-elf/10.1.0/rv32i/ilp32/libgcc.a(div.o)
                0x0000000000000970                . = ALIGN (0x4)
                [!provide]                        PROVIDE (_edata = .)

.bss            0x0000000000000970        0x0
                0x0000000000000970                . = ALIGN (0x4)
                [!provide]                        PROVIDE (_sbss = .)
 *(.bss*)
 .bss           0x0000000000000970        0x0 init.o
 .bss           0x0000000000000970        0x0 init1.o
 .bss           0x0000000000000970        0x0 main.o
 .bss           0x0000000000000970        0x0 myClib.o
 .bss           0x0000000000000970        0x0 /opt/riscv/lib/gcc/riscv64-unknown-elf/10.1.0/rv32i/ilp32/libgcc.a(div.o)
                0x0000000000000970                . = ALIGN (0x4)
                [!provide]                        PROVIDE (_ebss = .)
                0x000000000000fffc                PROVIDE (__sp = ((ORIGIN (ram) + LENGTH (ram)) - 0x4))
LOAD /opt/riscv/lib/gcc/riscv64-unknown-elf/10.1.0/rv32i/ilp32/libgcc.a
OUTPUT(exe elf32-littleriscv)

.riscv.attributes
                0x0000000000000000       0x1c
 .riscv.attributes
                0x0000000000000000       0x1a init.o
 .riscv.attributes
                0x000000000000001a       0x1c init1.o
 .riscv.attributes
                0x0000000000000036       0x1c main.o
 .riscv.attributes
                0x0000000000000052       0x1c myClib.o
 .riscv.attributes
                0x000000000000006e       0x1a /opt/riscv/lib/gcc/riscv64-unknown-elf/10.1.0/rv32i/ilp32/libgcc.a(div.o)

.comment        0x0000000000000000       0x12
 .comment       0x0000000000000000       0x12 init1.o
                                         0x13 (size before relaxing)
 .comment       0x0000000000000012       0x13 main.o
 .comment       0x0000000000000012       0x13 myClib.o

.debug_line     0x0000000000000000      0x16e
 .debug_line    0x0000000000000000      0x16e /opt/riscv/lib/gcc/riscv64-unknown-elf/10.1.0/rv32i/ilp32/libgcc.a(div.o)

.debug_info     0x0000000000000000       0x26
 .debug_info    0x0000000000000000       0x26 /opt/riscv/lib/gcc/riscv64-unknown-elf/10.1.0/rv32i/ilp32/libgcc.a(div.o)

.debug_abbrev   0x0000000000000000       0x14
 .debug_abbrev  0x0000000000000000       0x14 /opt/riscv/lib/gcc/riscv64-unknown-elf/10.1.0/rv32i/ilp32/libgcc.a(div.o)

.debug_aranges  0x0000000000000000       0x20
 .debug_aranges
                0x0000000000000000       0x20 /opt/riscv/lib/gcc/riscv64-unknown-elf/10.1.0/rv32i/ilp32/libgcc.a(div.o)

.debug_str      0x0000000000000000       0x9a
 .debug_str     0x0000000000000000       0x9a /opt/riscv/lib/gcc/riscv64-unknown-elf/10.1.0/rv32i/ilp32/libgcc.a(div.o)
